Archive member included to satisfy reference by file (symbol)

../exampleTest_bsp/\libhal_bsp.a(alt_load.o)
                              ../exampleTest_bsp//obj/HAL/src/crt0.o (alt_load)
../exampleTest_bsp/\libhal_bsp.a(alt_main.o)
                              ../exampleTest_bsp//obj/HAL/src/crt0.o (alt_main)
../exampleTest_bsp/\libhal_bsp.a(alt_putstr.o)
                              obj/default/hello_world_small.o (alt_putstr)
../exampleTest_bsp/\libhal_bsp.a(alt_usleep.o)
                              obj/default/hello_world_small.o (usleep)
../exampleTest_bsp/\libhal_bsp.a(alt_sys_init.o)
                              ../exampleTest_bsp/\libhal_bsp.a(alt_main.o) (alt_irq_init)
../exampleTest_bsp/\libhal_bsp.a(altera_avalon_jtag_uart_write.o)
                              ../exampleTest_bsp/\libhal_bsp.a(alt_putstr.o) (altera_avalon_jtag_uart_write)
../exampleTest_bsp/\libhal_bsp.a(alt_busy_sleep.o)
                              ../exampleTest_bsp/\libhal_bsp.a(alt_usleep.o) (alt_busy_sleep)
../exampleTest_bsp/\libhal_bsp.a(alt_dcache_flush_all.o)
                              ../exampleTest_bsp/\libhal_bsp.a(alt_load.o) (alt_dcache_flush_all)
../exampleTest_bsp/\libhal_bsp.a(alt_icache_flush_all.o)
                              ../exampleTest_bsp/\libhal_bsp.a(alt_load.o) (alt_icache_flush_all)
../exampleTest_bsp/\libhal_bsp.a(altera_nios2_gen2_irq.o)
                              ../exampleTest_bsp/\libhal_bsp.a(alt_sys_init.o) (altera_nios2_gen2_irq_init)
c:/intelfpga_lite/18.1/nios2eds/bin/gnu/h-x86_64-mingw32/bin/../lib/gcc/nios2-elf/5.3.0/../../../../../H-x86_64-mingw32/nios2-elf/lib/mno-hw-mul\libsmallc.a(lib_a-strlen.o)
                              ../exampleTest_bsp/\libhal_bsp.a(alt_putstr.o) (strlen)
c:/intelfpga_lite/18.1/nios2eds/bin/gnu/h-x86_64-mingw32/bin/../lib/gcc/nios2-elf/5.3.0/mno-hw-mul\libgcc.a(lib2-divmod.o)
                              ../exampleTest_bsp/\libhal_bsp.a(alt_busy_sleep.o) (__udivsi3)
c:/intelfpga_lite/18.1/nios2eds/bin/gnu/h-x86_64-mingw32/bin/../lib/gcc/nios2-elf/5.3.0/mno-hw-mul\libgcc.a(lib2-mul.o)
                              ../exampleTest_bsp/\libhal_bsp.a(alt_busy_sleep.o) (__mulsi3)

Memory Configuration

Name             Origin             Length             Attributes
reset            0x0000000000001000 0x0000000000000020
onchip_memory2_0 0x0000000000001020 0x0000000000000fe0
*default*        0x0000000000000000 0xffffffffffffffff

Linker script and memory map

LOAD ../exampleTest_bsp//obj/HAL/src/crt0.o
LOAD obj/default/hello_world_small.o
LOAD c:/intelfpga_lite/18.1/nios2eds/bin/gnu/h-x86_64-mingw32/bin/../lib/gcc/nios2-elf/5.3.0/../../../../../H-x86_64-mingw32/nios2-elf/lib/mno-hw-mul\libstdc++.a
LOAD c:/intelfpga_lite/18.1/nios2eds/bin/gnu/h-x86_64-mingw32/bin/../lib/gcc/nios2-elf/5.3.0/../../../../../H-x86_64-mingw32/nios2-elf/lib/mno-hw-mul\libm.a
LOAD c:/intelfpga_lite/18.1/nios2eds/bin/gnu/h-x86_64-mingw32/bin/../lib/gcc/nios2-elf/5.3.0/mno-hw-mul\libgcc.a
START GROUP
LOAD c:/intelfpga_lite/18.1/nios2eds/bin/gnu/h-x86_64-mingw32/bin/../lib/gcc/nios2-elf/5.3.0/../../../../../H-x86_64-mingw32/nios2-elf/lib/mno-hw-mul\libsmallc.a
LOAD c:/intelfpga_lite/18.1/nios2eds/bin/gnu/h-x86_64-mingw32/bin/../lib/gcc/nios2-elf/5.3.0/mno-hw-mul\libgcc.a
LOAD ../exampleTest_bsp/\libhal_bsp.a
LOAD c:/intelfpga_lite/18.1/nios2eds/bin/gnu/h-x86_64-mingw32/bin/../lib/gcc/nios2-elf/5.3.0/../../../../../H-x86_64-mingw32/nios2-elf/lib/mno-hw-mul\libm.a
END GROUP
LOAD c:/intelfpga_lite/18.1/nios2eds/bin/gnu/h-x86_64-mingw32/bin/../lib/gcc/nios2-elf/5.3.0/mno-hw-mul\libgcc.a
                0x0000000000001000                __alt_mem_onchip_memory2_0 = 0x1000

.entry          0x0000000000001000       0x20
 *(.entry)
 .entry         0x0000000000001000       0x20 ../exampleTest_bsp//obj/HAL/src/crt0.o
                0x0000000000001000                __reset
                0x000000000000100c                _exit

.exceptions     0x0000000000001020        0x0
                0x0000000000001020                PROVIDE (__ram_exceptions_start, ABSOLUTE (.))
                0x0000000000001020                . = ALIGN (0x20)
 *(.irq)
 *(.exceptions.entry.label)
 *(.exceptions.entry.user)
 *(.exceptions.entry.ecc_fatal)
 *(.exceptions.entry)
 *(.exceptions.irqtest.user)
 *(.exceptions.irqtest)
 *(.exceptions.irqhandler.user)
 *(.exceptions.irqhandler)
 *(.exceptions.irqreturn.user)
 *(.exceptions.irqreturn)
 *(.exceptions.notirq.label)
 *(.exceptions.notirq.user)
 *(.exceptions.notirq)
 *(.exceptions.soft.user)
 *(.exceptions.soft)
 *(.exceptions.unknown.user)
 *(.exceptions.unknown)
 *(.exceptions.exit.label)
 *(.exceptions.exit.user)
 *(.exceptions.exit)
 *(.exceptions)
                0x0000000000001020                PROVIDE (__ram_exceptions_end, ABSOLUTE (.))
                0x0000000000001020                PROVIDE (__flash_exceptions_start, LOADADDR (.exceptions))

.text           0x0000000000001020      0x4c4
                [!provide]                        PROVIDE (stext, ABSOLUTE (.))
 *(.interp)
 *(.hash)
 *(.dynsym)
 *(.dynstr)
 *(.gnu.version)
 *(.gnu.version_d)
 *(.gnu.version_r)
 *(.rel.init)
 *(.rela.init)
 *(.rel.text .rel.text.* .rel.gnu.linkonce.t.*)
 *(.rela.text .rela.text.* .rela.gnu.linkonce.t.*)
 *(.rel.fini)
 *(.rela.fini)
 *(.rel.rodata .rel.rodata.* .rel.gnu.linkonce.r.*)
 *(.rela.rodata .rela.rodata.* .rela.gnu.linkonce.r.*)
 *(.rel.data .rel.data.* .rel.gnu.linkonce.d.*)
 *(.rela.data .rela.data.* .rela.gnu.linkonce.d.*)
 *(.rel.tdata .rel.tdata.* .rel.gnu.linkonce.td.*)
 *(.rela.tdata .rela.tdata.* .rela.gnu.linkonce.td.*)
 *(.rel.tbss .rel.tbss.* .rel.gnu.linkonce.tb.*)
 *(.rela.tbss .rela.tbss.* .rela.gnu.linkonce.tb.*)
 *(.rel.ctors)
 *(.rela.ctors)
 *(.rel.dtors)
 *(.rela.dtors)
 *(.rel.got)
 *(.rela.got)
 *(.rel.sdata .rel.sdata.* .rel.gnu.linkonce.s.*)
 *(.rela.sdata .rela.sdata.* .rela.gnu.linkonce.s.*)
 *(.rel.sbss .rel.sbss.* .rel.gnu.linkonce.sb.*)
 *(.rela.sbss .rela.sbss.* .rela.gnu.linkonce.sb.*)
 *(.rel.sdata2 .rel.sdata2.* .rel.gnu.linkonce.s2.*)
 *(.rela.sdata2 .rela.sdata2.* .rela.gnu.linkonce.s2.*)
 *(.rel.sbss2 .rel.sbss2.* .rel.gnu.linkonce.sb2.*)
 *(.rela.sbss2 .rela.sbss2.* .rela.gnu.linkonce.sb2.*)
 *(.rel.bss .rel.bss.* .rel.gnu.linkonce.b.*)
 *(.rela.bss .rela.bss.* .rela.gnu.linkonce.b.*)
 *(.rel.plt)
 *(.rela.plt)
 *(.rel.dyn)
 *(.init)
 *(.plt)
 *(.text .stub .text.* .gnu.linkonce.t.*)
 .text          0x0000000000001020       0x3c ../exampleTest_bsp//obj/HAL/src/crt0.o
                0x0000000000001020                _start
 .text          0x000000000000105c        0x0 obj/default/hello_world_small.o
 .text.startup  0x000000000000105c       0x58 obj/default/hello_world_small.o
                0x000000000000105c                main
 .text          0x00000000000010b4       0xe0 ../exampleTest_bsp/\libhal_bsp.a(alt_load.o)
                0x00000000000010b4                alt_load
 .text          0x0000000000001194       0x2c ../exampleTest_bsp/\libhal_bsp.a(alt_main.o)
                0x0000000000001194                alt_main
 .text          0x00000000000011c0       0x38 ../exampleTest_bsp/\libhal_bsp.a(alt_putstr.o)
                0x00000000000011c0                alt_putstr
 .text          0x00000000000011f8        0x4 ../exampleTest_bsp/\libhal_bsp.a(alt_usleep.o)
                0x00000000000011f8                usleep
 .text          0x00000000000011fc       0x24 ../exampleTest_bsp/\libhal_bsp.a(alt_sys_init.o)
                0x00000000000011fc                alt_irq_init
                0x000000000000121c                alt_sys_init
 .text          0x0000000000001220       0x34 ../exampleTest_bsp/\libhal_bsp.a(altera_avalon_jtag_uart_write.o)
                0x0000000000001220                altera_avalon_jtag_uart_write
 .text          0x0000000000001254       0x88 ../exampleTest_bsp/\libhal_bsp.a(alt_busy_sleep.o)
                0x0000000000001254                alt_busy_sleep
 .text          0x00000000000012dc        0x4 ../exampleTest_bsp/\libhal_bsp.a(alt_dcache_flush_all.o)
                0x00000000000012dc                alt_dcache_flush_all
 .text          0x00000000000012e0        0x4 ../exampleTest_bsp/\libhal_bsp.a(alt_icache_flush_all.o)
                0x00000000000012e0                alt_icache_flush_all
 .text          0x00000000000012e4        0x8 ../exampleTest_bsp/\libhal_bsp.a(altera_nios2_gen2_irq.o)
                0x00000000000012e4                altera_nios2_gen2_irq_init
 .text          0x00000000000012ec        0x0 c:/intelfpga_lite/18.1/nios2eds/bin/gnu/h-x86_64-mingw32/bin/../lib/gcc/nios2-elf/5.3.0/../../../../../H-x86_64-mingw32/nios2-elf/lib/mno-hw-mul\libsmallc.a(lib_a-strlen.o)
 .text.strlen   0x00000000000012ec       0x1c c:/intelfpga_lite/18.1/nios2eds/bin/gnu/h-x86_64-mingw32/bin/../lib/gcc/nios2-elf/5.3.0/../../../../../H-x86_64-mingw32/nios2-elf/lib/mno-hw-mul\libsmallc.a(lib_a-strlen.o)
                0x00000000000012ec                strlen
 .text          0x0000000000001308      0x1b4 c:/intelfpga_lite/18.1/nios2eds/bin/gnu/h-x86_64-mingw32/bin/../lib/gcc/nios2-elf/5.3.0/mno-hw-mul\libgcc.a(lib2-divmod.o)
                0x0000000000001308                __divsi3
                0x000000000000138c                __modsi3
                0x0000000000001400                __udivsi3
                0x0000000000001464                __umodsi3
 .text          0x00000000000014bc       0x28 c:/intelfpga_lite/18.1/nios2eds/bin/gnu/h-x86_64-mingw32/bin/../lib/gcc/nios2-elf/5.3.0/mno-hw-mul\libgcc.a(lib2-mul.o)
                0x00000000000014bc                __mulsi3
 *(.gnu.warning.*)
 *(.fini)
                [!provide]                        PROVIDE (__etext, ABSOLUTE (.))
                [!provide]                        PROVIDE (_etext, ABSOLUTE (.))
                [!provide]                        PROVIDE (etext, ABSOLUTE (.))
 *(.eh_frame_hdr)
                0x00000000000014e4                . = ALIGN (0x4)
                [!provide]                        PROVIDE (__preinit_array_start, ABSOLUTE (.))
 *(.preinit_array)
                [!provide]                        PROVIDE (__preinit_array_end, ABSOLUTE (.))
                [!provide]                        PROVIDE (__init_array_start, ABSOLUTE (.))
 *(.init_array)
                [!provide]                        PROVIDE (__init_array_end, ABSOLUTE (.))
                [!provide]                        PROVIDE (__fini_array_start, ABSOLUTE (.))
 *(.fini_array)
                [!provide]                        PROVIDE (__fini_array_end, ABSOLUTE (.))
 *(.eh_frame)
 *(.gcc_except_table .gcc_except_table.*)
 *(.dynamic)
                [!provide]                        PROVIDE (__CTOR_LIST__, ABSOLUTE (.))
 *(.ctors)
 *(SORT(.ctors.*))
                [!provide]                        PROVIDE (__CTOR_END__, ABSOLUTE (.))
                [!provide]                        PROVIDE (__DTOR_LIST__, ABSOLUTE (.))
 *(.dtors)
 *(SORT(.dtors.*))
                [!provide]                        PROVIDE (__DTOR_END__, ABSOLUTE (.))
 *(.jcr)
                0x00000000000014e4                . = ALIGN (0x4)

.rodata         0x00000000000014e4       0x18
                0x00000000000014e4                PROVIDE (__ram_rodata_start, ABSOLUTE (.))
                0x00000000000014e4                . = ALIGN (0x4)
 *(.rodata .rodata.* .gnu.linkonce.r.*)
 .rodata.str1.4
                0x00000000000014e4       0x18 obj/default/hello_world_small.o
                                         0x15 (size before relaxing)
 *(.rodata1)
                0x00000000000014fc                . = ALIGN (0x4)
                0x00000000000014fc                PROVIDE (__ram_rodata_end, ABSOLUTE (.))
                0x00000000000014e4                PROVIDE (__flash_rodata_start, LOADADDR (.rodata))

.rwdata         0x00000000000014fc        0x4 load address 0x0000000000001500
                0x00000000000014fc                PROVIDE (__ram_rwdata_start, ABSOLUTE (.))
                0x00000000000014fc                . = ALIGN (0x4)
 *(.got.plt)
 *(.got)
 *(.data1)
 *(.data .data.* .gnu.linkonce.d.*)
 .data          0x00000000000014fc        0x0 ../exampleTest_bsp//obj/HAL/src/crt0.o
 .data          0x00000000000014fc        0x0 obj/default/hello_world_small.o
 .data          0x00000000000014fc        0x0 ../exampleTest_bsp/\libhal_bsp.a(alt_load.o)
 .data          0x00000000000014fc        0x0 ../exampleTest_bsp/\libhal_bsp.a(alt_main.o)
 .data          0x00000000000014fc        0x0 ../exampleTest_bsp/\libhal_bsp.a(alt_putstr.o)
 .data          0x00000000000014fc        0x0 ../exampleTest_bsp/\libhal_bsp.a(alt_usleep.o)
 .data          0x00000000000014fc        0x0 ../exampleTest_bsp/\libhal_bsp.a(alt_sys_init.o)
 .data          0x00000000000014fc        0x0 ../exampleTest_bsp/\libhal_bsp.a(altera_avalon_jtag_uart_write.o)
 .data          0x00000000000014fc        0x0 ../exampleTest_bsp/\libhal_bsp.a(alt_busy_sleep.o)
 .data          0x00000000000014fc        0x0 ../exampleTest_bsp/\libhal_bsp.a(alt_dcache_flush_all.o)
 .data          0x00000000000014fc        0x0 ../exampleTest_bsp/\libhal_bsp.a(alt_icache_flush_all.o)
 .data          0x00000000000014fc        0x0 ../exampleTest_bsp/\libhal_bsp.a(altera_nios2_gen2_irq.o)
 .data          0x00000000000014fc        0x0 c:/intelfpga_lite/18.1/nios2eds/bin/gnu/h-x86_64-mingw32/bin/../lib/gcc/nios2-elf/5.3.0/../../../../../H-x86_64-mingw32/nios2-elf/lib/mno-hw-mul\libsmallc.a(lib_a-strlen.o)
 .data          0x00000000000014fc        0x0 c:/intelfpga_lite/18.1/nios2eds/bin/gnu/h-x86_64-mingw32/bin/../lib/gcc/nios2-elf/5.3.0/mno-hw-mul\libgcc.a(lib2-divmod.o)
 .data          0x00000000000014fc        0x0 c:/intelfpga_lite/18.1/nios2eds/bin/gnu/h-x86_64-mingw32/bin/../lib/gcc/nios2-elf/5.3.0/mno-hw-mul\libgcc.a(lib2-mul.o)
                0x00000000000094fc                _gp = ABSOLUTE ((. + 0x8000))
                [!provide]                        PROVIDE (gp, _gp)
 *(.rwdata .rwdata.*)
 *(.sdata .sdata.* .gnu.linkonce.s.*)
 .sdata         0x00000000000014fc        0x4 ../exampleTest_bsp/\libhal_bsp.a(alt_sys_init.o)
                0x00000000000014fc                jtag_uart_0
 *(.sdata2 .sdata2.* .gnu.linkonce.s2.*)
                0x0000000000001500                . = ALIGN (0x4)
                0x0000000000001500                _edata = ABSOLUTE (.)
                [!provide]                        PROVIDE (edata, ABSOLUTE (.))
                0x0000000000001500                PROVIDE (__ram_rwdata_end, ABSOLUTE (.))
                0x0000000000001500                PROVIDE (__flash_rwdata_start, LOADADDR (.rwdata))

.bss            0x0000000000001504        0xc
                0x0000000000001504                __bss_start = ABSOLUTE (.)
                [!provide]                        PROVIDE (__sbss_start, ABSOLUTE (.))
                [!provide]                        PROVIDE (___sbss_start, ABSOLUTE (.))
 *(.dynsbss)
 *(.sbss .sbss.* .gnu.linkonce.sb.*)
 .sbss          0x0000000000001504        0xc ../exampleTest_bsp/\libhal_bsp.a(alt_main.o)
                0x0000000000001504                alt_envp
                0x0000000000001508                alt_argv
                0x000000000000150c                alt_argc
 *(.sbss2 .sbss2.* .gnu.linkonce.sb2.*)
 *(.scommon)
                [!provide]                        PROVIDE (__sbss_end, ABSOLUTE (.))
                [!provide]                        PROVIDE (___sbss_end, ABSOLUTE (.))
 *(.dynbss)
 *(.bss .bss.* .gnu.linkonce.b.*)
 .bss           0x0000000000001510        0x0 ../exampleTest_bsp//obj/HAL/src/crt0.o
 .bss           0x0000000000001510        0x0 obj/default/hello_world_small.o
 .bss           0x0000000000001510        0x0 ../exampleTest_bsp/\libhal_bsp.a(alt_load.o)
 .bss           0x0000000000001510        0x0 ../exampleTest_bsp/\libhal_bsp.a(alt_main.o)
 .bss           0x0000000000001510        0x0 ../exampleTest_bsp/\libhal_bsp.a(alt_putstr.o)
 .bss           0x0000000000001510        0x0 ../exampleTest_bsp/\libhal_bsp.a(alt_usleep.o)
 .bss           0x0000000000001510        0x0 ../exampleTest_bsp/\libhal_bsp.a(alt_sys_init.o)
 .bss           0x0000000000001510        0x0 ../exampleTest_bsp/\libhal_bsp.a(altera_avalon_jtag_uart_write.o)
 .bss           0x0000000000001510        0x0 ../exampleTest_bsp/\libhal_bsp.a(alt_busy_sleep.o)
 .bss           0x0000000000001510        0x0 ../exampleTest_bsp/\libhal_bsp.a(alt_dcache_flush_all.o)
 .bss           0x0000000000001510        0x0 ../exampleTest_bsp/\libhal_bsp.a(alt_icache_flush_all.o)
 .bss           0x0000000000001510        0x0 ../exampleTest_bsp/\libhal_bsp.a(altera_nios2_gen2_irq.o)
 .bss           0x0000000000001510        0x0 c:/intelfpga_lite/18.1/nios2eds/bin/gnu/h-x86_64-mingw32/bin/../lib/gcc/nios2-elf/5.3.0/../../../../../H-x86_64-mingw32/nios2-elf/lib/mno-hw-mul\libsmallc.a(lib_a-strlen.o)
 .bss           0x0000000000001510        0x0 c:/intelfpga_lite/18.1/nios2eds/bin/gnu/h-x86_64-mingw32/bin/../lib/gcc/nios2-elf/5.3.0/mno-hw-mul\libgcc.a(lib2-divmod.o)
 .bss           0x0000000000001510        0x0 c:/intelfpga_lite/18.1/nios2eds/bin/gnu/h-x86_64-mingw32/bin/../lib/gcc/nios2-elf/5.3.0/mno-hw-mul\libgcc.a(lib2-mul.o)
 *(COMMON)
                0x0000000000001510                . = ALIGN (0x4)
                0x0000000000001510                __bss_end = ABSOLUTE (.)

.onchip_memory2_0
                0x0000000000001510        0x0
                [!provide]                        PROVIDE (_alt_partition_onchip_memory2_0_start, ABSOLUTE (.))
 *(.onchip_memory2_0 .onchip_memory2_0. onchip_memory2_0.*)
                0x0000000000001510                . = ALIGN (0x4)
                [!provide]                        PROVIDE (_alt_partition_onchip_memory2_0_end, ABSOLUTE (.))
                0x0000000000001510                _end = ABSOLUTE (.)
                0x0000000000001510                end = ABSOLUTE (.)
                0x0000000000001510                __alt_stack_base = ABSOLUTE (.)
                [!provide]                        PROVIDE (_alt_partition_onchip_memory2_0_load_addr, LOADADDR (.onchip_memory2_0))

.stab
 *(.stab)

.stabstr
 *(.stabstr)

.stab.excl
 *(.stab.excl)

.stab.exclstr
 *(.stab.exclstr)

.stab.index
 *(.stab.index)

.stab.indexstr
 *(.stab.indexstr)

.comment        0x0000000000000000       0x23
 *(.comment)
 .comment       0x0000000000000000       0x23 obj/default/hello_world_small.o
                                         0x24 (size before relaxing)
 .comment       0x0000000000000023       0x24 ../exampleTest_bsp/\libhal_bsp.a(alt_load.o)
 .comment       0x0000000000000023       0x24 ../exampleTest_bsp/\libhal_bsp.a(alt_main.o)
 .comment       0x0000000000000023       0x24 ../exampleTest_bsp/\libhal_bsp.a(alt_putstr.o)
 .comment       0x0000000000000023       0x24 ../exampleTest_bsp/\libhal_bsp.a(alt_usleep.o)
 .comment       0x0000000000000023       0x24 ../exampleTest_bsp/\libhal_bsp.a(alt_sys_init.o)
 .comment       0x0000000000000023       0x24 ../exampleTest_bsp/\libhal_bsp.a(altera_avalon_jtag_uart_write.o)
 .comment       0x0000000000000023       0x24 ../exampleTest_bsp/\libhal_bsp.a(alt_busy_sleep.o)
 .comment       0x0000000000000023       0x24 ../exampleTest_bsp/\libhal_bsp.a(alt_dcache_flush_all.o)
 .comment       0x0000000000000023       0x24 ../exampleTest_bsp/\libhal_bsp.a(alt_icache_flush_all.o)
 .comment       0x0000000000000023       0x24 ../exampleTest_bsp/\libhal_bsp.a(altera_nios2_gen2_irq.o)
 .comment       0x0000000000000023       0x24 c:/intelfpga_lite/18.1/nios2eds/bin/gnu/h-x86_64-mingw32/bin/../lib/gcc/nios2-elf/5.3.0/../../../../../H-x86_64-mingw32/nios2-elf/lib/mno-hw-mul\libsmallc.a(lib_a-strlen.o)
 .comment       0x0000000000000023       0x24 c:/intelfpga_lite/18.1/nios2eds/bin/gnu/h-x86_64-mingw32/bin/../lib/gcc/nios2-elf/5.3.0/mno-hw-mul\libgcc.a(lib2-divmod.o)
 .comment       0x0000000000000023       0x24 c:/intelfpga_lite/18.1/nios2eds/bin/gnu/h-x86_64-mingw32/bin/../lib/gcc/nios2-elf/5.3.0/mno-hw-mul\libgcc.a(lib2-mul.o)

.debug
 *(.debug)

.line
 *(.line)

.debug_srcinfo
 *(.debug_srcinfo)

.debug_sfnames
 *(.debug_sfnames)

.debug_aranges  0x0000000000000000      0x1e8
 *(.debug_aranges)
 .debug_aranges
                0x0000000000000000       0x28 ../exampleTest_bsp//obj/HAL/src/crt0.o
 .debug_aranges
                0x0000000000000028       0x20 obj/default/hello_world_small.o
 .debug_aranges
                0x0000000000000048       0x20 ../exampleTest_bsp/\libhal_bsp.a(alt_load.o)
 .debug_aranges
                0x0000000000000068       0x20 ../exampleTest_bsp/\libhal_bsp.a(alt_main.o)
 .debug_aranges
                0x0000000000000088       0x20 ../exampleTest_bsp/\libhal_bsp.a(alt_putstr.o)
 .debug_aranges
                0x00000000000000a8       0x20 ../exampleTest_bsp/\libhal_bsp.a(alt_usleep.o)
 .debug_aranges
                0x00000000000000c8       0x20 ../exampleTest_bsp/\libhal_bsp.a(alt_sys_init.o)
 .debug_aranges
                0x00000000000000e8       0x20 ../exampleTest_bsp/\libhal_bsp.a(altera_avalon_jtag_uart_write.o)
 .debug_aranges
                0x0000000000000108       0x20 ../exampleTest_bsp/\libhal_bsp.a(alt_busy_sleep.o)
 .debug_aranges
                0x0000000000000128       0x20 ../exampleTest_bsp/\libhal_bsp.a(alt_dcache_flush_all.o)
 .debug_aranges
                0x0000000000000148       0x20 ../exampleTest_bsp/\libhal_bsp.a(alt_icache_flush_all.o)
 .debug_aranges
                0x0000000000000168       0x20 ../exampleTest_bsp/\libhal_bsp.a(altera_nios2_gen2_irq.o)
 .debug_aranges
                0x0000000000000188       0x20 c:/intelfpga_lite/18.1/nios2eds/bin/gnu/h-x86_64-mingw32/bin/../lib/gcc/nios2-elf/5.3.0/../../../../../H-x86_64-mingw32/nios2-elf/lib/mno-hw-mul\libsmallc.a(lib_a-strlen.o)
 .debug_aranges
                0x00000000000001a8       0x20 c:/intelfpga_lite/18.1/nios2eds/bin/gnu/h-x86_64-mingw32/bin/../lib/gcc/nios2-elf/5.3.0/mno-hw-mul\libgcc.a(lib2-divmod.o)
 .debug_aranges
                0x00000000000001c8       0x20 c:/intelfpga_lite/18.1/nios2eds/bin/gnu/h-x86_64-mingw32/bin/../lib/gcc/nios2-elf/5.3.0/mno-hw-mul\libgcc.a(lib2-mul.o)

.debug_pubnames
 *(.debug_pubnames)

.debug_info     0x0000000000000000     0x10db
 *(.debug_info .gnu.linkonce.wi.*)
 .debug_info    0x0000000000000000       0x7e ../exampleTest_bsp//obj/HAL/src/crt0.o
 .debug_info    0x000000000000007e      0x11b obj/default/hello_world_small.o
 .debug_info    0x0000000000000199      0x1c9 ../exampleTest_bsp/\libhal_bsp.a(alt_load.o)
 .debug_info    0x0000000000000362      0x169 ../exampleTest_bsp/\libhal_bsp.a(alt_main.o)
 .debug_info    0x00000000000004cb      0x13a ../exampleTest_bsp/\libhal_bsp.a(alt_putstr.o)
 .debug_info    0x0000000000000605       0xd1 ../exampleTest_bsp/\libhal_bsp.a(alt_usleep.o)
 .debug_info    0x00000000000006d6      0x19d ../exampleTest_bsp/\libhal_bsp.a(alt_sys_init.o)
 .debug_info    0x0000000000000873      0x197 ../exampleTest_bsp/\libhal_bsp.a(altera_avalon_jtag_uart_write.o)
 .debug_info    0x0000000000000a0a       0xd8 ../exampleTest_bsp/\libhal_bsp.a(alt_busy_sleep.o)
 .debug_info    0x0000000000000ae2       0x92 ../exampleTest_bsp/\libhal_bsp.a(alt_dcache_flush_all.o)
 .debug_info    0x0000000000000b74       0x92 ../exampleTest_bsp/\libhal_bsp.a(alt_icache_flush_all.o)
 .debug_info    0x0000000000000c06       0x92 ../exampleTest_bsp/\libhal_bsp.a(altera_nios2_gen2_irq.o)
 .debug_info    0x0000000000000c98       0xc9 c:/intelfpga_lite/18.1/nios2eds/bin/gnu/h-x86_64-mingw32/bin/../lib/gcc/nios2-elf/5.3.0/../../../../../H-x86_64-mingw32/nios2-elf/lib/mno-hw-mul\libsmallc.a(lib_a-strlen.o)
 .debug_info    0x0000000000000d61      0x2c6 c:/intelfpga_lite/18.1/nios2eds/bin/gnu/h-x86_64-mingw32/bin/../lib/gcc/nios2-elf/5.3.0/mno-hw-mul\libgcc.a(lib2-divmod.o)
 .debug_info    0x0000000000001027       0xb4 c:/intelfpga_lite/18.1/nios2eds/bin/gnu/h-x86_64-mingw32/bin/../lib/gcc/nios2-elf/5.3.0/mno-hw-mul\libgcc.a(lib2-mul.o)

.debug_abbrev   0x0000000000000000      0x935
 *(.debug_abbrev)
 .debug_abbrev  0x0000000000000000       0x12 ../exampleTest_bsp//obj/HAL/src/crt0.o
 .debug_abbrev  0x0000000000000012       0xcb obj/default/hello_world_small.o
 .debug_abbrev  0x00000000000000dd       0xd8 ../exampleTest_bsp/\libhal_bsp.a(alt_load.o)
 .debug_abbrev  0x00000000000001b5       0xee ../exampleTest_bsp/\libhal_bsp.a(alt_main.o)
 .debug_abbrev  0x00000000000002a3       0xd3 ../exampleTest_bsp/\libhal_bsp.a(alt_putstr.o)
 .debug_abbrev  0x0000000000000376       0x8d ../exampleTest_bsp/\libhal_bsp.a(alt_usleep.o)
 .debug_abbrev  0x0000000000000403      0x10e ../exampleTest_bsp/\libhal_bsp.a(alt_sys_init.o)
 .debug_abbrev  0x0000000000000511       0xd5 ../exampleTest_bsp/\libhal_bsp.a(altera_avalon_jtag_uart_write.o)
 .debug_abbrev  0x00000000000005e6       0x8d ../exampleTest_bsp/\libhal_bsp.a(alt_busy_sleep.o)
 .debug_abbrev  0x0000000000000673       0x42 ../exampleTest_bsp/\libhal_bsp.a(alt_dcache_flush_all.o)
 .debug_abbrev  0x00000000000006b5       0x42 ../exampleTest_bsp/\libhal_bsp.a(alt_icache_flush_all.o)
 .debug_abbrev  0x00000000000006f7       0x42 ../exampleTest_bsp/\libhal_bsp.a(altera_nios2_gen2_irq.o)
 .debug_abbrev  0x0000000000000739       0x7f c:/intelfpga_lite/18.1/nios2eds/bin/gnu/h-x86_64-mingw32/bin/../lib/gcc/nios2-elf/5.3.0/../../../../../H-x86_64-mingw32/nios2-elf/lib/mno-hw-mul\libsmallc.a(lib_a-strlen.o)
 .debug_abbrev  0x00000000000007b8      0x10e c:/intelfpga_lite/18.1/nios2eds/bin/gnu/h-x86_64-mingw32/bin/../lib/gcc/nios2-elf/5.3.0/mno-hw-mul\libgcc.a(lib2-divmod.o)
 .debug_abbrev  0x00000000000008c6       0x6f c:/intelfpga_lite/18.1/nios2eds/bin/gnu/h-x86_64-mingw32/bin/../lib/gcc/nios2-elf/5.3.0/mno-hw-mul\libgcc.a(lib2-mul.o)

.debug_line     0x0000000000000000      0xa40
 *(.debug_line)
 .debug_line    0x0000000000000000       0x66 ../exampleTest_bsp//obj/HAL/src/crt0.o
 .debug_line    0x0000000000000066       0x7e obj/default/hello_world_small.o
 .debug_line    0x00000000000000e4       0xa4 ../exampleTest_bsp/\libhal_bsp.a(alt_load.o)
 .debug_line    0x0000000000000188       0xbd ../exampleTest_bsp/\libhal_bsp.a(alt_main.o)
 .debug_line    0x0000000000000245       0xa0 ../exampleTest_bsp/\libhal_bsp.a(alt_putstr.o)
 .debug_line    0x00000000000002e5       0xcf ../exampleTest_bsp/\libhal_bsp.a(alt_usleep.o)
 .debug_line    0x00000000000003b4      0x11a ../exampleTest_bsp/\libhal_bsp.a(alt_sys_init.o)
 .debug_line    0x00000000000004ce       0xf0 ../exampleTest_bsp/\libhal_bsp.a(altera_avalon_jtag_uart_write.o)
 .debug_line    0x00000000000005be       0xb5 ../exampleTest_bsp/\libhal_bsp.a(alt_busy_sleep.o)
 .debug_line    0x0000000000000673       0x4e ../exampleTest_bsp/\libhal_bsp.a(alt_dcache_flush_all.o)
 .debug_line    0x00000000000006c1       0x4e ../exampleTest_bsp/\libhal_bsp.a(alt_icache_flush_all.o)
 .debug_line    0x000000000000070f       0x50 ../exampleTest_bsp/\libhal_bsp.a(altera_nios2_gen2_irq.o)
 .debug_line    0x000000000000075f      0x15c c:/intelfpga_lite/18.1/nios2eds/bin/gnu/h-x86_64-mingw32/bin/../lib/gcc/nios2-elf/5.3.0/../../../../../H-x86_64-mingw32/nios2-elf/lib/mno-hw-mul\libsmallc.a(lib_a-strlen.o)
 .debug_line    0x00000000000008bb      0x105 c:/intelfpga_lite/18.1/nios2eds/bin/gnu/h-x86_64-mingw32/bin/../lib/gcc/nios2-elf/5.3.0/mno-hw-mul\libgcc.a(lib2-divmod.o)
 .debug_line    0x00000000000009c0       0x80 c:/intelfpga_lite/18.1/nios2eds/bin/gnu/h-x86_64-mingw32/bin/../lib/gcc/nios2-elf/5.3.0/mno-hw-mul\libgcc.a(lib2-mul.o)

.debug_frame    0x0000000000000000      0x254
 *(.debug_frame)
 .debug_frame   0x0000000000000000       0x2c obj/default/hello_world_small.o
 .debug_frame   0x000000000000002c       0x30 ../exampleTest_bsp/\libhal_bsp.a(alt_load.o)
 .debug_frame   0x000000000000005c       0x2c ../exampleTest_bsp/\libhal_bsp.a(alt_main.o)
 .debug_frame   0x0000000000000088       0x30 ../exampleTest_bsp/\libhal_bsp.a(alt_putstr.o)
 .debug_frame   0x00000000000000b8       0x20 ../exampleTest_bsp/\libhal_bsp.a(alt_usleep.o)
 .debug_frame   0x00000000000000d8       0x3c ../exampleTest_bsp/\libhal_bsp.a(alt_sys_init.o)
 .debug_frame   0x0000000000000114       0x20 ../exampleTest_bsp/\libhal_bsp.a(altera_avalon_jtag_uart_write.o)
 .debug_frame   0x0000000000000134       0x30 ../exampleTest_bsp/\libhal_bsp.a(alt_busy_sleep.o)
 .debug_frame   0x0000000000000164       0x20 ../exampleTest_bsp/\libhal_bsp.a(alt_dcache_flush_all.o)
 .debug_frame   0x0000000000000184       0x20 ../exampleTest_bsp/\libhal_bsp.a(alt_icache_flush_all.o)
 .debug_frame   0x00000000000001a4       0x20 ../exampleTest_bsp/\libhal_bsp.a(altera_nios2_gen2_irq.o)
 .debug_frame   0x00000000000001c4       0x20 c:/intelfpga_lite/18.1/nios2eds/bin/gnu/h-x86_64-mingw32/bin/../lib/gcc/nios2-elf/5.3.0/../../../../../H-x86_64-mingw32/nios2-elf/lib/mno-hw-mul\libsmallc.a(lib_a-strlen.o)
 .debug_frame   0x00000000000001e4       0x50 c:/intelfpga_lite/18.1/nios2eds/bin/gnu/h-x86_64-mingw32/bin/../lib/gcc/nios2-elf/5.3.0/mno-hw-mul\libgcc.a(lib2-divmod.o)
 .debug_frame   0x0000000000000234       0x20 c:/intelfpga_lite/18.1/nios2eds/bin/gnu/h-x86_64-mingw32/bin/../lib/gcc/nios2-elf/5.3.0/mno-hw-mul\libgcc.a(lib2-mul.o)

.debug_str      0x0000000000000000      0x832
 *(.debug_str)
 .debug_str     0x0000000000000000      0x11f obj/default/hello_world_small.o
                                        0x15d (size before relaxing)
 .debug_str     0x000000000000011f      0x165 ../exampleTest_bsp/\libhal_bsp.a(alt_load.o)
                                        0x24c (size before relaxing)
 .debug_str     0x0000000000000284       0x8f ../exampleTest_bsp/\libhal_bsp.a(alt_main.o)
                                        0x1c5 (size before relaxing)
 .debug_str     0x0000000000000313       0x66 ../exampleTest_bsp/\libhal_bsp.a(alt_putstr.o)
                                        0x1a2 (size before relaxing)
 .debug_str     0x0000000000000379       0x2f ../exampleTest_bsp/\libhal_bsp.a(alt_usleep.o)
                                        0x167 (size before relaxing)
 .debug_str     0x00000000000003a8       0xb9 ../exampleTest_bsp/\libhal_bsp.a(alt_sys_init.o)
                                        0x26e (size before relaxing)
 .debug_str     0x0000000000000461       0x3f ../exampleTest_bsp/\libhal_bsp.a(altera_avalon_jtag_uart_write.o)
                                        0x225 (size before relaxing)
 .debug_str     0x00000000000004a0       0x33 ../exampleTest_bsp/\libhal_bsp.a(alt_busy_sleep.o)
                                        0x17b (size before relaxing)
 .debug_str     0x00000000000004d3       0x1f ../exampleTest_bsp/\libhal_bsp.a(alt_dcache_flush_all.o)
                                        0x165 (size before relaxing)
 .debug_str     0x00000000000004f2       0x1f ../exampleTest_bsp/\libhal_bsp.a(alt_icache_flush_all.o)
                                        0x165 (size before relaxing)
 .debug_str     0x0000000000000511       0x20 ../exampleTest_bsp/\libhal_bsp.a(altera_nios2_gen2_irq.o)
                                        0x16c (size before relaxing)
 .debug_str     0x0000000000000531      0x13a c:/intelfpga_lite/18.1/nios2eds/bin/gnu/h-x86_64-mingw32/bin/../lib/gcc/nios2-elf/5.3.0/../../../../../H-x86_64-mingw32/nios2-elf/lib/mno-hw-mul\libsmallc.a(lib_a-strlen.o)
                                        0x1e5 (size before relaxing)
 .debug_str     0x000000000000066b      0x187 c:/intelfpga_lite/18.1/nios2eds/bin/gnu/h-x86_64-mingw32/bin/../lib/gcc/nios2-elf/5.3.0/mno-hw-mul\libgcc.a(lib2-divmod.o)
                                        0x1d2 (size before relaxing)
 .debug_str     0x00000000000007f2       0x40 c:/intelfpga_lite/18.1/nios2eds/bin/gnu/h-x86_64-mingw32/bin/../lib/gcc/nios2-elf/5.3.0/mno-hw-mul\libgcc.a(lib2-mul.o)
                                        0x193 (size before relaxing)

.debug_loc      0x0000000000000000      0x70b
 *(.debug_loc)
 .debug_loc     0x0000000000000000       0x21 obj/default/hello_world_small.o
 .debug_loc     0x0000000000000021       0x37 ../exampleTest_bsp/\libhal_bsp.a(alt_putstr.o)
 .debug_loc     0x0000000000000058       0x21 ../exampleTest_bsp/\libhal_bsp.a(alt_usleep.o)
 .debug_loc     0x0000000000000079       0x21 ../exampleTest_bsp/\libhal_bsp.a(alt_sys_init.o)
 .debug_loc     0x000000000000009a       0x8b ../exampleTest_bsp/\libhal_bsp.a(altera_avalon_jtag_uart_write.o)
 .debug_loc     0x0000000000000125       0x67 ../exampleTest_bsp/\libhal_bsp.a(alt_busy_sleep.o)
 .debug_loc     0x000000000000018c       0x1e c:/intelfpga_lite/18.1/nios2eds/bin/gnu/h-x86_64-mingw32/bin/../lib/gcc/nios2-elf/5.3.0/../../../../../H-x86_64-mingw32/nios2-elf/lib/mno-hw-mul\libsmallc.a(lib_a-strlen.o)
 .debug_loc     0x00000000000001aa      0x4ce c:/intelfpga_lite/18.1/nios2eds/bin/gnu/h-x86_64-mingw32/bin/../lib/gcc/nios2-elf/5.3.0/mno-hw-mul\libgcc.a(lib2-divmod.o)
 .debug_loc     0x0000000000000678       0x93 c:/intelfpga_lite/18.1/nios2eds/bin/gnu/h-x86_64-mingw32/bin/../lib/gcc/nios2-elf/5.3.0/mno-hw-mul\libgcc.a(lib2-mul.o)

.debug_macinfo
 *(.debug_macinfo)

.debug_weaknames
 *(.debug_weaknames)

.debug_funcnames
 *(.debug_funcnames)

.debug_typenames
 *(.debug_typenames)

.debug_varnames
 *(.debug_varnames)

.debug_alt_sim_info
                0x0000000000000000       0x40
 *(.debug_alt_sim_info)
 .debug_alt_sim_info
                0x0000000000000000       0x10 ../exampleTest_bsp//obj/HAL/src/crt0.o
 .debug_alt_sim_info
                0x0000000000000010       0x30 ../exampleTest_bsp/\libhal_bsp.a(alt_busy_sleep.o)
                0x0000000000002000                __alt_data_end = 0x2000
                0x0000000000002000                PROVIDE (__alt_stack_pointer, __alt_data_end)
                [!provide]                        PROVIDE (__alt_stack_limit, __alt_stack_base)
                [!provide]                        PROVIDE (__alt_heap_start, end)
                [!provide]                        PROVIDE (__alt_heap_limit, 0x2000)
OUTPUT(exampleTest.elf elf32-littlenios2)

.debug_ranges   0x0000000000000000       0xe8
 .debug_ranges  0x0000000000000000       0x20 ../exampleTest_bsp//obj/HAL/src/crt0.o
 .debug_ranges  0x0000000000000020       0x10 obj/default/hello_world_small.o
 .debug_ranges  0x0000000000000030       0x48 ../exampleTest_bsp/\libhal_bsp.a(alt_load.o)
 .debug_ranges  0x0000000000000078       0x10 c:/intelfpga_lite/18.1/nios2eds/bin/gnu/h-x86_64-mingw32/bin/../lib/gcc/nios2-elf/5.3.0/../../../../../H-x86_64-mingw32/nios2-elf/lib/mno-hw-mul\libsmallc.a(lib_a-strlen.o)
 .debug_ranges  0x0000000000000088       0x60 c:/intelfpga_lite/18.1/nios2eds/bin/gnu/h-x86_64-mingw32/bin/../lib/gcc/nios2-elf/5.3.0/mno-hw-mul\libgcc.a(lib2-divmod.o)
