Archive member included to satisfy reference by file (symbol)

/home/steph/intelFPGA_lite/18.1/nios2eds/bin/gnu/H-x86_64-pc-linux-gnu/bin/../lib/gcc/nios2-elf/5.3.0/mno-hw-mul/libgcc.a(lib2-divmod.o)
                              obj/default/hello_world_small.o (__divsi3)
../Clock_bsp//libhal_bsp.a(alt_iic.o)
                              obj/default/hello_world_small.o (alt_ic_isr_register)
../Clock_bsp//libhal_bsp.a(alt_iic_isr_register.o)
                              ../Clock_bsp//libhal_bsp.a(alt_iic.o) (alt_iic_isr_register)
../Clock_bsp//libhal_bsp.a(alt_irq_entry.o)
                              ../Clock_bsp//libhal_bsp.a(alt_iic_isr_register.o) (alt_irq_entry)
../Clock_bsp//libhal_bsp.a(alt_irq_handler.o)
                              ../Clock_bsp//libhal_bsp.a(alt_iic_isr_register.o) (alt_irq_handler)
../Clock_bsp//libhal_bsp.a(alt_irq_vars.o)
                              ../Clock_bsp//libhal_bsp.a(alt_iic.o) (alt_irq_active)
../Clock_bsp//libhal_bsp.a(alt_load.o)
                              ../Clock_bsp//obj/HAL/src/crt0.o (alt_load)
../Clock_bsp//libhal_bsp.a(alt_main.o)
                              ../Clock_bsp//obj/HAL/src/crt0.o (alt_main)
../Clock_bsp//libhal_bsp.a(alt_sys_init.o)
                              ../Clock_bsp//libhal_bsp.a(alt_main.o) (alt_irq_init)
../Clock_bsp//libhal_bsp.a(alt_dcache_flush_all.o)
                              ../Clock_bsp//libhal_bsp.a(alt_load.o) (alt_dcache_flush_all)
../Clock_bsp//libhal_bsp.a(alt_exception_entry.o)
                              ../Clock_bsp//libhal_bsp.a(alt_irq_entry.o) (alt_exception)
../Clock_bsp//libhal_bsp.a(alt_icache_flush_all.o)
                              ../Clock_bsp//libhal_bsp.a(alt_load.o) (alt_icache_flush_all)
../Clock_bsp//libhal_bsp.a(alt_instruction_exception_entry.o)
                              ../Clock_bsp//libhal_bsp.a(alt_exception_entry.o) (alt_instruction_exception_entry)
../Clock_bsp//libhal_bsp.a(altera_nios2_gen2_irq.o)
                              ../Clock_bsp//libhal_bsp.a(alt_sys_init.o) (altera_nios2_gen2_irq_init)

Allocating common symbols
Common symbol       size              file

alt_irq             0x100             ../Clock_bsp//libhal_bsp.a(alt_irq_handler.o)

Memory Configuration

Name             Origin             Length             Attributes
reset            0x0000000000001000 0x0000000000000020
onchip_memory2_0 0x0000000000001020 0x0000000000000fe0
*default*        0x0000000000000000 0xffffffffffffffff

Linker script and memory map

LOAD ../Clock_bsp//obj/HAL/src/crt0.o
LOAD obj/default/hello_world_small.o
LOAD /home/steph/intelFPGA_lite/18.1/nios2eds/bin/gnu/H-x86_64-pc-linux-gnu/bin/../lib/gcc/nios2-elf/5.3.0/../../../../../H-x86_64-pc-linux-gnu/nios2-elf/lib/mno-hw-mul/libstdc++.a
LOAD /home/steph/intelFPGA_lite/18.1/nios2eds/bin/gnu/H-x86_64-pc-linux-gnu/bin/../lib/gcc/nios2-elf/5.3.0/../../../../../H-x86_64-pc-linux-gnu/nios2-elf/lib/mno-hw-mul/libm.a
LOAD /home/steph/intelFPGA_lite/18.1/nios2eds/bin/gnu/H-x86_64-pc-linux-gnu/bin/../lib/gcc/nios2-elf/5.3.0/mno-hw-mul/libgcc.a
START GROUP
LOAD /home/steph/intelFPGA_lite/18.1/nios2eds/bin/gnu/H-x86_64-pc-linux-gnu/bin/../lib/gcc/nios2-elf/5.3.0/../../../../../H-x86_64-pc-linux-gnu/nios2-elf/lib/mno-hw-mul/libsmallc.a
LOAD /home/steph/intelFPGA_lite/18.1/nios2eds/bin/gnu/H-x86_64-pc-linux-gnu/bin/../lib/gcc/nios2-elf/5.3.0/mno-hw-mul/libgcc.a
LOAD ../Clock_bsp//libhal_bsp.a
LOAD /home/steph/intelFPGA_lite/18.1/nios2eds/bin/gnu/H-x86_64-pc-linux-gnu/bin/../lib/gcc/nios2-elf/5.3.0/../../../../../H-x86_64-pc-linux-gnu/nios2-elf/lib/mno-hw-mul/libm.a
END GROUP
LOAD /home/steph/intelFPGA_lite/18.1/nios2eds/bin/gnu/H-x86_64-pc-linux-gnu/bin/../lib/gcc/nios2-elf/5.3.0/mno-hw-mul/libgcc.a
                0x0000000000001000                __alt_mem_onchip_memory2_0 = 0x1000

.entry          0x0000000000001000       0x20
 *(.entry)
 .entry         0x0000000000001000       0x20 ../Clock_bsp//obj/HAL/src/crt0.o
                0x0000000000001000                __reset
                0x000000000000100c                _exit

.exceptions     0x0000000000001020      0x160
                0x0000000000001020                PROVIDE (__ram_exceptions_start, ABSOLUTE (.))
                0x0000000000001020                . = ALIGN (0x20)
 *(.irq)
 *(.exceptions.entry.label)
 .exceptions.entry.label
                0x0000000000001020        0x0 ../Clock_bsp//libhal_bsp.a(alt_irq_entry.o)
                0x0000000000001020                alt_irq_entry
 .exceptions.entry.label
                0x0000000000001020        0x0 ../Clock_bsp//libhal_bsp.a(alt_exception_entry.o)
                0x0000000000001020                alt_exception
 *(.exceptions.entry.user)
 *(.exceptions.entry.ecc_fatal)
 *(.exceptions.entry)
 .exceptions.entry
                0x0000000000001020       0x54 ../Clock_bsp//libhal_bsp.a(alt_exception_entry.o)
 *(.exceptions.irqtest.user)
 *(.exceptions.irqtest)
 .exceptions.irqtest
                0x0000000000001074       0x10 ../Clock_bsp//libhal_bsp.a(alt_irq_entry.o)
 *(.exceptions.irqhandler.user)
 *(.exceptions.irqhandler)
 .exceptions.irqhandler
                0x0000000000001084        0x4 ../Clock_bsp//libhal_bsp.a(alt_irq_entry.o)
 *(.exceptions.irqreturn.user)
 *(.exceptions.irqreturn)
 .exceptions.irqreturn
                0x0000000000001088        0x4 ../Clock_bsp//libhal_bsp.a(alt_irq_entry.o)
 *(.exceptions.notirq.label)
 .exceptions.notirq.label
                0x000000000000108c        0x0 ../Clock_bsp//libhal_bsp.a(alt_irq_entry.o)
 *(.exceptions.notirq.user)
 *(.exceptions.notirq)
 .exceptions.notirq
                0x000000000000108c        0x8 ../Clock_bsp//libhal_bsp.a(alt_exception_entry.o)
 *(.exceptions.soft.user)
 *(.exceptions.soft)
 *(.exceptions.unknown.user)
 *(.exceptions.unknown)
 .exceptions.unknown
                0x0000000000001094       0x14 ../Clock_bsp//libhal_bsp.a(alt_exception_entry.o)
 *(.exceptions.exit.label)
 .exceptions.exit.label
                0x00000000000010a8        0x0 ../Clock_bsp//libhal_bsp.a(alt_irq_entry.o)
 .exceptions.exit.label
                0x00000000000010a8        0x0 ../Clock_bsp//libhal_bsp.a(alt_exception_entry.o)
 *(.exceptions.exit.user)
 *(.exceptions.exit)
 .exceptions.exit
                0x00000000000010a8       0x54 ../Clock_bsp//libhal_bsp.a(alt_exception_entry.o)
 *(.exceptions)
 .exceptions    0x00000000000010fc       0x60 ../Clock_bsp//libhal_bsp.a(alt_irq_handler.o)
                0x00000000000010fc                alt_irq_handler
 .exceptions    0x000000000000115c       0x24 ../Clock_bsp//libhal_bsp.a(alt_instruction_exception_entry.o)
                0x000000000000115c                alt_instruction_exception_entry
                0x0000000000001180                PROVIDE (__ram_exceptions_end, ABSOLUTE (.))
                0x0000000000001020                PROVIDE (__flash_exceptions_start, LOADADDR (.exceptions))

.text           0x0000000000001180      0x758
                [!provide]                        PROVIDE (stext, ABSOLUTE (.))
 *(.interp)
 *(.hash)
 *(.dynsym)
 *(.dynstr)
 *(.gnu.version)
 *(.gnu.version_d)
 *(.gnu.version_r)
 *(.rel.init)
 *(.rela.init)
 *(.rel.text .rel.text.* .rel.gnu.linkonce.t.*)
 *(.rela.text .rela.text.* .rela.gnu.linkonce.t.*)
 *(.rel.fini)
 *(.rela.fini)
 *(.rel.rodata .rel.rodata.* .rel.gnu.linkonce.r.*)
 *(.rela.rodata .rela.rodata.* .rela.gnu.linkonce.r.*)
 *(.rel.data .rel.data.* .rel.gnu.linkonce.d.*)
 *(.rela.data .rela.data.* .rela.gnu.linkonce.d.*)
 *(.rel.tdata .rel.tdata.* .rel.gnu.linkonce.td.*)
 *(.rela.tdata .rela.tdata.* .rela.gnu.linkonce.td.*)
 *(.rel.tbss .rel.tbss.* .rel.gnu.linkonce.tb.*)
 *(.rela.tbss .rela.tbss.* .rela.gnu.linkonce.tb.*)
 *(.rel.ctors)
 *(.rela.ctors)
 *(.rel.dtors)
 *(.rela.dtors)
 *(.rel.got)
 *(.rela.got)
 *(.rel.sdata .rel.sdata.* .rel.gnu.linkonce.s.*)
 *(.rela.sdata .rela.sdata.* .rela.gnu.linkonce.s.*)
 *(.rel.sbss .rel.sbss.* .rel.gnu.linkonce.sb.*)
 *(.rela.sbss .rela.sbss.* .rela.gnu.linkonce.sb.*)
 *(.rel.sdata2 .rel.sdata2.* .rel.gnu.linkonce.s2.*)
 *(.rela.sdata2 .rela.sdata2.* .rela.gnu.linkonce.s2.*)
 *(.rel.sbss2 .rel.sbss2.* .rel.gnu.linkonce.sb2.*)
 *(.rela.sbss2 .rela.sbss2.* .rela.gnu.linkonce.sb2.*)
 *(.rel.bss .rel.bss.* .rel.gnu.linkonce.b.*)
 *(.rela.bss .rela.bss.* .rela.gnu.linkonce.b.*)
 *(.rel.plt)
 *(.rela.plt)
 *(.rel.dyn)
 *(.init)
 *(.plt)
 *(.text .stub .text.* .gnu.linkonce.t.*)
 .text          0x0000000000001180       0x3c ../Clock_bsp//obj/HAL/src/crt0.o
                0x0000000000001180                _start
 .text          0x00000000000011bc      0x2a4 obj/default/hello_world_small.o
                0x00000000000011bc                init_timer_interrupt
                0x00000000000011f8                initializeMapping
                0x00000000000013d8                set_button_hours
                0x00000000000013ec                set_button_minutes
                0x0000000000001400                set_switch_clock
                0x0000000000001420                set_switch_alarm
                0x0000000000001440                off_alarm
 .text.startup  0x0000000000001460       0x1c obj/default/hello_world_small.o
                0x0000000000001460                main
 .text          0x000000000000147c      0x1b4 /home/steph/intelFPGA_lite/18.1/nios2eds/bin/gnu/H-x86_64-pc-linux-gnu/bin/../lib/gcc/nios2-elf/5.3.0/mno-hw-mul/libgcc.a(lib2-divmod.o)
                0x000000000000147c                __divsi3
                0x0000000000001500                __modsi3
                0x0000000000001574                __udivsi3
                0x00000000000015d8                __umodsi3
 .text          0x0000000000001630       0x8c ../Clock_bsp//libhal_bsp.a(alt_iic.o)
                0x0000000000001630                alt_ic_isr_register
                0x0000000000001634                alt_ic_irq_enable
                0x000000000000166c                alt_ic_irq_disable
                0x00000000000016a4                alt_ic_irq_enabled
 .text          0x00000000000016bc       0x68 ../Clock_bsp//libhal_bsp.a(alt_iic_isr_register.o)
                0x00000000000016bc                alt_iic_isr_register
 .text          0x0000000000001724        0x0 ../Clock_bsp//libhal_bsp.a(alt_irq_entry.o)
 .text          0x0000000000001724        0x0 ../Clock_bsp//libhal_bsp.a(alt_irq_handler.o)
 .text          0x0000000000001724        0x0 ../Clock_bsp//libhal_bsp.a(alt_irq_vars.o)
 .text          0x0000000000001724       0xe0 ../Clock_bsp//libhal_bsp.a(alt_load.o)
                0x0000000000001724                alt_load
 .text          0x0000000000001804       0x2c ../Clock_bsp//libhal_bsp.a(alt_main.o)
                0x0000000000001804                alt_main
 .text          0x0000000000001830       0x24 ../Clock_bsp//libhal_bsp.a(alt_sys_init.o)
                0x0000000000001830                alt_irq_init
                0x0000000000001850                alt_sys_init
 .text          0x0000000000001854        0x4 ../Clock_bsp//libhal_bsp.a(alt_dcache_flush_all.o)
                0x0000000000001854                alt_dcache_flush_all
 .text          0x0000000000001858        0x0 ../Clock_bsp//libhal_bsp.a(alt_exception_entry.o)
 .text          0x0000000000001858        0x4 ../Clock_bsp//libhal_bsp.a(alt_icache_flush_all.o)
                0x0000000000001858                alt_icache_flush_all
 .text          0x000000000000185c       0x74 ../Clock_bsp//libhal_bsp.a(alt_instruction_exception_entry.o)
                0x000000000000185c                alt_exception_cause_generated_bad_addr
 .text          0x00000000000018d0        0x8 ../Clock_bsp//libhal_bsp.a(altera_nios2_gen2_irq.o)
                0x00000000000018d0                altera_nios2_gen2_irq_init
 *(.gnu.warning.*)
 *(.fini)
                [!provide]                        PROVIDE (__etext, ABSOLUTE (.))
                [!provide]                        PROVIDE (_etext, ABSOLUTE (.))
                [!provide]                        PROVIDE (etext, ABSOLUTE (.))
 *(.eh_frame_hdr)
                0x00000000000018d8                . = ALIGN (0x4)
                [!provide]                        PROVIDE (__preinit_array_start, ABSOLUTE (.))
 *(.preinit_array)
                [!provide]                        PROVIDE (__preinit_array_end, ABSOLUTE (.))
                [!provide]                        PROVIDE (__init_array_start, ABSOLUTE (.))
 *(.init_array)
                [!provide]                        PROVIDE (__init_array_end, ABSOLUTE (.))
                [!provide]                        PROVIDE (__fini_array_start, ABSOLUTE (.))
 *(.fini_array)
                [!provide]                        PROVIDE (__fini_array_end, ABSOLUTE (.))
 *(.eh_frame)
 *(.gcc_except_table .gcc_except_table.*)
 *(.dynamic)
                [!provide]                        PROVIDE (__CTOR_LIST__, ABSOLUTE (.))
 *(.ctors)
 *(SORT(.ctors.*))
                [!provide]                        PROVIDE (__CTOR_END__, ABSOLUTE (.))
                [!provide]                        PROVIDE (__DTOR_LIST__, ABSOLUTE (.))
 *(.dtors)
 *(SORT(.dtors.*))
                [!provide]                        PROVIDE (__DTOR_END__, ABSOLUTE (.))
 *(.jcr)
                0x00000000000018d8                . = ALIGN (0x4)

.rodata         0x00000000000018d8        0x0
                0x00000000000018d8                PROVIDE (__ram_rodata_start, ABSOLUTE (.))
                0x00000000000018d8                . = ALIGN (0x4)
 *(.rodata .rodata.* .gnu.linkonce.r.*)
 *(.rodata1)
                0x00000000000018d8                . = ALIGN (0x4)
                0x00000000000018d8                PROVIDE (__ram_rodata_end, ABSOLUTE (.))
                0x00000000000018d8                PROVIDE (__flash_rodata_start, LOADADDR (.rodata))

.rwdata         0x00000000000018d8        0x8 load address 0x00000000000018e0
                0x00000000000018d8                PROVIDE (__ram_rwdata_start, ABSOLUTE (.))
                0x00000000000018d8                . = ALIGN (0x4)
 *(.got.plt)
 *(.got)
 *(.data1)
 *(.data .data.* .gnu.linkonce.d.*)
 .data          0x00000000000018d8        0x0 ../Clock_bsp//obj/HAL/src/crt0.o
 .data          0x00000000000018d8        0x0 obj/default/hello_world_small.o
 .data          0x00000000000018d8        0x0 /home/steph/intelFPGA_lite/18.1/nios2eds/bin/gnu/H-x86_64-pc-linux-gnu/bin/../lib/gcc/nios2-elf/5.3.0/mno-hw-mul/libgcc.a(lib2-divmod.o)
 .data          0x00000000000018d8        0x0 ../Clock_bsp//libhal_bsp.a(alt_iic.o)
 .data          0x00000000000018d8        0x0 ../Clock_bsp//libhal_bsp.a(alt_iic_isr_register.o)
 .data          0x00000000000018d8        0x0 ../Clock_bsp//libhal_bsp.a(alt_irq_entry.o)
 .data          0x00000000000018d8        0x0 ../Clock_bsp//libhal_bsp.a(alt_irq_handler.o)
 .data          0x00000000000018d8        0x0 ../Clock_bsp//libhal_bsp.a(alt_irq_vars.o)
 .data          0x00000000000018d8        0x0 ../Clock_bsp//libhal_bsp.a(alt_load.o)
 .data          0x00000000000018d8        0x0 ../Clock_bsp//libhal_bsp.a(alt_main.o)
 .data          0x00000000000018d8        0x0 ../Clock_bsp//libhal_bsp.a(alt_sys_init.o)
 .data          0x00000000000018d8        0x0 ../Clock_bsp//libhal_bsp.a(alt_dcache_flush_all.o)
 .data          0x00000000000018d8        0x0 ../Clock_bsp//libhal_bsp.a(alt_exception_entry.o)
 .data          0x00000000000018d8        0x0 ../Clock_bsp//libhal_bsp.a(alt_icache_flush_all.o)
 .data          0x00000000000018d8        0x0 ../Clock_bsp//libhal_bsp.a(alt_instruction_exception_entry.o)
 .data          0x00000000000018d8        0x0 ../Clock_bsp//libhal_bsp.a(altera_nios2_gen2_irq.o)
                0x00000000000098d8                _gp = ABSOLUTE ((. + 0x8000))
                [!provide]                        PROVIDE (gp, _gp)
 *(.rwdata .rwdata.*)
 *(.sdata .sdata.* .gnu.linkonce.s.*)
 .sdata         0x00000000000018d8        0x4 ../Clock_bsp//libhal_bsp.a(alt_irq_vars.o)
                0x00000000000018d8                alt_priority_mask
 .sdata         0x00000000000018dc        0x4 ../Clock_bsp//libhal_bsp.a(alt_sys_init.o)
                0x00000000000018dc                jtag_uart_0
 *(.sdata2 .sdata2.* .gnu.linkonce.s2.*)
                0x00000000000018e0                . = ALIGN (0x4)
                0x00000000000018e0                _edata = ABSOLUTE (.)
                [!provide]                        PROVIDE (edata, ABSOLUTE (.))
                0x00000000000018e0                PROVIDE (__ram_rwdata_end, ABSOLUTE (.))
                0x00000000000018e0                PROVIDE (__flash_rwdata_start, LOADADDR (.rwdata))

.bss            0x00000000000018e8      0x158
                0x00000000000018e8                __bss_start = ABSOLUTE (.)
                [!provide]                        PROVIDE (__sbss_start, ABSOLUTE (.))
                [!provide]                        PROVIDE (___sbss_start, ABSOLUTE (.))
 *(.dynsbss)
 *(.sbss .sbss.* .gnu.linkonce.sb.*)
 .sbss          0x00000000000018e8       0x1b obj/default/hello_world_small.o
                0x00000000000018f4                change_hours
                0x00000000000018f8                change_min
                0x00000000000018fc                off
                0x00000000000018fd                alarm_m
                0x00000000000018fe                alarm_h
                0x00000000000018ff                alarm
                0x0000000000001900                set_h
                0x0000000000001901                set_min
                0x0000000000001902                config_mode
 *fill*         0x0000000000001903        0x1 
 .sbss          0x0000000000001904        0x4 ../Clock_bsp//libhal_bsp.a(alt_irq_vars.o)
                0x0000000000001904                alt_irq_active
 .sbss          0x0000000000001908        0xc ../Clock_bsp//libhal_bsp.a(alt_main.o)
                0x0000000000001908                alt_envp
                0x000000000000190c                alt_argv
                0x0000000000001910                alt_argc
 .sbss          0x0000000000001914        0x4 ../Clock_bsp//libhal_bsp.a(alt_instruction_exception_entry.o)
                0x0000000000001914                alt_instruction_exception_handler
 *(.sbss2 .sbss2.* .gnu.linkonce.sb2.*)
 *(.scommon)
                [!provide]                        PROVIDE (__sbss_end, ABSOLUTE (.))
                [!provide]                        PROVIDE (___sbss_end, ABSOLUTE (.))
 *(.dynbss)
 *(.bss .bss.* .gnu.linkonce.b.*)
 .bss           0x0000000000001918        0x0 ../Clock_bsp//obj/HAL/src/crt0.o
 .bss           0x0000000000001918       0x28 obj/default/hello_world_small.o
 .bss           0x0000000000001940        0x0 /home/steph/intelFPGA_lite/18.1/nios2eds/bin/gnu/H-x86_64-pc-linux-gnu/bin/../lib/gcc/nios2-elf/5.3.0/mno-hw-mul/libgcc.a(lib2-divmod.o)
 .bss           0x0000000000001940        0x0 ../Clock_bsp//libhal_bsp.a(alt_iic.o)
 .bss           0x0000000000001940        0x0 ../Clock_bsp//libhal_bsp.a(alt_iic_isr_register.o)
 .bss           0x0000000000001940        0x0 ../Clock_bsp//libhal_bsp.a(alt_irq_entry.o)
 .bss           0x0000000000001940        0x0 ../Clock_bsp//libhal_bsp.a(alt_irq_handler.o)
 .bss           0x0000000000001940        0x0 ../Clock_bsp//libhal_bsp.a(alt_irq_vars.o)
 .bss           0x0000000000001940        0x0 ../Clock_bsp//libhal_bsp.a(alt_load.o)
 .bss           0x0000000000001940        0x0 ../Clock_bsp//libhal_bsp.a(alt_main.o)
 .bss           0x0000000000001940        0x0 ../Clock_bsp//libhal_bsp.a(alt_sys_init.o)
 .bss           0x0000000000001940        0x0 ../Clock_bsp//libhal_bsp.a(alt_dcache_flush_all.o)
 .bss           0x0000000000001940        0x0 ../Clock_bsp//libhal_bsp.a(alt_exception_entry.o)
 .bss           0x0000000000001940        0x0 ../Clock_bsp//libhal_bsp.a(alt_icache_flush_all.o)
 .bss           0x0000000000001940        0x0 ../Clock_bsp//libhal_bsp.a(alt_instruction_exception_entry.o)
 .bss           0x0000000000001940        0x0 ../Clock_bsp//libhal_bsp.a(altera_nios2_gen2_irq.o)
 *(COMMON)
 COMMON         0x0000000000001940      0x100 ../Clock_bsp//libhal_bsp.a(alt_irq_handler.o)
                0x0000000000001940                alt_irq
                0x0000000000001a40                . = ALIGN (0x4)
                0x0000000000001a40                __bss_end = ABSOLUTE (.)

.onchip_memory2_0
                0x0000000000001a40        0x0
                [!provide]                        PROVIDE (_alt_partition_onchip_memory2_0_start, ABSOLUTE (.))
 *(.onchip_memory2_0 .onchip_memory2_0. onchip_memory2_0.*)
                0x0000000000001a40                . = ALIGN (0x4)
                [!provide]                        PROVIDE (_alt_partition_onchip_memory2_0_end, ABSOLUTE (.))
                0x0000000000001a40                _end = ABSOLUTE (.)
                0x0000000000001a40                end = ABSOLUTE (.)
                0x0000000000001a40                __alt_stack_base = ABSOLUTE (.)
                [!provide]                        PROVIDE (_alt_partition_onchip_memory2_0_load_addr, LOADADDR (.onchip_memory2_0))

.stab
 *(.stab)

.stabstr
 *(.stabstr)

.stab.excl
 *(.stab.excl)

.stab.exclstr
 *(.stab.exclstr)

.stab.index
 *(.stab.index)

.stab.indexstr
 *(.stab.indexstr)

.comment        0x0000000000000000       0x23
 *(.comment)
 .comment       0x0000000000000000       0x23 obj/default/hello_world_small.o
                                         0x24 (size before relaxing)
 .comment       0x0000000000000023       0x24 /home/steph/intelFPGA_lite/18.1/nios2eds/bin/gnu/H-x86_64-pc-linux-gnu/bin/../lib/gcc/nios2-elf/5.3.0/mno-hw-mul/libgcc.a(lib2-divmod.o)
 .comment       0x0000000000000023       0x24 ../Clock_bsp//libhal_bsp.a(alt_iic.o)
 .comment       0x0000000000000023       0x24 ../Clock_bsp//libhal_bsp.a(alt_iic_isr_register.o)
 .comment       0x0000000000000023       0x24 ../Clock_bsp//libhal_bsp.a(alt_irq_handler.o)
 .comment       0x0000000000000023       0x24 ../Clock_bsp//libhal_bsp.a(alt_irq_vars.o)
 .comment       0x0000000000000023       0x24 ../Clock_bsp//libhal_bsp.a(alt_load.o)
 .comment       0x0000000000000023       0x24 ../Clock_bsp//libhal_bsp.a(alt_main.o)
 .comment       0x0000000000000023       0x24 ../Clock_bsp//libhal_bsp.a(alt_sys_init.o)
 .comment       0x0000000000000023       0x24 ../Clock_bsp//libhal_bsp.a(alt_dcache_flush_all.o)
 .comment       0x0000000000000023       0x24 ../Clock_bsp//libhal_bsp.a(alt_icache_flush_all.o)
 .comment       0x0000000000000023       0x24 ../Clock_bsp//libhal_bsp.a(alt_instruction_exception_entry.o)
 .comment       0x0000000000000023       0x24 ../Clock_bsp//libhal_bsp.a(altera_nios2_gen2_irq.o)

.debug
 *(.debug)

.line
 *(.line)

.debug_srcinfo
 *(.debug_srcinfo)

.debug_sfnames
 *(.debug_sfnames)

.debug_aranges  0x0000000000000000      0x238
 *(.debug_aranges)
 .debug_aranges
                0x0000000000000000       0x28 ../Clock_bsp//obj/HAL/src/crt0.o
 .debug_aranges
                0x0000000000000028       0x28 obj/default/hello_world_small.o
 .debug_aranges
                0x0000000000000050       0x20 /home/steph/intelFPGA_lite/18.1/nios2eds/bin/gnu/H-x86_64-pc-linux-gnu/bin/../lib/gcc/nios2-elf/5.3.0/mno-hw-mul/libgcc.a(lib2-divmod.o)
 .debug_aranges
                0x0000000000000070       0x20 ../Clock_bsp//libhal_bsp.a(alt_iic.o)
 .debug_aranges
                0x0000000000000090       0x20 ../Clock_bsp//libhal_bsp.a(alt_iic_isr_register.o)
 .debug_aranges
                0x00000000000000b0       0x30 ../Clock_bsp//libhal_bsp.a(alt_irq_entry.o)
 .debug_aranges
                0x00000000000000e0       0x20 ../Clock_bsp//libhal_bsp.a(alt_irq_handler.o)
 .debug_aranges
                0x0000000000000100       0x18 ../Clock_bsp//libhal_bsp.a(alt_irq_vars.o)
 .debug_aranges
                0x0000000000000118       0x20 ../Clock_bsp//libhal_bsp.a(alt_load.o)
 .debug_aranges
                0x0000000000000138       0x20 ../Clock_bsp//libhal_bsp.a(alt_main.o)
 .debug_aranges
                0x0000000000000158       0x20 ../Clock_bsp//libhal_bsp.a(alt_sys_init.o)
 .debug_aranges
                0x0000000000000178       0x20 ../Clock_bsp//libhal_bsp.a(alt_dcache_flush_all.o)
 .debug_aranges
                0x0000000000000198       0x38 ../Clock_bsp//libhal_bsp.a(alt_exception_entry.o)
 .debug_aranges
                0x00000000000001d0       0x20 ../Clock_bsp//libhal_bsp.a(alt_icache_flush_all.o)
 .debug_aranges
                0x00000000000001f0       0x28 ../Clock_bsp//libhal_bsp.a(alt_instruction_exception_entry.o)
 .debug_aranges
                0x0000000000000218       0x20 ../Clock_bsp//libhal_bsp.a(altera_nios2_gen2_irq.o)

.debug_pubnames
 *(.debug_pubnames)

.debug_info     0x0000000000000000     0x188c
 *(.debug_info .gnu.linkonce.wi.*)
 .debug_info    0x0000000000000000       0x75 ../Clock_bsp//obj/HAL/src/crt0.o
 .debug_info    0x0000000000000075      0x405 obj/default/hello_world_small.o
 .debug_info    0x000000000000047a      0x2c6 /home/steph/intelFPGA_lite/18.1/nios2eds/bin/gnu/H-x86_64-pc-linux-gnu/bin/../lib/gcc/nios2-elf/5.3.0/mno-hw-mul/libgcc.a(lib2-divmod.o)
 .debug_info    0x0000000000000740      0x38a ../Clock_bsp//libhal_bsp.a(alt_iic.o)
 .debug_info    0x0000000000000aca      0x232 ../Clock_bsp//libhal_bsp.a(alt_iic_isr_register.o)
 .debug_info    0x0000000000000cfc       0x7e ../Clock_bsp//libhal_bsp.a(alt_irq_entry.o)
 .debug_info    0x0000000000000d7a      0x184 ../Clock_bsp//libhal_bsp.a(alt_irq_handler.o)
 .debug_info    0x0000000000000efe       0x88 ../Clock_bsp//libhal_bsp.a(alt_irq_vars.o)
 .debug_info    0x0000000000000f86      0x1c9 ../Clock_bsp//libhal_bsp.a(alt_load.o)
 .debug_info    0x000000000000114f      0x169 ../Clock_bsp//libhal_bsp.a(alt_main.o)
 .debug_info    0x00000000000012b8      0x19d ../Clock_bsp//libhal_bsp.a(alt_sys_init.o)
 .debug_info    0x0000000000001455       0x92 ../Clock_bsp//libhal_bsp.a(alt_dcache_flush_all.o)
 .debug_info    0x00000000000014e7       0x84 ../Clock_bsp//libhal_bsp.a(alt_exception_entry.o)
 .debug_info    0x000000000000156b       0x92 ../Clock_bsp//libhal_bsp.a(alt_icache_flush_all.o)
 .debug_info    0x00000000000015fd      0x1fd ../Clock_bsp//libhal_bsp.a(alt_instruction_exception_entry.o)
 .debug_info    0x00000000000017fa       0x92 ../Clock_bsp//libhal_bsp.a(altera_nios2_gen2_irq.o)

.debug_abbrev   0x0000000000000000      0xc34
 *(.debug_abbrev)
 .debug_abbrev  0x0000000000000000       0x12 ../Clock_bsp//obj/HAL/src/crt0.o
 .debug_abbrev  0x0000000000000012      0x1d3 obj/default/hello_world_small.o
 .debug_abbrev  0x00000000000001e5      0x10e /home/steph/intelFPGA_lite/18.1/nios2eds/bin/gnu/H-x86_64-pc-linux-gnu/bin/../lib/gcc/nios2-elf/5.3.0/mno-hw-mul/libgcc.a(lib2-divmod.o)
 .debug_abbrev  0x00000000000002f3      0x1a0 ../Clock_bsp//libhal_bsp.a(alt_iic.o)
 .debug_abbrev  0x0000000000000493      0x19c ../Clock_bsp//libhal_bsp.a(alt_iic_isr_register.o)
 .debug_abbrev  0x000000000000062f       0x12 ../Clock_bsp//libhal_bsp.a(alt_irq_entry.o)
 .debug_abbrev  0x0000000000000641      0x120 ../Clock_bsp//libhal_bsp.a(alt_irq_handler.o)
 .debug_abbrev  0x0000000000000761       0x40 ../Clock_bsp//libhal_bsp.a(alt_irq_vars.o)
 .debug_abbrev  0x00000000000007a1       0xd8 ../Clock_bsp//libhal_bsp.a(alt_load.o)
 .debug_abbrev  0x0000000000000879       0xee ../Clock_bsp//libhal_bsp.a(alt_main.o)
 .debug_abbrev  0x0000000000000967      0x10e ../Clock_bsp//libhal_bsp.a(alt_sys_init.o)
 .debug_abbrev  0x0000000000000a75       0x42 ../Clock_bsp//libhal_bsp.a(alt_dcache_flush_all.o)
 .debug_abbrev  0x0000000000000ab7       0x12 ../Clock_bsp//libhal_bsp.a(alt_exception_entry.o)
 .debug_abbrev  0x0000000000000ac9       0x42 ../Clock_bsp//libhal_bsp.a(alt_icache_flush_all.o)
 .debug_abbrev  0x0000000000000b0b       0xe7 ../Clock_bsp//libhal_bsp.a(alt_instruction_exception_entry.o)
 .debug_abbrev  0x0000000000000bf2       0x42 ../Clock_bsp//libhal_bsp.a(altera_nios2_gen2_irq.o)

.debug_line     0x0000000000000000      0xa8a
 *(.debug_line)
 .debug_line    0x0000000000000000       0x66 ../Clock_bsp//obj/HAL/src/crt0.o
 .debug_line    0x0000000000000066      0x11f obj/default/hello_world_small.o
 .debug_line    0x0000000000000185      0x105 /home/steph/intelFPGA_lite/18.1/nios2eds/bin/gnu/H-x86_64-pc-linux-gnu/bin/../lib/gcc/nios2-elf/5.3.0/mno-hw-mul/libgcc.a(lib2-divmod.o)
 .debug_line    0x000000000000028a       0xf1 ../Clock_bsp//libhal_bsp.a(alt_iic.o)
 .debug_line    0x000000000000037b       0xd6 ../Clock_bsp//libhal_bsp.a(alt_iic_isr_register.o)
 .debug_line    0x0000000000000451       0x6b ../Clock_bsp//libhal_bsp.a(alt_irq_entry.o)
 .debug_line    0x00000000000004bc       0xa5 ../Clock_bsp//libhal_bsp.a(alt_irq_handler.o)
 .debug_line    0x0000000000000561       0x50 ../Clock_bsp//libhal_bsp.a(alt_irq_vars.o)
 .debug_line    0x00000000000005b1       0xa4 ../Clock_bsp//libhal_bsp.a(alt_load.o)
 .debug_line    0x0000000000000655       0xbd ../Clock_bsp//libhal_bsp.a(alt_main.o)
 .debug_line    0x0000000000000712      0x11a ../Clock_bsp//libhal_bsp.a(alt_sys_init.o)
 .debug_line    0x000000000000082c       0x4e ../Clock_bsp//libhal_bsp.a(alt_dcache_flush_all.o)
 .debug_line    0x000000000000087a       0xb3 ../Clock_bsp//libhal_bsp.a(alt_exception_entry.o)
 .debug_line    0x000000000000092d       0x4e ../Clock_bsp//libhal_bsp.a(alt_icache_flush_all.o)
 .debug_line    0x000000000000097b       0xbf ../Clock_bsp//libhal_bsp.a(alt_instruction_exception_entry.o)
 .debug_line    0x0000000000000a3a       0x50 ../Clock_bsp//libhal_bsp.a(altera_nios2_gen2_irq.o)

.debug_frame    0x0000000000000000      0x2f8
 *(.debug_frame)
 .debug_frame   0x0000000000000000       0xcc obj/default/hello_world_small.o
 .debug_frame   0x00000000000000cc       0x50 /home/steph/intelFPGA_lite/18.1/nios2eds/bin/gnu/H-x86_64-pc-linux-gnu/bin/../lib/gcc/nios2-elf/5.3.0/mno-hw-mul/libgcc.a(lib2-divmod.o)
 .debug_frame   0x000000000000011c       0x50 ../Clock_bsp//libhal_bsp.a(alt_iic.o)
 .debug_frame   0x000000000000016c       0x30 ../Clock_bsp//libhal_bsp.a(alt_iic_isr_register.o)
 .debug_frame   0x000000000000019c       0x34 ../Clock_bsp//libhal_bsp.a(alt_irq_handler.o)
 .debug_frame   0x00000000000001d0       0x30 ../Clock_bsp//libhal_bsp.a(alt_load.o)
 .debug_frame   0x0000000000000200       0x2c ../Clock_bsp//libhal_bsp.a(alt_main.o)
 .debug_frame   0x000000000000022c       0x3c ../Clock_bsp//libhal_bsp.a(alt_sys_init.o)
 .debug_frame   0x0000000000000268       0x20 ../Clock_bsp//libhal_bsp.a(alt_dcache_flush_all.o)
 .debug_frame   0x0000000000000288       0x20 ../Clock_bsp//libhal_bsp.a(alt_icache_flush_all.o)
 .debug_frame   0x00000000000002a8       0x30 ../Clock_bsp//libhal_bsp.a(alt_instruction_exception_entry.o)
 .debug_frame   0x00000000000002d8       0x20 ../Clock_bsp//libhal_bsp.a(altera_nios2_gen2_irq.o)

.debug_str      0x0000000000000000      0xd1d
 *(.debug_str)
 .debug_str     0x0000000000000000      0x261 obj/default/hello_world_small.o
                                        0x2bb (size before relaxing)
 .debug_str     0x0000000000000261      0x188 /home/steph/intelFPGA_lite/18.1/nios2eds/bin/gnu/H-x86_64-pc-linux-gnu/bin/../lib/gcc/nios2-elf/5.3.0/mno-hw-mul/libgcc.a(lib2-divmod.o)
                                        0x1d3 (size before relaxing)
 .debug_str     0x00000000000003e9      0x13c ../Clock_bsp//libhal_bsp.a(alt_iic.o)
                                        0x25a (size before relaxing)
 .debug_str     0x0000000000000525       0x37 ../Clock_bsp//libhal_bsp.a(alt_iic_isr_register.o)
                                        0x214 (size before relaxing)
 .debug_str     0x000000000000055c       0x3a ../Clock_bsp//libhal_bsp.a(alt_irq_handler.o)
                                        0x19e (size before relaxing)
 .debug_str     0x0000000000000596       0x17 ../Clock_bsp//libhal_bsp.a(alt_irq_vars.o)
                                        0x141 (size before relaxing)
 .debug_str     0x00000000000005ad      0x113 ../Clock_bsp//libhal_bsp.a(alt_load.o)
                                        0x243 (size before relaxing)
 .debug_str     0x00000000000006c0       0x8f ../Clock_bsp//libhal_bsp.a(alt_main.o)
                                        0x1bc (size before relaxing)
 .debug_str     0x000000000000074f       0xe5 ../Clock_bsp//libhal_bsp.a(alt_sys_init.o)
                                        0x265 (size before relaxing)
 .debug_str     0x0000000000000834       0x1f ../Clock_bsp//libhal_bsp.a(alt_dcache_flush_all.o)
                                        0x15c (size before relaxing)
 .debug_str     0x0000000000000853       0x1f ../Clock_bsp//libhal_bsp.a(alt_icache_flush_all.o)
                                        0x15c (size before relaxing)
 .debug_str     0x0000000000000872      0x48b ../Clock_bsp//libhal_bsp.a(alt_instruction_exception_entry.o)
                                        0x5a7 (size before relaxing)
 .debug_str     0x0000000000000cfd       0x20 ../Clock_bsp//libhal_bsp.a(altera_nios2_gen2_irq.o)
                                        0x163 (size before relaxing)

.debug_loc      0x0000000000000000      0x9ae
 *(.debug_loc)
 .debug_loc     0x0000000000000000       0xe5 obj/default/hello_world_small.o
 .debug_loc     0x00000000000000e5      0x4ce /home/steph/intelFPGA_lite/18.1/nios2eds/bin/gnu/H-x86_64-pc-linux-gnu/bin/../lib/gcc/nios2-elf/5.3.0/mno-hw-mul/libgcc.a(lib2-divmod.o)
 .debug_loc     0x00000000000005b3      0x170 ../Clock_bsp//libhal_bsp.a(alt_iic.o)
 .debug_loc     0x0000000000000723      0x193 ../Clock_bsp//libhal_bsp.a(alt_iic_isr_register.o)
 .debug_loc     0x00000000000008b6       0x72 ../Clock_bsp//libhal_bsp.a(alt_irq_handler.o)
 .debug_loc     0x0000000000000928       0x21 ../Clock_bsp//libhal_bsp.a(alt_sys_init.o)
 .debug_loc     0x0000000000000949       0x65 ../Clock_bsp//libhal_bsp.a(alt_instruction_exception_entry.o)

.debug_macinfo
 *(.debug_macinfo)

.debug_weaknames
 *(.debug_weaknames)

.debug_funcnames
 *(.debug_funcnames)

.debug_typenames
 *(.debug_typenames)

.debug_varnames
 *(.debug_varnames)

.debug_alt_sim_info
                0x0000000000000000       0x10
 *(.debug_alt_sim_info)
 .debug_alt_sim_info
                0x0000000000000000       0x10 ../Clock_bsp//obj/HAL/src/crt0.o
                0x0000000000002000                __alt_data_end = 0x2000
                0x0000000000002000                PROVIDE (__alt_stack_pointer, __alt_data_end)
                [!provide]                        PROVIDE (__alt_stack_limit, __alt_stack_base)
                [!provide]                        PROVIDE (__alt_heap_start, end)
                [!provide]                        PROVIDE (__alt_heap_limit, 0x2000)
OUTPUT(Clock.elf elf32-littlenios2)

.debug_ranges   0x0000000000000000      0x160
 .debug_ranges  0x0000000000000000       0x20 ../Clock_bsp//obj/HAL/src/crt0.o
 .debug_ranges  0x0000000000000020       0x18 obj/default/hello_world_small.o
 .debug_ranges  0x0000000000000038       0x60 /home/steph/intelFPGA_lite/18.1/nios2eds/bin/gnu/H-x86_64-pc-linux-gnu/bin/../lib/gcc/nios2-elf/5.3.0/mno-hw-mul/libgcc.a(lib2-divmod.o)
 .debug_ranges  0x0000000000000098       0x28 ../Clock_bsp//libhal_bsp.a(alt_irq_entry.o)
 .debug_ranges  0x00000000000000c0       0x10 ../Clock_bsp//libhal_bsp.a(alt_irq_handler.o)
 .debug_ranges  0x00000000000000d0       0x48 ../Clock_bsp//libhal_bsp.a(alt_load.o)
 .debug_ranges  0x0000000000000118       0x30 ../Clock_bsp//libhal_bsp.a(alt_exception_entry.o)
 .debug_ranges  0x0000000000000148       0x18 ../Clock_bsp//libhal_bsp.a(alt_instruction_exception_entry.o)
