Archive member included to satisfy reference by file (symbol)

/home/steph/intelFPGA_lite/18.1/nios2eds/bin/gnu/H-x86_64-pc-linux-gnu/bin/../lib/gcc/nios2-elf/5.3.0/mno-hw-mul/libgcc.a(lib2-divmod.o)
                              obj/default/hello_world_small.o (__divsi3)
../Clock_bsp//libhal_bsp.a(alt_iic.o)
                              obj/default/hello_world_small.o (alt_ic_isr_register)
../Clock_bsp//libhal_bsp.a(alt_iic_isr_register.o)
                              ../Clock_bsp//libhal_bsp.a(alt_iic.o) (alt_iic_isr_register)
../Clock_bsp//libhal_bsp.a(alt_irq_entry.o)
                              ../Clock_bsp//libhal_bsp.a(alt_iic_isr_register.o) (alt_irq_entry)
../Clock_bsp//libhal_bsp.a(alt_irq_handler.o)
                              ../Clock_bsp//libhal_bsp.a(alt_iic_isr_register.o) (alt_irq_handler)
../Clock_bsp//libhal_bsp.a(alt_irq_vars.o)
                              ../Clock_bsp//libhal_bsp.a(alt_iic.o) (alt_irq_active)
../Clock_bsp//libhal_bsp.a(alt_load.o)
                              ../Clock_bsp//obj/HAL/src/crt0.o (alt_load)
../Clock_bsp//libhal_bsp.a(alt_main.o)
                              ../Clock_bsp//obj/HAL/src/crt0.o (alt_main)
../Clock_bsp//libhal_bsp.a(alt_sys_init.o)
                              ../Clock_bsp//libhal_bsp.a(alt_main.o) (alt_irq_init)
../Clock_bsp//libhal_bsp.a(alt_dcache_flush_all.o)
                              ../Clock_bsp//libhal_bsp.a(alt_load.o) (alt_dcache_flush_all)
../Clock_bsp//libhal_bsp.a(alt_exception_entry.o)
                              ../Clock_bsp//libhal_bsp.a(alt_irq_entry.o) (alt_exception)
../Clock_bsp//libhal_bsp.a(alt_icache_flush_all.o)
                              ../Clock_bsp//libhal_bsp.a(alt_load.o) (alt_icache_flush_all)
../Clock_bsp//libhal_bsp.a(alt_instruction_exception_entry.o)
                              ../Clock_bsp//libhal_bsp.a(alt_exception_entry.o) (alt_instruction_exception_entry)
../Clock_bsp//libhal_bsp.a(altera_nios2_gen2_irq.o)
                              ../Clock_bsp//libhal_bsp.a(alt_sys_init.o) (altera_nios2_gen2_irq_init)

Allocating common symbols
Common symbol       size              file

alt_irq             0x100             ../Clock_bsp//libhal_bsp.a(alt_irq_handler.o)

Memory Configuration

Name             Origin             Length             Attributes
reset            0x0000000000001000 0x0000000000000020
onchip_memory2_0 0x0000000000001020 0x0000000000000fe0
*default*        0x0000000000000000 0xffffffffffffffff

Linker script and memory map

LOAD ../Clock_bsp//obj/HAL/src/crt0.o
LOAD obj/default/hello_world_small.o
LOAD /home/steph/intelFPGA_lite/18.1/nios2eds/bin/gnu/H-x86_64-pc-linux-gnu/bin/../lib/gcc/nios2-elf/5.3.0/../../../../../H-x86_64-pc-linux-gnu/nios2-elf/lib/mno-hw-mul/libstdc++.a
LOAD /home/steph/intelFPGA_lite/18.1/nios2eds/bin/gnu/H-x86_64-pc-linux-gnu/bin/../lib/gcc/nios2-elf/5.3.0/../../../../../H-x86_64-pc-linux-gnu/nios2-elf/lib/mno-hw-mul/libm.a
LOAD /home/steph/intelFPGA_lite/18.1/nios2eds/bin/gnu/H-x86_64-pc-linux-gnu/bin/../lib/gcc/nios2-elf/5.3.0/mno-hw-mul/libgcc.a
START GROUP
LOAD /home/steph/intelFPGA_lite/18.1/nios2eds/bin/gnu/H-x86_64-pc-linux-gnu/bin/../lib/gcc/nios2-elf/5.3.0/../../../../../H-x86_64-pc-linux-gnu/nios2-elf/lib/mno-hw-mul/libsmallc.a
LOAD /home/steph/intelFPGA_lite/18.1/nios2eds/bin/gnu/H-x86_64-pc-linux-gnu/bin/../lib/gcc/nios2-elf/5.3.0/mno-hw-mul/libgcc.a
LOAD ../Clock_bsp//libhal_bsp.a
LOAD /home/steph/intelFPGA_lite/18.1/nios2eds/bin/gnu/H-x86_64-pc-linux-gnu/bin/../lib/gcc/nios2-elf/5.3.0/../../../../../H-x86_64-pc-linux-gnu/nios2-elf/lib/mno-hw-mul/libm.a
END GROUP
LOAD /home/steph/intelFPGA_lite/18.1/nios2eds/bin/gnu/H-x86_64-pc-linux-gnu/bin/../lib/gcc/nios2-elf/5.3.0/mno-hw-mul/libgcc.a
                0x0000000000001000                __alt_mem_onchip_memory2_0 = 0x1000

.entry          0x0000000000001000       0x20
 *(.entry)
 .entry         0x0000000000001000       0x20 ../Clock_bsp//obj/HAL/src/crt0.o
                0x0000000000001000                __reset
                0x000000000000100c                _exit

.exceptions     0x0000000000001020      0x160
                0x0000000000001020                PROVIDE (__ram_exceptions_start, ABSOLUTE (.))
                0x0000000000001020                . = ALIGN (0x20)
 *(.irq)
 *(.exceptions.entry.label)
 .exceptions.entry.label
                0x0000000000001020        0x0 ../Clock_bsp//libhal_bsp.a(alt_irq_entry.o)
                0x0000000000001020                alt_irq_entry
 .exceptions.entry.label
                0x0000000000001020        0x0 ../Clock_bsp//libhal_bsp.a(alt_exception_entry.o)
                0x0000000000001020                alt_exception
 *(.exceptions.entry.user)
 *(.exceptions.entry.ecc_fatal)
 *(.exceptions.entry)
 .exceptions.entry
                0x0000000000001020       0x54 ../Clock_bsp//libhal_bsp.a(alt_exception_entry.o)
 *(.exceptions.irqtest.user)
 *(.exceptions.irqtest)
 .exceptions.irqtest
                0x0000000000001074       0x10 ../Clock_bsp//libhal_bsp.a(alt_irq_entry.o)
 *(.exceptions.irqhandler.user)
 *(.exceptions.irqhandler)
 .exceptions.irqhandler
                0x0000000000001084        0x4 ../Clock_bsp//libhal_bsp.a(alt_irq_entry.o)
 *(.exceptions.irqreturn.user)
 *(.exceptions.irqreturn)
 .exceptions.irqreturn
                0x0000000000001088        0x4 ../Clock_bsp//libhal_bsp.a(alt_irq_entry.o)
 *(.exceptions.notirq.label)
 .exceptions.notirq.label
                0x000000000000108c        0x0 ../Clock_bsp//libhal_bsp.a(alt_irq_entry.o)
 *(.exceptions.notirq.user)
 *(.exceptions.notirq)
 .exceptions.notirq
                0x000000000000108c        0x8 ../Clock_bsp//libhal_bsp.a(alt_exception_entry.o)
 *(.exceptions.soft.user)
 *(.exceptions.soft)
 *(.exceptions.unknown.user)
 *(.exceptions.unknown)
 .exceptions.unknown
                0x0000000000001094       0x14 ../Clock_bsp//libhal_bsp.a(alt_exception_entry.o)
 *(.exceptions.exit.label)
 .exceptions.exit.label
                0x00000000000010a8        0x0 ../Clock_bsp//libhal_bsp.a(alt_irq_entry.o)
 .exceptions.exit.label
                0x00000000000010a8        0x0 ../Clock_bsp//libhal_bsp.a(alt_exception_entry.o)
 *(.exceptions.exit.user)
 *(.exceptions.exit)
 .exceptions.exit
                0x00000000000010a8       0x54 ../Clock_bsp//libhal_bsp.a(alt_exception_entry.o)
 *(.exceptions)
 .exceptions    0x00000000000010fc       0x60 ../Clock_bsp//libhal_bsp.a(alt_irq_handler.o)
                0x00000000000010fc                alt_irq_handler
 .exceptions    0x000000000000115c       0x24 ../Clock_bsp//libhal_bsp.a(alt_instruction_exception_entry.o)
                0x000000000000115c                alt_instruction_exception_entry
                0x0000000000001180                PROVIDE (__ram_exceptions_end, ABSOLUTE (.))
                0x0000000000001020                PROVIDE (__flash_exceptions_start, LOADADDR (.exceptions))

.text           0x0000000000001180      0x718
                [!provide]                        PROVIDE (stext, ABSOLUTE (.))
 *(.interp)
 *(.hash)
 *(.dynsym)
 *(.dynstr)
 *(.gnu.version)
 *(.gnu.version_d)
 *(.gnu.version_r)
 *(.rel.init)
 *(.rela.init)
 *(.rel.text .rel.text.* .rel.gnu.linkonce.t.*)
 *(.rela.text .rela.text.* .rela.gnu.linkonce.t.*)
 *(.rel.fini)
 *(.rela.fini)
 *(.rel.rodata .rel.rodata.* .rel.gnu.linkonce.r.*)
 *(.rela.rodata .rela.rodata.* .rela.gnu.linkonce.r.*)
 *(.rel.data .rel.data.* .rel.gnu.linkonce.d.*)
 *(.rela.data .rela.data.* .rela.gnu.linkonce.d.*)
 *(.rel.tdata .rel.tdata.* .rel.gnu.linkonce.td.*)
 *(.rela.tdata .rela.tdata.* .rela.gnu.linkonce.td.*)
 *(.rel.tbss .rel.tbss.* .rel.gnu.linkonce.tb.*)
 *(.rela.tbss .rela.tbss.* .rela.gnu.linkonce.tb.*)
 *(.rel.ctors)
 *(.rela.ctors)
 *(.rel.dtors)
 *(.rela.dtors)
 *(.rel.got)
 *(.rela.got)
 *(.rel.sdata .rel.sdata.* .rel.gnu.linkonce.s.*)
 *(.rela.sdata .rela.sdata.* .rela.gnu.linkonce.s.*)
 *(.rel.sbss .rel.sbss.* .rel.gnu.linkonce.sb.*)
 *(.rela.sbss .rela.sbss.* .rela.gnu.linkonce.sb.*)
 *(.rel.sdata2 .rel.sdata2.* .rel.gnu.linkonce.s2.*)
 *(.rela.sdata2 .rela.sdata2.* .rela.gnu.linkonce.s2.*)
 *(.rel.sbss2 .rel.sbss2.* .rel.gnu.linkonce.sb2.*)
 *(.rela.sbss2 .rela.sbss2.* .rela.gnu.linkonce.sb2.*)
 *(.rel.bss .rel.bss.* .rel.gnu.linkonce.b.*)
 *(.rela.bss .rela.bss.* .rela.gnu.linkonce.b.*)
 *(.rel.plt)
 *(.rela.plt)
 *(.rel.dyn)
 *(.init)
 *(.plt)
 *(.text .stub .text.* .gnu.linkonce.t.*)
 .text          0x0000000000001180       0x3c ../Clock_bsp//obj/HAL/src/crt0.o
                0x0000000000001180                _start
 .text          0x00000000000011bc      0x264 obj/default/hello_world_small.o
                0x00000000000011bc                init_timer_interrupt
                0x00000000000011f8                initializeMapping
                0x00000000000013d8                set_button_hours
                0x00000000000013ec                set_button_minutes
                0x0000000000001400                set_switch_clock
 .text.startup  0x0000000000001420       0x1c obj/default/hello_world_small.o
                0x0000000000001420                main
 .text          0x000000000000143c      0x1b4 /home/steph/intelFPGA_lite/18.1/nios2eds/bin/gnu/H-x86_64-pc-linux-gnu/bin/../lib/gcc/nios2-elf/5.3.0/mno-hw-mul/libgcc.a(lib2-divmod.o)
                0x000000000000143c                __divsi3
                0x00000000000014c0                __modsi3
                0x0000000000001534                __udivsi3
                0x0000000000001598                __umodsi3
 .text          0x00000000000015f0       0x8c ../Clock_bsp//libhal_bsp.a(alt_iic.o)
                0x00000000000015f0                alt_ic_isr_register
                0x00000000000015f4                alt_ic_irq_enable
                0x000000000000162c                alt_ic_irq_disable
                0x0000000000001664                alt_ic_irq_enabled
 .text          0x000000000000167c       0x68 ../Clock_bsp//libhal_bsp.a(alt_iic_isr_register.o)
                0x000000000000167c                alt_iic_isr_register
 .text          0x00000000000016e4        0x0 ../Clock_bsp//libhal_bsp.a(alt_irq_entry.o)
 .text          0x00000000000016e4        0x0 ../Clock_bsp//libhal_bsp.a(alt_irq_handler.o)
 .text          0x00000000000016e4        0x0 ../Clock_bsp//libhal_bsp.a(alt_irq_vars.o)
 .text          0x00000000000016e4       0xe0 ../Clock_bsp//libhal_bsp.a(alt_load.o)
                0x00000000000016e4                alt_load
 .text          0x00000000000017c4       0x2c ../Clock_bsp//libhal_bsp.a(alt_main.o)
                0x00000000000017c4                alt_main
 .text          0x00000000000017f0       0x24 ../Clock_bsp//libhal_bsp.a(alt_sys_init.o)
                0x00000000000017f0                alt_irq_init
                0x0000000000001810                alt_sys_init
 .text          0x0000000000001814        0x4 ../Clock_bsp//libhal_bsp.a(alt_dcache_flush_all.o)
                0x0000000000001814                alt_dcache_flush_all
 .text          0x0000000000001818        0x0 ../Clock_bsp//libhal_bsp.a(alt_exception_entry.o)
 .text          0x0000000000001818        0x4 ../Clock_bsp//libhal_bsp.a(alt_icache_flush_all.o)
                0x0000000000001818                alt_icache_flush_all
 .text          0x000000000000181c       0x74 ../Clock_bsp//libhal_bsp.a(alt_instruction_exception_entry.o)
                0x000000000000181c                alt_exception_cause_generated_bad_addr
 .text          0x0000000000001890        0x8 ../Clock_bsp//libhal_bsp.a(altera_nios2_gen2_irq.o)
                0x0000000000001890                altera_nios2_gen2_irq_init
 *(.gnu.warning.*)
 *(.fini)
                [!provide]                        PROVIDE (__etext, ABSOLUTE (.))
                [!provide]                        PROVIDE (_etext, ABSOLUTE (.))
                [!provide]                        PROVIDE (etext, ABSOLUTE (.))
 *(.eh_frame_hdr)
                0x0000000000001898                . = ALIGN (0x4)
                [!provide]                        PROVIDE (__preinit_array_start, ABSOLUTE (.))
 *(.preinit_array)
                [!provide]                        PROVIDE (__preinit_array_end, ABSOLUTE (.))
                [!provide]                        PROVIDE (__init_array_start, ABSOLUTE (.))
 *(.init_array)
                [!provide]                        PROVIDE (__init_array_end, ABSOLUTE (.))
                [!provide]                        PROVIDE (__fini_array_start, ABSOLUTE (.))
 *(.fini_array)
                [!provide]                        PROVIDE (__fini_array_end, ABSOLUTE (.))
 *(.eh_frame)
 *(.gcc_except_table .gcc_except_table.*)
 *(.dynamic)
                [!provide]                        PROVIDE (__CTOR_LIST__, ABSOLUTE (.))
 *(.ctors)
 *(SORT(.ctors.*))
                [!provide]                        PROVIDE (__CTOR_END__, ABSOLUTE (.))
                [!provide]                        PROVIDE (__DTOR_LIST__, ABSOLUTE (.))
 *(.dtors)
 *(SORT(.dtors.*))
                [!provide]                        PROVIDE (__DTOR_END__, ABSOLUTE (.))
 *(.jcr)
                0x0000000000001898                . = ALIGN (0x4)

.rodata         0x0000000000001898        0x0
                0x0000000000001898                PROVIDE (__ram_rodata_start, ABSOLUTE (.))
                0x0000000000001898                . = ALIGN (0x4)
 *(.rodata .rodata.* .gnu.linkonce.r.*)
 *(.rodata1)
                0x0000000000001898                . = ALIGN (0x4)
                0x0000000000001898                PROVIDE (__ram_rodata_end, ABSOLUTE (.))
                0x0000000000001898                PROVIDE (__flash_rodata_start, LOADADDR (.rodata))

.rwdata         0x0000000000001898        0x8 load address 0x00000000000018a0
                0x0000000000001898                PROVIDE (__ram_rwdata_start, ABSOLUTE (.))
                0x0000000000001898                . = ALIGN (0x4)
 *(.got.plt)
 *(.got)
 *(.data1)
 *(.data .data.* .gnu.linkonce.d.*)
 .data          0x0000000000001898        0x0 ../Clock_bsp//obj/HAL/src/crt0.o
 .data          0x0000000000001898        0x0 obj/default/hello_world_small.o
 .data          0x0000000000001898        0x0 /home/steph/intelFPGA_lite/18.1/nios2eds/bin/gnu/H-x86_64-pc-linux-gnu/bin/../lib/gcc/nios2-elf/5.3.0/mno-hw-mul/libgcc.a(lib2-divmod.o)
 .data          0x0000000000001898        0x0 ../Clock_bsp//libhal_bsp.a(alt_iic.o)
 .data          0x0000000000001898        0x0 ../Clock_bsp//libhal_bsp.a(alt_iic_isr_register.o)
 .data          0x0000000000001898        0x0 ../Clock_bsp//libhal_bsp.a(alt_irq_entry.o)
 .data          0x0000000000001898        0x0 ../Clock_bsp//libhal_bsp.a(alt_irq_handler.o)
 .data          0x0000000000001898        0x0 ../Clock_bsp//libhal_bsp.a(alt_irq_vars.o)
 .data          0x0000000000001898        0x0 ../Clock_bsp//libhal_bsp.a(alt_load.o)
 .data          0x0000000000001898        0x0 ../Clock_bsp//libhal_bsp.a(alt_main.o)
 .data          0x0000000000001898        0x0 ../Clock_bsp//libhal_bsp.a(alt_sys_init.o)
 .data          0x0000000000001898        0x0 ../Clock_bsp//libhal_bsp.a(alt_dcache_flush_all.o)
 .data          0x0000000000001898        0x0 ../Clock_bsp//libhal_bsp.a(alt_exception_entry.o)
 .data          0x0000000000001898        0x0 ../Clock_bsp//libhal_bsp.a(alt_icache_flush_all.o)
 .data          0x0000000000001898        0x0 ../Clock_bsp//libhal_bsp.a(alt_instruction_exception_entry.o)
 .data          0x0000000000001898        0x0 ../Clock_bsp//libhal_bsp.a(altera_nios2_gen2_irq.o)
                0x0000000000009898                _gp = ABSOLUTE ((. + 0x8000))
                [!provide]                        PROVIDE (gp, _gp)
 *(.rwdata .rwdata.*)
 *(.sdata .sdata.* .gnu.linkonce.s.*)
 .sdata         0x0000000000001898        0x4 ../Clock_bsp//libhal_bsp.a(alt_irq_vars.o)
                0x0000000000001898                alt_priority_mask
 .sdata         0x000000000000189c        0x4 ../Clock_bsp//libhal_bsp.a(alt_sys_init.o)
                0x000000000000189c                jtag_uart_0
 *(.sdata2 .sdata2.* .gnu.linkonce.s2.*)
                0x00000000000018a0                . = ALIGN (0x4)
                0x00000000000018a0                _edata = ABSOLUTE (.)
                [!provide]                        PROVIDE (edata, ABSOLUTE (.))
                0x00000000000018a0                PROVIDE (__ram_rwdata_end, ABSOLUTE (.))
                0x00000000000018a0                PROVIDE (__flash_rwdata_start, LOADADDR (.rwdata))

.bss            0x00000000000018a8      0x154
                0x00000000000018a8                __bss_start = ABSOLUTE (.)
                [!provide]                        PROVIDE (__sbss_start, ABSOLUTE (.))
                [!provide]                        PROVIDE (___sbss_start, ABSOLUTE (.))
 *(.dynsbss)
 *(.sbss .sbss.* .gnu.linkonce.sb.*)
 .sbss          0x00000000000018a8       0x17 obj/default/hello_world_small.o
                0x00000000000018b4                change_hours
                0x00000000000018b8                change_min
                0x00000000000018bc                set_h
                0x00000000000018bd                set_min
                0x00000000000018be                config_mode
 *fill*         0x00000000000018bf        0x1 
 .sbss          0x00000000000018c0        0x4 ../Clock_bsp//libhal_bsp.a(alt_irq_vars.o)
                0x00000000000018c0                alt_irq_active
 .sbss          0x00000000000018c4        0xc ../Clock_bsp//libhal_bsp.a(alt_main.o)
                0x00000000000018c4                alt_envp
                0x00000000000018c8                alt_argv
                0x00000000000018cc                alt_argc
 .sbss          0x00000000000018d0        0x4 ../Clock_bsp//libhal_bsp.a(alt_instruction_exception_entry.o)
                0x00000000000018d0                alt_instruction_exception_handler
 *(.sbss2 .sbss2.* .gnu.linkonce.sb2.*)
 *(.scommon)
                [!provide]                        PROVIDE (__sbss_end, ABSOLUTE (.))
                [!provide]                        PROVIDE (___sbss_end, ABSOLUTE (.))
 *(.dynbss)
 *(.bss .bss.* .gnu.linkonce.b.*)
 .bss           0x00000000000018d4        0x0 ../Clock_bsp//obj/HAL/src/crt0.o
 .bss           0x00000000000018d4       0x28 obj/default/hello_world_small.o
 .bss           0x00000000000018fc        0x0 /home/steph/intelFPGA_lite/18.1/nios2eds/bin/gnu/H-x86_64-pc-linux-gnu/bin/../lib/gcc/nios2-elf/5.3.0/mno-hw-mul/libgcc.a(lib2-divmod.o)
 .bss           0x00000000000018fc        0x0 ../Clock_bsp//libhal_bsp.a(alt_iic.o)
 .bss           0x00000000000018fc        0x0 ../Clock_bsp//libhal_bsp.a(alt_iic_isr_register.o)
 .bss           0x00000000000018fc        0x0 ../Clock_bsp//libhal_bsp.a(alt_irq_entry.o)
 .bss           0x00000000000018fc        0x0 ../Clock_bsp//libhal_bsp.a(alt_irq_handler.o)
 .bss           0x00000000000018fc        0x0 ../Clock_bsp//libhal_bsp.a(alt_irq_vars.o)
 .bss           0x00000000000018fc        0x0 ../Clock_bsp//libhal_bsp.a(alt_load.o)
 .bss           0x00000000000018fc        0x0 ../Clock_bsp//libhal_bsp.a(alt_main.o)
 .bss           0x00000000000018fc        0x0 ../Clock_bsp//libhal_bsp.a(alt_sys_init.o)
 .bss           0x00000000000018fc        0x0 ../Clock_bsp//libhal_bsp.a(alt_dcache_flush_all.o)
 .bss           0x00000000000018fc        0x0 ../Clock_bsp//libhal_bsp.a(alt_exception_entry.o)
 .bss           0x00000000000018fc        0x0 ../Clock_bsp//libhal_bsp.a(alt_icache_flush_all.o)
 .bss           0x00000000000018fc        0x0 ../Clock_bsp//libhal_bsp.a(alt_instruction_exception_entry.o)
 .bss           0x00000000000018fc        0x0 ../Clock_bsp//libhal_bsp.a(altera_nios2_gen2_irq.o)
 *(COMMON)
 COMMON         0x00000000000018fc      0x100 ../Clock_bsp//libhal_bsp.a(alt_irq_handler.o)
                0x00000000000018fc                alt_irq
                0x00000000000019fc                . = ALIGN (0x4)
                0x00000000000019fc                __bss_end = ABSOLUTE (.)

.onchip_memory2_0
                0x00000000000019fc        0x0
                [!provide]                        PROVIDE (_alt_partition_onchip_memory2_0_start, ABSOLUTE (.))
 *(.onchip_memory2_0 .onchip_memory2_0. onchip_memory2_0.*)
                0x00000000000019fc                . = ALIGN (0x4)
                [!provide]                        PROVIDE (_alt_partition_onchip_memory2_0_end, ABSOLUTE (.))
                0x00000000000019fc                _end = ABSOLUTE (.)
                0x00000000000019fc                end = ABSOLUTE (.)
                0x00000000000019fc                __alt_stack_base = ABSOLUTE (.)
                [!provide]                        PROVIDE (_alt_partition_onchip_memory2_0_load_addr, LOADADDR (.onchip_memory2_0))

.stab
 *(.stab)

.stabstr
 *(.stabstr)

.stab.excl
 *(.stab.excl)

.stab.exclstr
 *(.stab.exclstr)

.stab.index
 *(.stab.index)

.stab.indexstr
 *(.stab.indexstr)

.comment        0x0000000000000000       0x23
 *(.comment)
 .comment       0x0000000000000000       0x23 obj/default/hello_world_small.o
                                         0x24 (size before relaxing)
 .comment       0x0000000000000023       0x24 /home/steph/intelFPGA_lite/18.1/nios2eds/bin/gnu/H-x86_64-pc-linux-gnu/bin/../lib/gcc/nios2-elf/5.3.0/mno-hw-mul/libgcc.a(lib2-divmod.o)
 .comment       0x0000000000000023       0x24 ../Clock_bsp//libhal_bsp.a(alt_iic.o)
 .comment       0x0000000000000023       0x24 ../Clock_bsp//libhal_bsp.a(alt_iic_isr_register.o)
 .comment       0x0000000000000023       0x24 ../Clock_bsp//libhal_bsp.a(alt_irq_handler.o)
 .comment       0x0000000000000023       0x24 ../Clock_bsp//libhal_bsp.a(alt_irq_vars.o)
 .comment       0x0000000000000023       0x24 ../Clock_bsp//libhal_bsp.a(alt_load.o)
 .comment       0x0000000000000023       0x24 ../Clock_bsp//libhal_bsp.a(alt_main.o)
 .comment       0x0000000000000023       0x24 ../Clock_bsp//libhal_bsp.a(alt_sys_init.o)
 .comment       0x0000000000000023       0x24 ../Clock_bsp//libhal_bsp.a(alt_dcache_flush_all.o)
 .comment       0x0000000000000023       0x24 ../Clock_bsp//libhal_bsp.a(alt_icache_flush_all.o)
 .comment       0x0000000000000023       0x24 ../Clock_bsp//libhal_bsp.a(alt_instruction_exception_entry.o)
 .comment       0x0000000000000023       0x24 ../Clock_bsp//libhal_bsp.a(altera_nios2_gen2_irq.o)

.debug
 *(.debug)

.line
 *(.line)

.debug_srcinfo
 *(.debug_srcinfo)

.debug_sfnames
 *(.debug_sfnames)

.debug_aranges  0x0000000000000000      0x238
 *(.debug_aranges)
 .debug_aranges
                0x0000000000000000       0x28 ../Clock_bsp//obj/HAL/src/crt0.o
 .debug_aranges
                0x0000000000000028       0x28 obj/default/hello_world_small.o
 .debug_aranges
                0x0000000000000050       0x20 /home/steph/intelFPGA_lite/18.1/nios2eds/bin/gnu/H-x86_64-pc-linux-gnu/bin/../lib/gcc/nios2-elf/5.3.0/mno-hw-mul/libgcc.a(lib2-divmod.o)
 .debug_aranges
                0x0000000000000070       0x20 ../Clock_bsp//libhal_bsp.a(alt_iic.o)
 .debug_aranges
                0x0000000000000090       0x20 ../Clock_bsp//libhal_bsp.a(alt_iic_isr_register.o)
 .debug_aranges
                0x00000000000000b0       0x30 ../Clock_bsp//libhal_bsp.a(alt_irq_entry.o)
 .debug_aranges
                0x00000000000000e0       0x20 ../Clock_bsp//libhal_bsp.a(alt_irq_handler.o)
 .debug_aranges
                0x0000000000000100       0x18 ../Clock_bsp//libhal_bsp.a(alt_irq_vars.o)
 .debug_aranges
                0x0000000000000118       0x20 ../Clock_bsp//libhal_bsp.a(alt_load.o)
 .debug_aranges
                0x0000000000000138       0x20 ../Clock_bsp//libhal_bsp.a(alt_main.o)
 .debug_aranges
                0x0000000000000158       0x20 ../Clock_bsp//libhal_bsp.a(alt_sys_init.o)
 .debug_aranges
                0x0000000000000178       0x20 ../Clock_bsp//libhal_bsp.a(alt_dcache_flush_all.o)
 .debug_aranges
                0x0000000000000198       0x38 ../Clock_bsp//libhal_bsp.a(alt_exception_entry.o)
 .debug_aranges
                0x00000000000001d0       0x20 ../Clock_bsp//libhal_bsp.a(alt_icache_flush_all.o)
 .debug_aranges
                0x00000000000001f0       0x28 ../Clock_bsp//libhal_bsp.a(alt_instruction_exception_entry.o)
 .debug_aranges
                0x0000000000000218       0x20 ../Clock_bsp//libhal_bsp.a(altera_nios2_gen2_irq.o)

.debug_pubnames
 *(.debug_pubnames)

.debug_info     0x0000000000000000     0x17d9
 *(.debug_info .gnu.linkonce.wi.*)
 .debug_info    0x0000000000000000       0x75 ../Clock_bsp//obj/HAL/src/crt0.o
 .debug_info    0x0000000000000075      0x352 obj/default/hello_world_small.o
 .debug_info    0x00000000000003c7      0x2c6 /home/steph/intelFPGA_lite/18.1/nios2eds/bin/gnu/H-x86_64-pc-linux-gnu/bin/../lib/gcc/nios2-elf/5.3.0/mno-hw-mul/libgcc.a(lib2-divmod.o)
 .debug_info    0x000000000000068d      0x38a ../Clock_bsp//libhal_bsp.a(alt_iic.o)
 .debug_info    0x0000000000000a17      0x232 ../Clock_bsp//libhal_bsp.a(alt_iic_isr_register.o)
 .debug_info    0x0000000000000c49       0x7e ../Clock_bsp//libhal_bsp.a(alt_irq_entry.o)
 .debug_info    0x0000000000000cc7      0x184 ../Clock_bsp//libhal_bsp.a(alt_irq_handler.o)
 .debug_info    0x0000000000000e4b       0x88 ../Clock_bsp//libhal_bsp.a(alt_irq_vars.o)
 .debug_info    0x0000000000000ed3      0x1c9 ../Clock_bsp//libhal_bsp.a(alt_load.o)
 .debug_info    0x000000000000109c      0x169 ../Clock_bsp//libhal_bsp.a(alt_main.o)
 .debug_info    0x0000000000001205      0x19d ../Clock_bsp//libhal_bsp.a(alt_sys_init.o)
 .debug_info    0x00000000000013a2       0x92 ../Clock_bsp//libhal_bsp.a(alt_dcache_flush_all.o)
 .debug_info    0x0000000000001434       0x84 ../Clock_bsp//libhal_bsp.a(alt_exception_entry.o)
 .debug_info    0x00000000000014b8       0x92 ../Clock_bsp//libhal_bsp.a(alt_icache_flush_all.o)
 .debug_info    0x000000000000154a      0x1fd ../Clock_bsp//libhal_bsp.a(alt_instruction_exception_entry.o)
 .debug_info    0x0000000000001747       0x92 ../Clock_bsp//libhal_bsp.a(altera_nios2_gen2_irq.o)

.debug_abbrev   0x0000000000000000      0xc14
 *(.debug_abbrev)
 .debug_abbrev  0x0000000000000000       0x12 ../Clock_bsp//obj/HAL/src/crt0.o
 .debug_abbrev  0x0000000000000012      0x1b3 obj/default/hello_world_small.o
 .debug_abbrev  0x00000000000001c5      0x10e /home/steph/intelFPGA_lite/18.1/nios2eds/bin/gnu/H-x86_64-pc-linux-gnu/bin/../lib/gcc/nios2-elf/5.3.0/mno-hw-mul/libgcc.a(lib2-divmod.o)
 .debug_abbrev  0x00000000000002d3      0x1a0 ../Clock_bsp//libhal_bsp.a(alt_iic.o)
 .debug_abbrev  0x0000000000000473      0x19c ../Clock_bsp//libhal_bsp.a(alt_iic_isr_register.o)
 .debug_abbrev  0x000000000000060f       0x12 ../Clock_bsp//libhal_bsp.a(alt_irq_entry.o)
 .debug_abbrev  0x0000000000000621      0x120 ../Clock_bsp//libhal_bsp.a(alt_irq_handler.o)
 .debug_abbrev  0x0000000000000741       0x40 ../Clock_bsp//libhal_bsp.a(alt_irq_vars.o)
 .debug_abbrev  0x0000000000000781       0xd8 ../Clock_bsp//libhal_bsp.a(alt_load.o)
 .debug_abbrev  0x0000000000000859       0xee ../Clock_bsp//libhal_bsp.a(alt_main.o)
 .debug_abbrev  0x0000000000000947      0x10e ../Clock_bsp//libhal_bsp.a(alt_sys_init.o)
 .debug_abbrev  0x0000000000000a55       0x42 ../Clock_bsp//libhal_bsp.a(alt_dcache_flush_all.o)
 .debug_abbrev  0x0000000000000a97       0x12 ../Clock_bsp//libhal_bsp.a(alt_exception_entry.o)
 .debug_abbrev  0x0000000000000aa9       0x42 ../Clock_bsp//libhal_bsp.a(alt_icache_flush_all.o)
 .debug_abbrev  0x0000000000000aeb       0xe7 ../Clock_bsp//libhal_bsp.a(alt_instruction_exception_entry.o)
 .debug_abbrev  0x0000000000000bd2       0x42 ../Clock_bsp//libhal_bsp.a(altera_nios2_gen2_irq.o)

.debug_line     0x0000000000000000      0xa7e
 *(.debug_line)
 .debug_line    0x0000000000000000       0x66 ../Clock_bsp//obj/HAL/src/crt0.o
 .debug_line    0x0000000000000066      0x113 obj/default/hello_world_small.o
 .debug_line    0x0000000000000179      0x105 /home/steph/intelFPGA_lite/18.1/nios2eds/bin/gnu/H-x86_64-pc-linux-gnu/bin/../lib/gcc/nios2-elf/5.3.0/mno-hw-mul/libgcc.a(lib2-divmod.o)
 .debug_line    0x000000000000027e       0xf1 ../Clock_bsp//libhal_bsp.a(alt_iic.o)
 .debug_line    0x000000000000036f       0xd6 ../Clock_bsp//libhal_bsp.a(alt_iic_isr_register.o)
 .debug_line    0x0000000000000445       0x6b ../Clock_bsp//libhal_bsp.a(alt_irq_entry.o)
 .debug_line    0x00000000000004b0       0xa5 ../Clock_bsp//libhal_bsp.a(alt_irq_handler.o)
 .debug_line    0x0000000000000555       0x50 ../Clock_bsp//libhal_bsp.a(alt_irq_vars.o)
 .debug_line    0x00000000000005a5       0xa4 ../Clock_bsp//libhal_bsp.a(alt_load.o)
 .debug_line    0x0000000000000649       0xbd ../Clock_bsp//libhal_bsp.a(alt_main.o)
 .debug_line    0x0000000000000706      0x11a ../Clock_bsp//libhal_bsp.a(alt_sys_init.o)
 .debug_line    0x0000000000000820       0x4e ../Clock_bsp//libhal_bsp.a(alt_dcache_flush_all.o)
 .debug_line    0x000000000000086e       0xb3 ../Clock_bsp//libhal_bsp.a(alt_exception_entry.o)
 .debug_line    0x0000000000000921       0x4e ../Clock_bsp//libhal_bsp.a(alt_icache_flush_all.o)
 .debug_line    0x000000000000096f       0xbf ../Clock_bsp//libhal_bsp.a(alt_instruction_exception_entry.o)
 .debug_line    0x0000000000000a2e       0x50 ../Clock_bsp//libhal_bsp.a(altera_nios2_gen2_irq.o)

.debug_frame    0x0000000000000000      0x2d8
 *(.debug_frame)
 .debug_frame   0x0000000000000000       0xac obj/default/hello_world_small.o
 .debug_frame   0x00000000000000ac       0x50 /home/steph/intelFPGA_lite/18.1/nios2eds/bin/gnu/H-x86_64-pc-linux-gnu/bin/../lib/gcc/nios2-elf/5.3.0/mno-hw-mul/libgcc.a(lib2-divmod.o)
 .debug_frame   0x00000000000000fc       0x50 ../Clock_bsp//libhal_bsp.a(alt_iic.o)
 .debug_frame   0x000000000000014c       0x30 ../Clock_bsp//libhal_bsp.a(alt_iic_isr_register.o)
 .debug_frame   0x000000000000017c       0x34 ../Clock_bsp//libhal_bsp.a(alt_irq_handler.o)
 .debug_frame   0x00000000000001b0       0x30 ../Clock_bsp//libhal_bsp.a(alt_load.o)
 .debug_frame   0x00000000000001e0       0x2c ../Clock_bsp//libhal_bsp.a(alt_main.o)
 .debug_frame   0x000000000000020c       0x3c ../Clock_bsp//libhal_bsp.a(alt_sys_init.o)
 .debug_frame   0x0000000000000248       0x20 ../Clock_bsp//libhal_bsp.a(alt_dcache_flush_all.o)
 .debug_frame   0x0000000000000268       0x20 ../Clock_bsp//libhal_bsp.a(alt_icache_flush_all.o)
 .debug_frame   0x0000000000000288       0x30 ../Clock_bsp//libhal_bsp.a(alt_instruction_exception_entry.o)
 .debug_frame   0x00000000000002b8       0x20 ../Clock_bsp//libhal_bsp.a(altera_nios2_gen2_irq.o)

.debug_str      0x0000000000000000      0xcc9
 *(.debug_str)
 .debug_str     0x0000000000000000      0x20d obj/default/hello_world_small.o
                                        0x261 (size before relaxing)
 .debug_str     0x000000000000020d      0x188 /home/steph/intelFPGA_lite/18.1/nios2eds/bin/gnu/H-x86_64-pc-linux-gnu/bin/../lib/gcc/nios2-elf/5.3.0/mno-hw-mul/libgcc.a(lib2-divmod.o)
                                        0x1d3 (size before relaxing)
 .debug_str     0x0000000000000395      0x13c ../Clock_bsp//libhal_bsp.a(alt_iic.o)
                                        0x25a (size before relaxing)
 .debug_str     0x00000000000004d1       0x37 ../Clock_bsp//libhal_bsp.a(alt_iic_isr_register.o)
                                        0x214 (size before relaxing)
 .debug_str     0x0000000000000508       0x3a ../Clock_bsp//libhal_bsp.a(alt_irq_handler.o)
                                        0x19e (size before relaxing)
 .debug_str     0x0000000000000542       0x17 ../Clock_bsp//libhal_bsp.a(alt_irq_vars.o)
                                        0x141 (size before relaxing)
 .debug_str     0x0000000000000559      0x113 ../Clock_bsp//libhal_bsp.a(alt_load.o)
                                        0x243 (size before relaxing)
 .debug_str     0x000000000000066c       0x8f ../Clock_bsp//libhal_bsp.a(alt_main.o)
                                        0x1bc (size before relaxing)
 .debug_str     0x00000000000006fb       0xe5 ../Clock_bsp//libhal_bsp.a(alt_sys_init.o)
                                        0x265 (size before relaxing)
 .debug_str     0x00000000000007e0       0x1f ../Clock_bsp//libhal_bsp.a(alt_dcache_flush_all.o)
                                        0x15c (size before relaxing)
 .debug_str     0x00000000000007ff       0x1f ../Clock_bsp//libhal_bsp.a(alt_icache_flush_all.o)
                                        0x15c (size before relaxing)
 .debug_str     0x000000000000081e      0x48b ../Clock_bsp//libhal_bsp.a(alt_instruction_exception_entry.o)
                                        0x5a7 (size before relaxing)
 .debug_str     0x0000000000000ca9       0x20 ../Clock_bsp//libhal_bsp.a(altera_nios2_gen2_irq.o)
                                        0x163 (size before relaxing)

.debug_loc      0x0000000000000000      0x970
 *(.debug_loc)
 .debug_loc     0x0000000000000000       0xa7 obj/default/hello_world_small.o
 .debug_loc     0x00000000000000a7      0x4ce /home/steph/intelFPGA_lite/18.1/nios2eds/bin/gnu/H-x86_64-pc-linux-gnu/bin/../lib/gcc/nios2-elf/5.3.0/mno-hw-mul/libgcc.a(lib2-divmod.o)
 .debug_loc     0x0000000000000575      0x170 ../Clock_bsp//libhal_bsp.a(alt_iic.o)
 .debug_loc     0x00000000000006e5      0x193 ../Clock_bsp//libhal_bsp.a(alt_iic_isr_register.o)
 .debug_loc     0x0000000000000878       0x72 ../Clock_bsp//libhal_bsp.a(alt_irq_handler.o)
 .debug_loc     0x00000000000008ea       0x21 ../Clock_bsp//libhal_bsp.a(alt_sys_init.o)
 .debug_loc     0x000000000000090b       0x65 ../Clock_bsp//libhal_bsp.a(alt_instruction_exception_entry.o)

.debug_macinfo
 *(.debug_macinfo)

.debug_weaknames
 *(.debug_weaknames)

.debug_funcnames
 *(.debug_funcnames)

.debug_typenames
 *(.debug_typenames)

.debug_varnames
 *(.debug_varnames)

.debug_alt_sim_info
                0x0000000000000000       0x10
 *(.debug_alt_sim_info)
 .debug_alt_sim_info
                0x0000000000000000       0x10 ../Clock_bsp//obj/HAL/src/crt0.o
                0x0000000000002000                __alt_data_end = 0x2000
                0x0000000000002000                PROVIDE (__alt_stack_pointer, __alt_data_end)
                [!provide]                        PROVIDE (__alt_stack_limit, __alt_stack_base)
                [!provide]                        PROVIDE (__alt_heap_start, end)
                [!provide]                        PROVIDE (__alt_heap_limit, 0x2000)
OUTPUT(Clock.elf elf32-littlenios2)

.debug_ranges   0x0000000000000000      0x160
 .debug_ranges  0x0000000000000000       0x20 ../Clock_bsp//obj/HAL/src/crt0.o
 .debug_ranges  0x0000000000000020       0x18 obj/default/hello_world_small.o
 .debug_ranges  0x0000000000000038       0x60 /home/steph/intelFPGA_lite/18.1/nios2eds/bin/gnu/H-x86_64-pc-linux-gnu/bin/../lib/gcc/nios2-elf/5.3.0/mno-hw-mul/libgcc.a(lib2-divmod.o)
 .debug_ranges  0x0000000000000098       0x28 ../Clock_bsp//libhal_bsp.a(alt_irq_entry.o)
 .debug_ranges  0x00000000000000c0       0x10 ../Clock_bsp//libhal_bsp.a(alt_irq_handler.o)
 .debug_ranges  0x00000000000000d0       0x48 ../Clock_bsp//libhal_bsp.a(alt_load.o)
 .debug_ranges  0x0000000000000118       0x30 ../Clock_bsp//libhal_bsp.a(alt_exception_entry.o)
 .debug_ranges  0x0000000000000148       0x18 ../Clock_bsp//libhal_bsp.a(alt_instruction_exception_entry.o)
