Archive member included to satisfy reference by file (symbol)

../prueba2_bsp/\libhal_bsp.a(alt_iic.o)
                              obj/default/hello_world_small.o (alt_ic_isr_register)
../prueba2_bsp/\libhal_bsp.a(alt_iic_isr_register.o)
                              ../prueba2_bsp/\libhal_bsp.a(alt_iic.o) (alt_iic_isr_register)
../prueba2_bsp/\libhal_bsp.a(alt_irq_entry.o)
                              ../prueba2_bsp/\libhal_bsp.a(alt_iic_isr_register.o) (alt_irq_entry)
../prueba2_bsp/\libhal_bsp.a(alt_irq_handler.o)
                              ../prueba2_bsp/\libhal_bsp.a(alt_iic_isr_register.o) (alt_irq_handler)
../prueba2_bsp/\libhal_bsp.a(alt_irq_vars.o)
                              ../prueba2_bsp/\libhal_bsp.a(alt_iic.o) (alt_irq_active)
../prueba2_bsp/\libhal_bsp.a(alt_load.o)
                              ../prueba2_bsp//obj/HAL/src/crt0.o (alt_load)
../prueba2_bsp/\libhal_bsp.a(alt_main.o)
                              ../prueba2_bsp//obj/HAL/src/crt0.o (alt_main)
../prueba2_bsp/\libhal_bsp.a(alt_sys_init.o)
                              ../prueba2_bsp/\libhal_bsp.a(alt_main.o) (alt_irq_init)
../prueba2_bsp/\libhal_bsp.a(alt_dcache_flush_all.o)
                              ../prueba2_bsp/\libhal_bsp.a(alt_load.o) (alt_dcache_flush_all)
../prueba2_bsp/\libhal_bsp.a(alt_exception_entry.o)
                              ../prueba2_bsp/\libhal_bsp.a(alt_irq_entry.o) (alt_exception)
../prueba2_bsp/\libhal_bsp.a(alt_icache_flush_all.o)
                              ../prueba2_bsp/\libhal_bsp.a(alt_load.o) (alt_icache_flush_all)
../prueba2_bsp/\libhal_bsp.a(alt_instruction_exception_entry.o)
                              ../prueba2_bsp/\libhal_bsp.a(alt_exception_entry.o) (alt_instruction_exception_entry)
../prueba2_bsp/\libhal_bsp.a(altera_nios2_gen2_irq.o)
                              ../prueba2_bsp/\libhal_bsp.a(alt_sys_init.o) (altera_nios2_gen2_irq_init)

Allocating common symbols
Common symbol       size              file

alt_irq             0x100             ../prueba2_bsp/\libhal_bsp.a(alt_irq_handler.o)

Memory Configuration

Name             Origin             Length             Attributes
reset            0x0000000000001000 0x0000000000000020
onchip_memory2_0 0x0000000000001020 0x0000000000000fe0
*default*        0x0000000000000000 0xffffffffffffffff

Linker script and memory map

LOAD ../prueba2_bsp//obj/HAL/src/crt0.o
LOAD obj/default/hello_world_small.o
LOAD c:/intelfpga_lite/18.1/nios2eds/bin/gnu/h-x86_64-mingw32/bin/../lib/gcc/nios2-elf/5.3.0/../../../../../H-x86_64-mingw32/nios2-elf/lib/mno-hw-mul\libstdc++.a
LOAD c:/intelfpga_lite/18.1/nios2eds/bin/gnu/h-x86_64-mingw32/bin/../lib/gcc/nios2-elf/5.3.0/../../../../../H-x86_64-mingw32/nios2-elf/lib/mno-hw-mul\libm.a
LOAD c:/intelfpga_lite/18.1/nios2eds/bin/gnu/h-x86_64-mingw32/bin/../lib/gcc/nios2-elf/5.3.0/mno-hw-mul\libgcc.a
START GROUP
LOAD c:/intelfpga_lite/18.1/nios2eds/bin/gnu/h-x86_64-mingw32/bin/../lib/gcc/nios2-elf/5.3.0/../../../../../H-x86_64-mingw32/nios2-elf/lib/mno-hw-mul\libsmallc.a
LOAD c:/intelfpga_lite/18.1/nios2eds/bin/gnu/h-x86_64-mingw32/bin/../lib/gcc/nios2-elf/5.3.0/mno-hw-mul\libgcc.a
LOAD ../prueba2_bsp/\libhal_bsp.a
LOAD c:/intelfpga_lite/18.1/nios2eds/bin/gnu/h-x86_64-mingw32/bin/../lib/gcc/nios2-elf/5.3.0/../../../../../H-x86_64-mingw32/nios2-elf/lib/mno-hw-mul\libm.a
END GROUP
LOAD c:/intelfpga_lite/18.1/nios2eds/bin/gnu/h-x86_64-mingw32/bin/../lib/gcc/nios2-elf/5.3.0/mno-hw-mul\libgcc.a
                0x0000000000001000                __alt_mem_onchip_memory2_0 = 0x1000

.entry          0x0000000000001000       0x20
 *(.entry)
 .entry         0x0000000000001000       0x20 ../prueba2_bsp//obj/HAL/src/crt0.o
                0x0000000000001000                __reset
                0x000000000000100c                _exit

.exceptions     0x0000000000001020      0x160
                0x0000000000001020                PROVIDE (__ram_exceptions_start, ABSOLUTE (.))
                0x0000000000001020                . = ALIGN (0x20)
 *(.irq)
 *(.exceptions.entry.label)
 .exceptions.entry.label
                0x0000000000001020        0x0 ../prueba2_bsp/\libhal_bsp.a(alt_irq_entry.o)
                0x0000000000001020                alt_irq_entry
 .exceptions.entry.label
                0x0000000000001020        0x0 ../prueba2_bsp/\libhal_bsp.a(alt_exception_entry.o)
                0x0000000000001020                alt_exception
 *(.exceptions.entry.user)
 *(.exceptions.entry.ecc_fatal)
 *(.exceptions.entry)
 .exceptions.entry
                0x0000000000001020       0x54 ../prueba2_bsp/\libhal_bsp.a(alt_exception_entry.o)
 *(.exceptions.irqtest.user)
 *(.exceptions.irqtest)
 .exceptions.irqtest
                0x0000000000001074       0x10 ../prueba2_bsp/\libhal_bsp.a(alt_irq_entry.o)
 *(.exceptions.irqhandler.user)
 *(.exceptions.irqhandler)
 .exceptions.irqhandler
                0x0000000000001084        0x4 ../prueba2_bsp/\libhal_bsp.a(alt_irq_entry.o)
 *(.exceptions.irqreturn.user)
 *(.exceptions.irqreturn)
 .exceptions.irqreturn
                0x0000000000001088        0x4 ../prueba2_bsp/\libhal_bsp.a(alt_irq_entry.o)
 *(.exceptions.notirq.label)
 .exceptions.notirq.label
                0x000000000000108c        0x0 ../prueba2_bsp/\libhal_bsp.a(alt_irq_entry.o)
 *(.exceptions.notirq.user)
 *(.exceptions.notirq)
 .exceptions.notirq
                0x000000000000108c        0x8 ../prueba2_bsp/\libhal_bsp.a(alt_exception_entry.o)
 *(.exceptions.soft.user)
 *(.exceptions.soft)
 *(.exceptions.unknown.user)
 *(.exceptions.unknown)
 .exceptions.unknown
                0x0000000000001094       0x14 ../prueba2_bsp/\libhal_bsp.a(alt_exception_entry.o)
 *(.exceptions.exit.label)
 .exceptions.exit.label
                0x00000000000010a8        0x0 ../prueba2_bsp/\libhal_bsp.a(alt_irq_entry.o)
 .exceptions.exit.label
                0x00000000000010a8        0x0 ../prueba2_bsp/\libhal_bsp.a(alt_exception_entry.o)
 *(.exceptions.exit.user)
 *(.exceptions.exit)
 .exceptions.exit
                0x00000000000010a8       0x54 ../prueba2_bsp/\libhal_bsp.a(alt_exception_entry.o)
 *(.exceptions)
 .exceptions    0x00000000000010fc       0x60 ../prueba2_bsp/\libhal_bsp.a(alt_irq_handler.o)
                0x00000000000010fc                alt_irq_handler
 .exceptions    0x000000000000115c       0x24 ../prueba2_bsp/\libhal_bsp.a(alt_instruction_exception_entry.o)
                0x000000000000115c                alt_instruction_exception_entry
                0x0000000000001180                PROVIDE (__ram_exceptions_end, ABSOLUTE (.))
                0x0000000000001020                PROVIDE (__flash_exceptions_start, LOADADDR (.exceptions))

.text           0x0000000000001180      0x560
                [!provide]                        PROVIDE (stext, ABSOLUTE (.))
 *(.interp)
 *(.hash)
 *(.dynsym)
 *(.dynstr)
 *(.gnu.version)
 *(.gnu.version_d)
 *(.gnu.version_r)
 *(.rel.init)
 *(.rela.init)
 *(.rel.text .rel.text.* .rel.gnu.linkonce.t.*)
 *(.rela.text .rela.text.* .rela.gnu.linkonce.t.*)
 *(.rel.fini)
 *(.rela.fini)
 *(.rel.rodata .rel.rodata.* .rel.gnu.linkonce.r.*)
 *(.rela.rodata .rela.rodata.* .rela.gnu.linkonce.r.*)
 *(.rel.data .rel.data.* .rel.gnu.linkonce.d.*)
 *(.rela.data .rela.data.* .rela.gnu.linkonce.d.*)
 *(.rel.tdata .rel.tdata.* .rel.gnu.linkonce.td.*)
 *(.rela.tdata .rela.tdata.* .rela.gnu.linkonce.td.*)
 *(.rel.tbss .rel.tbss.* .rel.gnu.linkonce.tb.*)
 *(.rela.tbss .rela.tbss.* .rela.gnu.linkonce.tb.*)
 *(.rel.ctors)
 *(.rela.ctors)
 *(.rel.dtors)
 *(.rela.dtors)
 *(.rel.got)
 *(.rela.got)
 *(.rel.sdata .rel.sdata.* .rel.gnu.linkonce.s.*)
 *(.rela.sdata .rela.sdata.* .rela.gnu.linkonce.s.*)
 *(.rel.sbss .rel.sbss.* .rel.gnu.linkonce.sb.*)
 *(.rela.sbss .rela.sbss.* .rela.gnu.linkonce.sb.*)
 *(.rel.sdata2 .rel.sdata2.* .rel.gnu.linkonce.s2.*)
 *(.rela.sdata2 .rela.sdata2.* .rela.gnu.linkonce.s2.*)
 *(.rel.sbss2 .rel.sbss2.* .rel.gnu.linkonce.sb2.*)
 *(.rela.sbss2 .rela.sbss2.* .rela.gnu.linkonce.sb2.*)
 *(.rel.bss .rel.bss.* .rel.gnu.linkonce.b.*)
 *(.rela.bss .rela.bss.* .rela.gnu.linkonce.b.*)
 *(.rel.plt)
 *(.rela.plt)
 *(.rel.dyn)
 *(.init)
 *(.plt)
 *(.text .stub .text.* .gnu.linkonce.t.*)
 .text          0x0000000000001180       0x3c ../prueba2_bsp//obj/HAL/src/crt0.o
                0x0000000000001180                _start
 .text          0x00000000000011bc      0x260 obj/default/hello_world_small.o
                0x00000000000011bc                init_timer_interrupt
                0x00000000000011f8                initializeMapping
                0x0000000000001248                displayMapping
                0x0000000000001394                set_button_hours
                0x00000000000013a8                set_button_minutes
                0x00000000000013bc                set_switch_clock
                0x00000000000013dc                set_switch_alarm
                0x00000000000013fc                off_alarm
 .text.startup  0x000000000000141c       0x1c obj/default/hello_world_small.o
                0x000000000000141c                main
 .text          0x0000000000001438       0x8c ../prueba2_bsp/\libhal_bsp.a(alt_iic.o)
                0x0000000000001438                alt_ic_isr_register
                0x000000000000143c                alt_ic_irq_enable
                0x0000000000001474                alt_ic_irq_disable
                0x00000000000014ac                alt_ic_irq_enabled
 .text          0x00000000000014c4       0x68 ../prueba2_bsp/\libhal_bsp.a(alt_iic_isr_register.o)
                0x00000000000014c4                alt_iic_isr_register
 .text          0x000000000000152c        0x0 ../prueba2_bsp/\libhal_bsp.a(alt_irq_entry.o)
 .text          0x000000000000152c        0x0 ../prueba2_bsp/\libhal_bsp.a(alt_irq_handler.o)
 .text          0x000000000000152c        0x0 ../prueba2_bsp/\libhal_bsp.a(alt_irq_vars.o)
 .text          0x000000000000152c       0xe0 ../prueba2_bsp/\libhal_bsp.a(alt_load.o)
                0x000000000000152c                alt_load
 .text          0x000000000000160c       0x2c ../prueba2_bsp/\libhal_bsp.a(alt_main.o)
                0x000000000000160c                alt_main
 .text          0x0000000000001638       0x24 ../prueba2_bsp/\libhal_bsp.a(alt_sys_init.o)
                0x0000000000001638                alt_irq_init
                0x0000000000001658                alt_sys_init
 .text          0x000000000000165c        0x4 ../prueba2_bsp/\libhal_bsp.a(alt_dcache_flush_all.o)
                0x000000000000165c                alt_dcache_flush_all
 .text          0x0000000000001660        0x0 ../prueba2_bsp/\libhal_bsp.a(alt_exception_entry.o)
 .text          0x0000000000001660        0x4 ../prueba2_bsp/\libhal_bsp.a(alt_icache_flush_all.o)
                0x0000000000001660                alt_icache_flush_all
 .text          0x0000000000001664       0x74 ../prueba2_bsp/\libhal_bsp.a(alt_instruction_exception_entry.o)
                0x0000000000001664                alt_exception_cause_generated_bad_addr
 .text          0x00000000000016d8        0x8 ../prueba2_bsp/\libhal_bsp.a(altera_nios2_gen2_irq.o)
                0x00000000000016d8                altera_nios2_gen2_irq_init
 *(.gnu.warning.*)
 *(.fini)
                [!provide]                        PROVIDE (__etext, ABSOLUTE (.))
                [!provide]                        PROVIDE (_etext, ABSOLUTE (.))
                [!provide]                        PROVIDE (etext, ABSOLUTE (.))
 *(.eh_frame_hdr)
                0x00000000000016e0                . = ALIGN (0x4)
                [!provide]                        PROVIDE (__preinit_array_start, ABSOLUTE (.))
 *(.preinit_array)
                [!provide]                        PROVIDE (__preinit_array_end, ABSOLUTE (.))
                [!provide]                        PROVIDE (__init_array_start, ABSOLUTE (.))
 *(.init_array)
                [!provide]                        PROVIDE (__init_array_end, ABSOLUTE (.))
                [!provide]                        PROVIDE (__fini_array_start, ABSOLUTE (.))
 *(.fini_array)
                [!provide]                        PROVIDE (__fini_array_end, ABSOLUTE (.))
 *(.eh_frame)
 *(.gcc_except_table .gcc_except_table.*)
 *(.dynamic)
                [!provide]                        PROVIDE (__CTOR_LIST__, ABSOLUTE (.))
 *(.ctors)
 *(SORT(.ctors.*))
                [!provide]                        PROVIDE (__CTOR_END__, ABSOLUTE (.))
                [!provide]                        PROVIDE (__DTOR_LIST__, ABSOLUTE (.))
 *(.dtors)
 *(SORT(.dtors.*))
                [!provide]                        PROVIDE (__DTOR_END__, ABSOLUTE (.))
 *(.jcr)
                0x00000000000016e0                . = ALIGN (0x4)

.rodata         0x00000000000016e0        0x0
                0x00000000000016e0                PROVIDE (__ram_rodata_start, ABSOLUTE (.))
                0x00000000000016e0                . = ALIGN (0x4)
 *(.rodata .rodata.* .gnu.linkonce.r.*)
 *(.rodata1)
                0x00000000000016e0                . = ALIGN (0x4)
                0x00000000000016e0                PROVIDE (__ram_rodata_end, ABSOLUTE (.))
                0x00000000000016e0                PROVIDE (__flash_rodata_start, LOADADDR (.rodata))

.rwdata         0x00000000000016e0        0x8 load address 0x00000000000016e8
                0x00000000000016e0                PROVIDE (__ram_rwdata_start, ABSOLUTE (.))
                0x00000000000016e0                . = ALIGN (0x4)
 *(.got.plt)
 *(.got)
 *(.data1)
 *(.data .data.* .gnu.linkonce.d.*)
 .data          0x00000000000016e0        0x0 ../prueba2_bsp//obj/HAL/src/crt0.o
 .data          0x00000000000016e0        0x0 obj/default/hello_world_small.o
 .data          0x00000000000016e0        0x0 ../prueba2_bsp/\libhal_bsp.a(alt_iic.o)
 .data          0x00000000000016e0        0x0 ../prueba2_bsp/\libhal_bsp.a(alt_iic_isr_register.o)
 .data          0x00000000000016e0        0x0 ../prueba2_bsp/\libhal_bsp.a(alt_irq_entry.o)
 .data          0x00000000000016e0        0x0 ../prueba2_bsp/\libhal_bsp.a(alt_irq_handler.o)
 .data          0x00000000000016e0        0x0 ../prueba2_bsp/\libhal_bsp.a(alt_irq_vars.o)
 .data          0x00000000000016e0        0x0 ../prueba2_bsp/\libhal_bsp.a(alt_load.o)
 .data          0x00000000000016e0        0x0 ../prueba2_bsp/\libhal_bsp.a(alt_main.o)
 .data          0x00000000000016e0        0x0 ../prueba2_bsp/\libhal_bsp.a(alt_sys_init.o)
 .data          0x00000000000016e0        0x0 ../prueba2_bsp/\libhal_bsp.a(alt_dcache_flush_all.o)
 .data          0x00000000000016e0        0x0 ../prueba2_bsp/\libhal_bsp.a(alt_exception_entry.o)
 .data          0x00000000000016e0        0x0 ../prueba2_bsp/\libhal_bsp.a(alt_icache_flush_all.o)
 .data          0x00000000000016e0        0x0 ../prueba2_bsp/\libhal_bsp.a(alt_instruction_exception_entry.o)
 .data          0x00000000000016e0        0x0 ../prueba2_bsp/\libhal_bsp.a(altera_nios2_gen2_irq.o)
                0x00000000000096e0                _gp = ABSOLUTE ((. + 0x8000))
                [!provide]                        PROVIDE (gp, _gp)
 *(.rwdata .rwdata.*)
 *(.sdata .sdata.* .gnu.linkonce.s.*)
 .sdata         0x00000000000016e0        0x4 ../prueba2_bsp/\libhal_bsp.a(alt_irq_vars.o)
                0x00000000000016e0                alt_priority_mask
 .sdata         0x00000000000016e4        0x4 ../prueba2_bsp/\libhal_bsp.a(alt_sys_init.o)
                0x00000000000016e4                jtag_uart_0
 *(.sdata2 .sdata2.* .gnu.linkonce.s2.*)
                0x00000000000016e8                . = ALIGN (0x4)
                0x00000000000016e8                _edata = ABSOLUTE (.)
                [!provide]                        PROVIDE (edata, ABSOLUTE (.))
                0x00000000000016e8                PROVIDE (__ram_rwdata_end, ABSOLUTE (.))
                0x00000000000016e8                PROVIDE (__flash_rwdata_start, LOADADDR (.rwdata))

.bss            0x00000000000016f0      0x16c
                0x00000000000016f0                __bss_start = ABSOLUTE (.)
                [!provide]                        PROVIDE (__sbss_start, ABSOLUTE (.))
                [!provide]                        PROVIDE (___sbss_start, ABSOLUTE (.))
 *(.dynsbss)
 *(.sbss .sbss.* .gnu.linkonce.sb.*)
 .sbss          0x00000000000016f0       0x2d obj/default/hello_world_small.o
                0x00000000000016fc                alarm_m
                0x0000000000001700                alarm_h
                0x0000000000001704                current_m
                0x0000000000001708                current_h
                0x000000000000170c                change_hours
                0x0000000000001710                change_min
                0x0000000000001714                alarm_dect
                0x0000000000001718                off
                0x0000000000001719                alarm
                0x000000000000171a                set_h
                0x000000000000171b                set_min
                0x000000000000171c                config_mode
 *fill*         0x000000000000171d        0x3 
 .sbss          0x0000000000001720        0x4 ../prueba2_bsp/\libhal_bsp.a(alt_irq_vars.o)
                0x0000000000001720                alt_irq_active
 .sbss          0x0000000000001724        0xc ../prueba2_bsp/\libhal_bsp.a(alt_main.o)
                0x0000000000001724                alt_envp
                0x0000000000001728                alt_argv
                0x000000000000172c                alt_argc
 .sbss          0x0000000000001730        0x4 ../prueba2_bsp/\libhal_bsp.a(alt_instruction_exception_entry.o)
                0x0000000000001730                alt_instruction_exception_handler
 *(.sbss2 .sbss2.* .gnu.linkonce.sb2.*)
 *(.scommon)
                [!provide]                        PROVIDE (__sbss_end, ABSOLUTE (.))
                [!provide]                        PROVIDE (___sbss_end, ABSOLUTE (.))
 *(.dynbss)
 *(.bss .bss.* .gnu.linkonce.b.*)
 .bss           0x0000000000001734        0x0 ../prueba2_bsp//obj/HAL/src/crt0.o
 .bss           0x0000000000001734       0x28 obj/default/hello_world_small.o
 .bss           0x000000000000175c        0x0 ../prueba2_bsp/\libhal_bsp.a(alt_iic.o)
 .bss           0x000000000000175c        0x0 ../prueba2_bsp/\libhal_bsp.a(alt_iic_isr_register.o)
 .bss           0x000000000000175c        0x0 ../prueba2_bsp/\libhal_bsp.a(alt_irq_entry.o)
 .bss           0x000000000000175c        0x0 ../prueba2_bsp/\libhal_bsp.a(alt_irq_handler.o)
 .bss           0x000000000000175c        0x0 ../prueba2_bsp/\libhal_bsp.a(alt_irq_vars.o)
 .bss           0x000000000000175c        0x0 ../prueba2_bsp/\libhal_bsp.a(alt_load.o)
 .bss           0x000000000000175c        0x0 ../prueba2_bsp/\libhal_bsp.a(alt_main.o)
 .bss           0x000000000000175c        0x0 ../prueba2_bsp/\libhal_bsp.a(alt_sys_init.o)
 .bss           0x000000000000175c        0x0 ../prueba2_bsp/\libhal_bsp.a(alt_dcache_flush_all.o)
 .bss           0x000000000000175c        0x0 ../prueba2_bsp/\libhal_bsp.a(alt_exception_entry.o)
 .bss           0x000000000000175c        0x0 ../prueba2_bsp/\libhal_bsp.a(alt_icache_flush_all.o)
 .bss           0x000000000000175c        0x0 ../prueba2_bsp/\libhal_bsp.a(alt_instruction_exception_entry.o)
 .bss           0x000000000000175c        0x0 ../prueba2_bsp/\libhal_bsp.a(altera_nios2_gen2_irq.o)
 *(COMMON)
 COMMON         0x000000000000175c      0x100 ../prueba2_bsp/\libhal_bsp.a(alt_irq_handler.o)
                0x000000000000175c                alt_irq
                0x000000000000185c                . = ALIGN (0x4)
                0x000000000000185c                __bss_end = ABSOLUTE (.)

.onchip_memory2_0
                0x000000000000185c        0x0
                [!provide]                        PROVIDE (_alt_partition_onchip_memory2_0_start, ABSOLUTE (.))
 *(.onchip_memory2_0 .onchip_memory2_0. onchip_memory2_0.*)
                0x000000000000185c                . = ALIGN (0x4)
                [!provide]                        PROVIDE (_alt_partition_onchip_memory2_0_end, ABSOLUTE (.))
                0x000000000000185c                _end = ABSOLUTE (.)
                0x000000000000185c                end = ABSOLUTE (.)
                0x000000000000185c                __alt_stack_base = ABSOLUTE (.)
                [!provide]                        PROVIDE (_alt_partition_onchip_memory2_0_load_addr, LOADADDR (.onchip_memory2_0))

.stab
 *(.stab)

.stabstr
 *(.stabstr)

.stab.excl
 *(.stab.excl)

.stab.exclstr
 *(.stab.exclstr)

.stab.index
 *(.stab.index)

.stab.indexstr
 *(.stab.indexstr)

.comment        0x0000000000000000       0x23
 *(.comment)
 .comment       0x0000000000000000       0x23 obj/default/hello_world_small.o
                                         0x24 (size before relaxing)
 .comment       0x0000000000000023       0x24 ../prueba2_bsp/\libhal_bsp.a(alt_iic.o)
 .comment       0x0000000000000023       0x24 ../prueba2_bsp/\libhal_bsp.a(alt_iic_isr_register.o)
 .comment       0x0000000000000023       0x24 ../prueba2_bsp/\libhal_bsp.a(alt_irq_handler.o)
 .comment       0x0000000000000023       0x24 ../prueba2_bsp/\libhal_bsp.a(alt_irq_vars.o)
 .comment       0x0000000000000023       0x24 ../prueba2_bsp/\libhal_bsp.a(alt_load.o)
 .comment       0x0000000000000023       0x24 ../prueba2_bsp/\libhal_bsp.a(alt_main.o)
 .comment       0x0000000000000023       0x24 ../prueba2_bsp/\libhal_bsp.a(alt_sys_init.o)
 .comment       0x0000000000000023       0x24 ../prueba2_bsp/\libhal_bsp.a(alt_dcache_flush_all.o)
 .comment       0x0000000000000023       0x24 ../prueba2_bsp/\libhal_bsp.a(alt_icache_flush_all.o)
 .comment       0x0000000000000023       0x24 ../prueba2_bsp/\libhal_bsp.a(alt_instruction_exception_entry.o)
 .comment       0x0000000000000023       0x24 ../prueba2_bsp/\libhal_bsp.a(altera_nios2_gen2_irq.o)

.debug
 *(.debug)

.line
 *(.line)

.debug_srcinfo
 *(.debug_srcinfo)

.debug_sfnames
 *(.debug_sfnames)

.debug_aranges  0x0000000000000000      0x218
 *(.debug_aranges)
 .debug_aranges
                0x0000000000000000       0x28 ../prueba2_bsp//obj/HAL/src/crt0.o
 .debug_aranges
                0x0000000000000028       0x28 obj/default/hello_world_small.o
 .debug_aranges
                0x0000000000000050       0x20 ../prueba2_bsp/\libhal_bsp.a(alt_iic.o)
 .debug_aranges
                0x0000000000000070       0x20 ../prueba2_bsp/\libhal_bsp.a(alt_iic_isr_register.o)
 .debug_aranges
                0x0000000000000090       0x30 ../prueba2_bsp/\libhal_bsp.a(alt_irq_entry.o)
 .debug_aranges
                0x00000000000000c0       0x20 ../prueba2_bsp/\libhal_bsp.a(alt_irq_handler.o)
 .debug_aranges
                0x00000000000000e0       0x18 ../prueba2_bsp/\libhal_bsp.a(alt_irq_vars.o)
 .debug_aranges
                0x00000000000000f8       0x20 ../prueba2_bsp/\libhal_bsp.a(alt_load.o)
 .debug_aranges
                0x0000000000000118       0x20 ../prueba2_bsp/\libhal_bsp.a(alt_main.o)
 .debug_aranges
                0x0000000000000138       0x20 ../prueba2_bsp/\libhal_bsp.a(alt_sys_init.o)
 .debug_aranges
                0x0000000000000158       0x20 ../prueba2_bsp/\libhal_bsp.a(alt_dcache_flush_all.o)
 .debug_aranges
                0x0000000000000178       0x38 ../prueba2_bsp/\libhal_bsp.a(alt_exception_entry.o)
 .debug_aranges
                0x00000000000001b0       0x20 ../prueba2_bsp/\libhal_bsp.a(alt_icache_flush_all.o)
 .debug_aranges
                0x00000000000001d0       0x28 ../prueba2_bsp/\libhal_bsp.a(alt_instruction_exception_entry.o)
 .debug_aranges
                0x00000000000001f8       0x20 ../prueba2_bsp/\libhal_bsp.a(altera_nios2_gen2_irq.o)

.debug_pubnames
 *(.debug_pubnames)

.debug_info     0x0000000000000000     0x165d
 *(.debug_info .gnu.linkonce.wi.*)
 .debug_info    0x0000000000000000       0x7a ../prueba2_bsp//obj/HAL/src/crt0.o
 .debug_info    0x000000000000007a      0x48d obj/default/hello_world_small.o
 .debug_info    0x0000000000000507      0x38a ../prueba2_bsp/\libhal_bsp.a(alt_iic.o)
 .debug_info    0x0000000000000891      0x232 ../prueba2_bsp/\libhal_bsp.a(alt_iic_isr_register.o)
 .debug_info    0x0000000000000ac3       0x83 ../prueba2_bsp/\libhal_bsp.a(alt_irq_entry.o)
 .debug_info    0x0000000000000b46      0x184 ../prueba2_bsp/\libhal_bsp.a(alt_irq_handler.o)
 .debug_info    0x0000000000000cca       0x88 ../prueba2_bsp/\libhal_bsp.a(alt_irq_vars.o)
 .debug_info    0x0000000000000d52      0x1c9 ../prueba2_bsp/\libhal_bsp.a(alt_load.o)
 .debug_info    0x0000000000000f1b      0x169 ../prueba2_bsp/\libhal_bsp.a(alt_main.o)
 .debug_info    0x0000000000001084      0x19d ../prueba2_bsp/\libhal_bsp.a(alt_sys_init.o)
 .debug_info    0x0000000000001221       0x92 ../prueba2_bsp/\libhal_bsp.a(alt_dcache_flush_all.o)
 .debug_info    0x00000000000012b3       0x89 ../prueba2_bsp/\libhal_bsp.a(alt_exception_entry.o)
 .debug_info    0x000000000000133c       0x92 ../prueba2_bsp/\libhal_bsp.a(alt_icache_flush_all.o)
 .debug_info    0x00000000000013ce      0x1fd ../prueba2_bsp/\libhal_bsp.a(alt_instruction_exception_entry.o)
 .debug_info    0x00000000000015cb       0x92 ../prueba2_bsp/\libhal_bsp.a(altera_nios2_gen2_irq.o)

.debug_abbrev   0x0000000000000000      0xb55
 *(.debug_abbrev)
 .debug_abbrev  0x0000000000000000       0x12 ../prueba2_bsp//obj/HAL/src/crt0.o
 .debug_abbrev  0x0000000000000012      0x202 obj/default/hello_world_small.o
 .debug_abbrev  0x0000000000000214      0x1a0 ../prueba2_bsp/\libhal_bsp.a(alt_iic.o)
 .debug_abbrev  0x00000000000003b4      0x19c ../prueba2_bsp/\libhal_bsp.a(alt_iic_isr_register.o)
 .debug_abbrev  0x0000000000000550       0x12 ../prueba2_bsp/\libhal_bsp.a(alt_irq_entry.o)
 .debug_abbrev  0x0000000000000562      0x120 ../prueba2_bsp/\libhal_bsp.a(alt_irq_handler.o)
 .debug_abbrev  0x0000000000000682       0x40 ../prueba2_bsp/\libhal_bsp.a(alt_irq_vars.o)
 .debug_abbrev  0x00000000000006c2       0xd8 ../prueba2_bsp/\libhal_bsp.a(alt_load.o)
 .debug_abbrev  0x000000000000079a       0xee ../prueba2_bsp/\libhal_bsp.a(alt_main.o)
 .debug_abbrev  0x0000000000000888      0x10e ../prueba2_bsp/\libhal_bsp.a(alt_sys_init.o)
 .debug_abbrev  0x0000000000000996       0x42 ../prueba2_bsp/\libhal_bsp.a(alt_dcache_flush_all.o)
 .debug_abbrev  0x00000000000009d8       0x12 ../prueba2_bsp/\libhal_bsp.a(alt_exception_entry.o)
 .debug_abbrev  0x00000000000009ea       0x42 ../prueba2_bsp/\libhal_bsp.a(alt_icache_flush_all.o)
 .debug_abbrev  0x0000000000000a2c       0xe7 ../prueba2_bsp/\libhal_bsp.a(alt_instruction_exception_entry.o)
 .debug_abbrev  0x0000000000000b13       0x42 ../prueba2_bsp/\libhal_bsp.a(altera_nios2_gen2_irq.o)

.debug_line     0x0000000000000000      0x98e
 *(.debug_line)
 .debug_line    0x0000000000000000       0x66 ../prueba2_bsp//obj/HAL/src/crt0.o
 .debug_line    0x0000000000000066      0x128 obj/default/hello_world_small.o
 .debug_line    0x000000000000018e       0xf1 ../prueba2_bsp/\libhal_bsp.a(alt_iic.o)
 .debug_line    0x000000000000027f       0xd6 ../prueba2_bsp/\libhal_bsp.a(alt_iic_isr_register.o)
 .debug_line    0x0000000000000355       0x6b ../prueba2_bsp/\libhal_bsp.a(alt_irq_entry.o)
 .debug_line    0x00000000000003c0       0xa5 ../prueba2_bsp/\libhal_bsp.a(alt_irq_handler.o)
 .debug_line    0x0000000000000465       0x50 ../prueba2_bsp/\libhal_bsp.a(alt_irq_vars.o)
 .debug_line    0x00000000000004b5       0xa4 ../prueba2_bsp/\libhal_bsp.a(alt_load.o)
 .debug_line    0x0000000000000559       0xbd ../prueba2_bsp/\libhal_bsp.a(alt_main.o)
 .debug_line    0x0000000000000616      0x11a ../prueba2_bsp/\libhal_bsp.a(alt_sys_init.o)
 .debug_line    0x0000000000000730       0x4e ../prueba2_bsp/\libhal_bsp.a(alt_dcache_flush_all.o)
 .debug_line    0x000000000000077e       0xb3 ../prueba2_bsp/\libhal_bsp.a(alt_exception_entry.o)
 .debug_line    0x0000000000000831       0x4e ../prueba2_bsp/\libhal_bsp.a(alt_icache_flush_all.o)
 .debug_line    0x000000000000087f       0xbf ../prueba2_bsp/\libhal_bsp.a(alt_instruction_exception_entry.o)
 .debug_line    0x000000000000093e       0x50 ../prueba2_bsp/\libhal_bsp.a(altera_nios2_gen2_irq.o)

.debug_frame    0x0000000000000000      0x2b8
 *(.debug_frame)
 .debug_frame   0x0000000000000000       0xdc obj/default/hello_world_small.o
 .debug_frame   0x00000000000000dc       0x50 ../prueba2_bsp/\libhal_bsp.a(alt_iic.o)
 .debug_frame   0x000000000000012c       0x30 ../prueba2_bsp/\libhal_bsp.a(alt_iic_isr_register.o)
 .debug_frame   0x000000000000015c       0x34 ../prueba2_bsp/\libhal_bsp.a(alt_irq_handler.o)
 .debug_frame   0x0000000000000190       0x30 ../prueba2_bsp/\libhal_bsp.a(alt_load.o)
 .debug_frame   0x00000000000001c0       0x2c ../prueba2_bsp/\libhal_bsp.a(alt_main.o)
 .debug_frame   0x00000000000001ec       0x3c ../prueba2_bsp/\libhal_bsp.a(alt_sys_init.o)
 .debug_frame   0x0000000000000228       0x20 ../prueba2_bsp/\libhal_bsp.a(alt_dcache_flush_all.o)
 .debug_frame   0x0000000000000248       0x20 ../prueba2_bsp/\libhal_bsp.a(alt_icache_flush_all.o)
 .debug_frame   0x0000000000000268       0x30 ../prueba2_bsp/\libhal_bsp.a(alt_instruction_exception_entry.o)
 .debug_frame   0x0000000000000298       0x20 ../prueba2_bsp/\libhal_bsp.a(altera_nios2_gen2_irq.o)

.debug_str      0x0000000000000000      0xba9
 *(.debug_str)
 .debug_str     0x0000000000000000      0x270 obj/default/hello_world_small.o
                                        0x2ca (size before relaxing)
 .debug_str     0x0000000000000270      0x141 ../prueba2_bsp/\libhal_bsp.a(alt_iic.o)
                                        0x25f (size before relaxing)
 .debug_str     0x00000000000003b1       0x37 ../prueba2_bsp/\libhal_bsp.a(alt_iic_isr_register.o)
                                        0x219 (size before relaxing)
 .debug_str     0x00000000000003e8       0x3a ../prueba2_bsp/\libhal_bsp.a(alt_irq_handler.o)
                                        0x1a3 (size before relaxing)
 .debug_str     0x0000000000000422       0x17 ../prueba2_bsp/\libhal_bsp.a(alt_irq_vars.o)
                                        0x146 (size before relaxing)
 .debug_str     0x0000000000000439      0x113 ../prueba2_bsp/\libhal_bsp.a(alt_load.o)
                                        0x248 (size before relaxing)
 .debug_str     0x000000000000054c       0x8f ../prueba2_bsp/\libhal_bsp.a(alt_main.o)
                                        0x1c1 (size before relaxing)
 .debug_str     0x00000000000005db       0xe5 ../prueba2_bsp/\libhal_bsp.a(alt_sys_init.o)
                                        0x26a (size before relaxing)
 .debug_str     0x00000000000006c0       0x1f ../prueba2_bsp/\libhal_bsp.a(alt_dcache_flush_all.o)
                                        0x161 (size before relaxing)
 .debug_str     0x00000000000006df       0x1f ../prueba2_bsp/\libhal_bsp.a(alt_icache_flush_all.o)
                                        0x161 (size before relaxing)
 .debug_str     0x00000000000006fe      0x48b ../prueba2_bsp/\libhal_bsp.a(alt_instruction_exception_entry.o)
                                        0x5ac (size before relaxing)
 .debug_str     0x0000000000000b89       0x20 ../prueba2_bsp/\libhal_bsp.a(altera_nios2_gen2_irq.o)
                                        0x168 (size before relaxing)

.debug_loc      0x0000000000000000      0x4e0
 *(.debug_loc)
 .debug_loc     0x0000000000000000       0xe5 obj/default/hello_world_small.o
 .debug_loc     0x00000000000000e5      0x170 ../prueba2_bsp/\libhal_bsp.a(alt_iic.o)
 .debug_loc     0x0000000000000255      0x193 ../prueba2_bsp/\libhal_bsp.a(alt_iic_isr_register.o)
 .debug_loc     0x00000000000003e8       0x72 ../prueba2_bsp/\libhal_bsp.a(alt_irq_handler.o)
 .debug_loc     0x000000000000045a       0x21 ../prueba2_bsp/\libhal_bsp.a(alt_sys_init.o)
 .debug_loc     0x000000000000047b       0x65 ../prueba2_bsp/\libhal_bsp.a(alt_instruction_exception_entry.o)

.debug_macinfo
 *(.debug_macinfo)

.debug_weaknames
 *(.debug_weaknames)

.debug_funcnames
 *(.debug_funcnames)

.debug_typenames
 *(.debug_typenames)

.debug_varnames
 *(.debug_varnames)

.debug_alt_sim_info
                0x0000000000000000       0x10
 *(.debug_alt_sim_info)
 .debug_alt_sim_info
                0x0000000000000000       0x10 ../prueba2_bsp//obj/HAL/src/crt0.o
                0x0000000000002000                __alt_data_end = 0x2000
                0x0000000000002000                PROVIDE (__alt_stack_pointer, __alt_data_end)
                [!provide]                        PROVIDE (__alt_stack_limit, __alt_stack_base)
                [!provide]                        PROVIDE (__alt_heap_start, end)
                [!provide]                        PROVIDE (__alt_heap_limit, 0x2000)
OUTPUT(prueba2.elf elf32-littlenios2)

.debug_ranges   0x0000000000000000      0x100
 .debug_ranges  0x0000000000000000       0x20 ../prueba2_bsp//obj/HAL/src/crt0.o
 .debug_ranges  0x0000000000000020       0x18 obj/default/hello_world_small.o
 .debug_ranges  0x0000000000000038       0x28 ../prueba2_bsp/\libhal_bsp.a(alt_irq_entry.o)
 .debug_ranges  0x0000000000000060       0x10 ../prueba2_bsp/\libhal_bsp.a(alt_irq_handler.o)
 .debug_ranges  0x0000000000000070       0x48 ../prueba2_bsp/\libhal_bsp.a(alt_load.o)
 .debug_ranges  0x00000000000000b8       0x30 ../prueba2_bsp/\libhal_bsp.a(alt_exception_entry.o)
 .debug_ranges  0x00000000000000e8       0x18 ../prueba2_bsp/\libhal_bsp.a(alt_instruction_exception_entry.o)
