Archive member included to satisfy reference by file (symbol)

../prueba2_bsp/\libhal_bsp.a(alt_iic.o)
                              obj/default/hello_world_small.o (alt_ic_isr_register)
../prueba2_bsp/\libhal_bsp.a(alt_iic_isr_register.o)
                              ../prueba2_bsp/\libhal_bsp.a(alt_iic.o) (alt_iic_isr_register)
../prueba2_bsp/\libhal_bsp.a(alt_irq_entry.o)
                              ../prueba2_bsp/\libhal_bsp.a(alt_iic_isr_register.o) (alt_irq_entry)
../prueba2_bsp/\libhal_bsp.a(alt_irq_handler.o)
                              ../prueba2_bsp/\libhal_bsp.a(alt_iic_isr_register.o) (alt_irq_handler)
../prueba2_bsp/\libhal_bsp.a(alt_irq_vars.o)
                              ../prueba2_bsp/\libhal_bsp.a(alt_iic.o) (alt_irq_active)
../prueba2_bsp/\libhal_bsp.a(alt_load.o)
                              ../prueba2_bsp//obj/HAL/src/crt0.o (alt_load)
../prueba2_bsp/\libhal_bsp.a(alt_main.o)
                              ../prueba2_bsp//obj/HAL/src/crt0.o (alt_main)
../prueba2_bsp/\libhal_bsp.a(alt_sys_init.o)
                              ../prueba2_bsp/\libhal_bsp.a(alt_main.o) (alt_irq_init)
../prueba2_bsp/\libhal_bsp.a(alt_dcache_flush_all.o)
                              ../prueba2_bsp/\libhal_bsp.a(alt_load.o) (alt_dcache_flush_all)
../prueba2_bsp/\libhal_bsp.a(alt_exception_entry.o)
                              ../prueba2_bsp/\libhal_bsp.a(alt_irq_entry.o) (alt_exception)
../prueba2_bsp/\libhal_bsp.a(alt_icache_flush_all.o)
                              ../prueba2_bsp/\libhal_bsp.a(alt_load.o) (alt_icache_flush_all)
../prueba2_bsp/\libhal_bsp.a(alt_instruction_exception_entry.o)
                              ../prueba2_bsp/\libhal_bsp.a(alt_exception_entry.o) (alt_instruction_exception_entry)
../prueba2_bsp/\libhal_bsp.a(altera_nios2_gen2_irq.o)
                              ../prueba2_bsp/\libhal_bsp.a(alt_sys_init.o) (altera_nios2_gen2_irq_init)

Allocating common symbols
Common symbol       size              file

alt_irq             0x100             ../prueba2_bsp/\libhal_bsp.a(alt_irq_handler.o)

Memory Configuration

Name             Origin             Length             Attributes
reset            0x0000000000001000 0x0000000000000020
onchip_memory2_0 0x0000000000001020 0x0000000000000fe0
*default*        0x0000000000000000 0xffffffffffffffff

Linker script and memory map

LOAD ../prueba2_bsp//obj/HAL/src/crt0.o
LOAD obj/default/hello_world_small.o
LOAD c:/intelfpga_lite/18.1/nios2eds/bin/gnu/h-x86_64-mingw32/bin/../lib/gcc/nios2-elf/5.3.0/../../../../../H-x86_64-mingw32/nios2-elf/lib/mno-hw-mul\libstdc++.a
LOAD c:/intelfpga_lite/18.1/nios2eds/bin/gnu/h-x86_64-mingw32/bin/../lib/gcc/nios2-elf/5.3.0/../../../../../H-x86_64-mingw32/nios2-elf/lib/mno-hw-mul\libm.a
LOAD c:/intelfpga_lite/18.1/nios2eds/bin/gnu/h-x86_64-mingw32/bin/../lib/gcc/nios2-elf/5.3.0/mno-hw-mul\libgcc.a
START GROUP
LOAD c:/intelfpga_lite/18.1/nios2eds/bin/gnu/h-x86_64-mingw32/bin/../lib/gcc/nios2-elf/5.3.0/../../../../../H-x86_64-mingw32/nios2-elf/lib/mno-hw-mul\libsmallc.a
LOAD c:/intelfpga_lite/18.1/nios2eds/bin/gnu/h-x86_64-mingw32/bin/../lib/gcc/nios2-elf/5.3.0/mno-hw-mul\libgcc.a
LOAD ../prueba2_bsp/\libhal_bsp.a
LOAD c:/intelfpga_lite/18.1/nios2eds/bin/gnu/h-x86_64-mingw32/bin/../lib/gcc/nios2-elf/5.3.0/../../../../../H-x86_64-mingw32/nios2-elf/lib/mno-hw-mul\libm.a
END GROUP
LOAD c:/intelfpga_lite/18.1/nios2eds/bin/gnu/h-x86_64-mingw32/bin/../lib/gcc/nios2-elf/5.3.0/mno-hw-mul\libgcc.a
                0x0000000000001000                __alt_mem_onchip_memory2_0 = 0x1000

.entry          0x0000000000001000       0x20
 *(.entry)
 .entry         0x0000000000001000       0x20 ../prueba2_bsp//obj/HAL/src/crt0.o
                0x0000000000001000                __reset
                0x000000000000100c                _exit

.exceptions     0x0000000000001020      0x160
                0x0000000000001020                PROVIDE (__ram_exceptions_start, ABSOLUTE (.))
                0x0000000000001020                . = ALIGN (0x20)
 *(.irq)
 *(.exceptions.entry.label)
 .exceptions.entry.label
                0x0000000000001020        0x0 ../prueba2_bsp/\libhal_bsp.a(alt_irq_entry.o)
                0x0000000000001020                alt_irq_entry
 .exceptions.entry.label
                0x0000000000001020        0x0 ../prueba2_bsp/\libhal_bsp.a(alt_exception_entry.o)
                0x0000000000001020                alt_exception
 *(.exceptions.entry.user)
 *(.exceptions.entry.ecc_fatal)
 *(.exceptions.entry)
 .exceptions.entry
                0x0000000000001020       0x54 ../prueba2_bsp/\libhal_bsp.a(alt_exception_entry.o)
 *(.exceptions.irqtest.user)
 *(.exceptions.irqtest)
 .exceptions.irqtest
                0x0000000000001074       0x10 ../prueba2_bsp/\libhal_bsp.a(alt_irq_entry.o)
 *(.exceptions.irqhandler.user)
 *(.exceptions.irqhandler)
 .exceptions.irqhandler
                0x0000000000001084        0x4 ../prueba2_bsp/\libhal_bsp.a(alt_irq_entry.o)
 *(.exceptions.irqreturn.user)
 *(.exceptions.irqreturn)
 .exceptions.irqreturn
                0x0000000000001088        0x4 ../prueba2_bsp/\libhal_bsp.a(alt_irq_entry.o)
 *(.exceptions.notirq.label)
 .exceptions.notirq.label
                0x000000000000108c        0x0 ../prueba2_bsp/\libhal_bsp.a(alt_irq_entry.o)
 *(.exceptions.notirq.user)
 *(.exceptions.notirq)
 .exceptions.notirq
                0x000000000000108c        0x8 ../prueba2_bsp/\libhal_bsp.a(alt_exception_entry.o)
 *(.exceptions.soft.user)
 *(.exceptions.soft)
 *(.exceptions.unknown.user)
 *(.exceptions.unknown)
 .exceptions.unknown
                0x0000000000001094       0x14 ../prueba2_bsp/\libhal_bsp.a(alt_exception_entry.o)
 *(.exceptions.exit.label)
 .exceptions.exit.label
                0x00000000000010a8        0x0 ../prueba2_bsp/\libhal_bsp.a(alt_irq_entry.o)
 .exceptions.exit.label
                0x00000000000010a8        0x0 ../prueba2_bsp/\libhal_bsp.a(alt_exception_entry.o)
 *(.exceptions.exit.user)
 *(.exceptions.exit)
 .exceptions.exit
                0x00000000000010a8       0x54 ../prueba2_bsp/\libhal_bsp.a(alt_exception_entry.o)
 *(.exceptions)
 .exceptions    0x00000000000010fc       0x60 ../prueba2_bsp/\libhal_bsp.a(alt_irq_handler.o)
                0x00000000000010fc                alt_irq_handler
 .exceptions    0x000000000000115c       0x24 ../prueba2_bsp/\libhal_bsp.a(alt_instruction_exception_entry.o)
                0x000000000000115c                alt_instruction_exception_entry
                0x0000000000001180                PROVIDE (__ram_exceptions_end, ABSOLUTE (.))
                0x0000000000001020                PROVIDE (__flash_exceptions_start, LOADADDR (.exceptions))

.text           0x0000000000001180      0x398
                [!provide]                        PROVIDE (stext, ABSOLUTE (.))
 *(.interp)
 *(.hash)
 *(.dynsym)
 *(.dynstr)
 *(.gnu.version)
 *(.gnu.version_d)
 *(.gnu.version_r)
 *(.rel.init)
 *(.rela.init)
 *(.rel.text .rel.text.* .rel.gnu.linkonce.t.*)
 *(.rela.text .rela.text.* .rela.gnu.linkonce.t.*)
 *(.rel.fini)
 *(.rela.fini)
 *(.rel.rodata .rel.rodata.* .rel.gnu.linkonce.r.*)
 *(.rela.rodata .rela.rodata.* .rela.gnu.linkonce.r.*)
 *(.rel.data .rel.data.* .rel.gnu.linkonce.d.*)
 *(.rela.data .rela.data.* .rela.gnu.linkonce.d.*)
 *(.rel.tdata .rel.tdata.* .rel.gnu.linkonce.td.*)
 *(.rela.tdata .rela.tdata.* .rela.gnu.linkonce.td.*)
 *(.rel.tbss .rel.tbss.* .rel.gnu.linkonce.tb.*)
 *(.rela.tbss .rela.tbss.* .rela.gnu.linkonce.tb.*)
 *(.rel.ctors)
 *(.rela.ctors)
 *(.rel.dtors)
 *(.rela.dtors)
 *(.rel.got)
 *(.rela.got)
 *(.rel.sdata .rel.sdata.* .rel.gnu.linkonce.s.*)
 *(.rela.sdata .rela.sdata.* .rela.gnu.linkonce.s.*)
 *(.rel.sbss .rel.sbss.* .rel.gnu.linkonce.sb.*)
 *(.rela.sbss .rela.sbss.* .rela.gnu.linkonce.sb.*)
 *(.rel.sdata2 .rel.sdata2.* .rel.gnu.linkonce.s2.*)
 *(.rela.sdata2 .rela.sdata2.* .rela.gnu.linkonce.s2.*)
 *(.rel.sbss2 .rel.sbss2.* .rel.gnu.linkonce.sb2.*)
 *(.rela.sbss2 .rela.sbss2.* .rela.gnu.linkonce.sb2.*)
 *(.rel.bss .rel.bss.* .rel.gnu.linkonce.b.*)
 *(.rela.bss .rela.bss.* .rela.gnu.linkonce.b.*)
 *(.rel.plt)
 *(.rela.plt)
 *(.rel.dyn)
 *(.init)
 *(.plt)
 *(.text .stub .text.* .gnu.linkonce.t.*)
 .text          0x0000000000001180       0x3c ../prueba2_bsp//obj/HAL/src/crt0.o
                0x0000000000001180                _start
 .text          0x00000000000011bc       0xa4 obj/default/hello_world_small.o
                0x0000000000001224                init_timer_interrupt
 .text.startup  0x0000000000001260       0x10 obj/default/hello_world_small.o
                0x0000000000001260                main
 .text          0x0000000000001270       0x8c ../prueba2_bsp/\libhal_bsp.a(alt_iic.o)
                0x0000000000001270                alt_ic_isr_register
                0x0000000000001274                alt_ic_irq_enable
                0x00000000000012ac                alt_ic_irq_disable
                0x00000000000012e4                alt_ic_irq_enabled
 .text          0x00000000000012fc       0x68 ../prueba2_bsp/\libhal_bsp.a(alt_iic_isr_register.o)
                0x00000000000012fc                alt_iic_isr_register
 .text          0x0000000000001364        0x0 ../prueba2_bsp/\libhal_bsp.a(alt_irq_entry.o)
 .text          0x0000000000001364        0x0 ../prueba2_bsp/\libhal_bsp.a(alt_irq_handler.o)
 .text          0x0000000000001364        0x0 ../prueba2_bsp/\libhal_bsp.a(alt_irq_vars.o)
 .text          0x0000000000001364       0xe0 ../prueba2_bsp/\libhal_bsp.a(alt_load.o)
                0x0000000000001364                alt_load
 .text          0x0000000000001444       0x2c ../prueba2_bsp/\libhal_bsp.a(alt_main.o)
                0x0000000000001444                alt_main
 .text          0x0000000000001470       0x24 ../prueba2_bsp/\libhal_bsp.a(alt_sys_init.o)
                0x0000000000001470                alt_irq_init
                0x0000000000001490                alt_sys_init
 .text          0x0000000000001494        0x4 ../prueba2_bsp/\libhal_bsp.a(alt_dcache_flush_all.o)
                0x0000000000001494                alt_dcache_flush_all
 .text          0x0000000000001498        0x0 ../prueba2_bsp/\libhal_bsp.a(alt_exception_entry.o)
 .text          0x0000000000001498        0x4 ../prueba2_bsp/\libhal_bsp.a(alt_icache_flush_all.o)
                0x0000000000001498                alt_icache_flush_all
 .text          0x000000000000149c       0x74 ../prueba2_bsp/\libhal_bsp.a(alt_instruction_exception_entry.o)
                0x000000000000149c                alt_exception_cause_generated_bad_addr
 .text          0x0000000000001510        0x8 ../prueba2_bsp/\libhal_bsp.a(altera_nios2_gen2_irq.o)
                0x0000000000001510                altera_nios2_gen2_irq_init
 *(.gnu.warning.*)
 *(.fini)
                [!provide]                        PROVIDE (__etext, ABSOLUTE (.))
                [!provide]                        PROVIDE (_etext, ABSOLUTE (.))
                [!provide]                        PROVIDE (etext, ABSOLUTE (.))
 *(.eh_frame_hdr)
                0x0000000000001518                . = ALIGN (0x4)
                [!provide]                        PROVIDE (__preinit_array_start, ABSOLUTE (.))
 *(.preinit_array)
                [!provide]                        PROVIDE (__preinit_array_end, ABSOLUTE (.))
                [!provide]                        PROVIDE (__init_array_start, ABSOLUTE (.))
 *(.init_array)
                [!provide]                        PROVIDE (__init_array_end, ABSOLUTE (.))
                [!provide]                        PROVIDE (__fini_array_start, ABSOLUTE (.))
 *(.fini_array)
                [!provide]                        PROVIDE (__fini_array_end, ABSOLUTE (.))
 *(.eh_frame)
 *(.gcc_except_table .gcc_except_table.*)
 *(.dynamic)
                [!provide]                        PROVIDE (__CTOR_LIST__, ABSOLUTE (.))
 *(.ctors)
 *(SORT(.ctors.*))
                [!provide]                        PROVIDE (__CTOR_END__, ABSOLUTE (.))
                [!provide]                        PROVIDE (__DTOR_LIST__, ABSOLUTE (.))
 *(.dtors)
 *(SORT(.dtors.*))
                [!provide]                        PROVIDE (__DTOR_END__, ABSOLUTE (.))
 *(.jcr)
                0x0000000000001518                . = ALIGN (0x4)

.rodata         0x0000000000001518        0x0
                0x0000000000001518                PROVIDE (__ram_rodata_start, ABSOLUTE (.))
                0x0000000000001518                . = ALIGN (0x4)
 *(.rodata .rodata.* .gnu.linkonce.r.*)
 *(.rodata1)
                0x0000000000001518                . = ALIGN (0x4)
                0x0000000000001518                PROVIDE (__ram_rodata_end, ABSOLUTE (.))
                0x0000000000001518                PROVIDE (__flash_rodata_start, LOADADDR (.rodata))

.rwdata         0x0000000000001518        0x8 load address 0x0000000000001520
                0x0000000000001518                PROVIDE (__ram_rwdata_start, ABSOLUTE (.))
                0x0000000000001518                . = ALIGN (0x4)
 *(.got.plt)
 *(.got)
 *(.data1)
 *(.data .data.* .gnu.linkonce.d.*)
 .data          0x0000000000001518        0x0 ../prueba2_bsp//obj/HAL/src/crt0.o
 .data          0x0000000000001518        0x0 obj/default/hello_world_small.o
 .data          0x0000000000001518        0x0 ../prueba2_bsp/\libhal_bsp.a(alt_iic.o)
 .data          0x0000000000001518        0x0 ../prueba2_bsp/\libhal_bsp.a(alt_iic_isr_register.o)
 .data          0x0000000000001518        0x0 ../prueba2_bsp/\libhal_bsp.a(alt_irq_entry.o)
 .data          0x0000000000001518        0x0 ../prueba2_bsp/\libhal_bsp.a(alt_irq_handler.o)
 .data          0x0000000000001518        0x0 ../prueba2_bsp/\libhal_bsp.a(alt_irq_vars.o)
 .data          0x0000000000001518        0x0 ../prueba2_bsp/\libhal_bsp.a(alt_load.o)
 .data          0x0000000000001518        0x0 ../prueba2_bsp/\libhal_bsp.a(alt_main.o)
 .data          0x0000000000001518        0x0 ../prueba2_bsp/\libhal_bsp.a(alt_sys_init.o)
 .data          0x0000000000001518        0x0 ../prueba2_bsp/\libhal_bsp.a(alt_dcache_flush_all.o)
 .data          0x0000000000001518        0x0 ../prueba2_bsp/\libhal_bsp.a(alt_exception_entry.o)
 .data          0x0000000000001518        0x0 ../prueba2_bsp/\libhal_bsp.a(alt_icache_flush_all.o)
 .data          0x0000000000001518        0x0 ../prueba2_bsp/\libhal_bsp.a(alt_instruction_exception_entry.o)
 .data          0x0000000000001518        0x0 ../prueba2_bsp/\libhal_bsp.a(altera_nios2_gen2_irq.o)
                0x0000000000009518                _gp = ABSOLUTE ((. + 0x8000))
                [!provide]                        PROVIDE (gp, _gp)
 *(.rwdata .rwdata.*)
 *(.sdata .sdata.* .gnu.linkonce.s.*)
 .sdata         0x0000000000001518        0x4 ../prueba2_bsp/\libhal_bsp.a(alt_irq_vars.o)
                0x0000000000001518                alt_priority_mask
 .sdata         0x000000000000151c        0x4 ../prueba2_bsp/\libhal_bsp.a(alt_sys_init.o)
                0x000000000000151c                jtag_uart_0
 *(.sdata2 .sdata2.* .gnu.linkonce.s2.*)
                0x0000000000001520                . = ALIGN (0x4)
                0x0000000000001520                _edata = ABSOLUTE (.)
                [!provide]                        PROVIDE (edata, ABSOLUTE (.))
                0x0000000000001520                PROVIDE (__ram_rwdata_end, ABSOLUTE (.))
                0x0000000000001520                PROVIDE (__flash_rwdata_start, LOADADDR (.rwdata))

.bss            0x0000000000001528      0x118
                0x0000000000001528                __bss_start = ABSOLUTE (.)
                [!provide]                        PROVIDE (__sbss_start, ABSOLUTE (.))
                [!provide]                        PROVIDE (___sbss_start, ABSOLUTE (.))
 *(.dynsbss)
 *(.sbss .sbss.* .gnu.linkonce.sb.*)
 .sbss          0x0000000000001528        0x4 obj/default/hello_world_small.o
 .sbss          0x000000000000152c        0x4 ../prueba2_bsp/\libhal_bsp.a(alt_irq_vars.o)
                0x000000000000152c                alt_irq_active
 .sbss          0x0000000000001530        0xc ../prueba2_bsp/\libhal_bsp.a(alt_main.o)
                0x0000000000001530                alt_envp
                0x0000000000001534                alt_argv
                0x0000000000001538                alt_argc
 .sbss          0x000000000000153c        0x4 ../prueba2_bsp/\libhal_bsp.a(alt_instruction_exception_entry.o)
                0x000000000000153c                alt_instruction_exception_handler
 *(.sbss2 .sbss2.* .gnu.linkonce.sb2.*)
 *(.scommon)
                [!provide]                        PROVIDE (__sbss_end, ABSOLUTE (.))
                [!provide]                        PROVIDE (___sbss_end, ABSOLUTE (.))
 *(.dynbss)
 *(.bss .bss.* .gnu.linkonce.b.*)
 .bss           0x0000000000001540        0x0 ../prueba2_bsp//obj/HAL/src/crt0.o
 .bss           0x0000000000001540        0x0 obj/default/hello_world_small.o
 .bss           0x0000000000001540        0x0 ../prueba2_bsp/\libhal_bsp.a(alt_iic.o)
 .bss           0x0000000000001540        0x0 ../prueba2_bsp/\libhal_bsp.a(alt_iic_isr_register.o)
 .bss           0x0000000000001540        0x0 ../prueba2_bsp/\libhal_bsp.a(alt_irq_entry.o)
 .bss           0x0000000000001540        0x0 ../prueba2_bsp/\libhal_bsp.a(alt_irq_handler.o)
 .bss           0x0000000000001540        0x0 ../prueba2_bsp/\libhal_bsp.a(alt_irq_vars.o)
 .bss           0x0000000000001540        0x0 ../prueba2_bsp/\libhal_bsp.a(alt_load.o)
 .bss           0x0000000000001540        0x0 ../prueba2_bsp/\libhal_bsp.a(alt_main.o)
 .bss           0x0000000000001540        0x0 ../prueba2_bsp/\libhal_bsp.a(alt_sys_init.o)
 .bss           0x0000000000001540        0x0 ../prueba2_bsp/\libhal_bsp.a(alt_dcache_flush_all.o)
 .bss           0x0000000000001540        0x0 ../prueba2_bsp/\libhal_bsp.a(alt_exception_entry.o)
 .bss           0x0000000000001540        0x0 ../prueba2_bsp/\libhal_bsp.a(alt_icache_flush_all.o)
 .bss           0x0000000000001540        0x0 ../prueba2_bsp/\libhal_bsp.a(alt_instruction_exception_entry.o)
 .bss           0x0000000000001540        0x0 ../prueba2_bsp/\libhal_bsp.a(altera_nios2_gen2_irq.o)
 *(COMMON)
 COMMON         0x0000000000001540      0x100 ../prueba2_bsp/\libhal_bsp.a(alt_irq_handler.o)
                0x0000000000001540                alt_irq
                0x0000000000001640                . = ALIGN (0x4)
                0x0000000000001640                __bss_end = ABSOLUTE (.)

.onchip_memory2_0
                0x0000000000001640        0x0
                [!provide]                        PROVIDE (_alt_partition_onchip_memory2_0_start, ABSOLUTE (.))
 *(.onchip_memory2_0 .onchip_memory2_0. onchip_memory2_0.*)
                0x0000000000001640                . = ALIGN (0x4)
                [!provide]                        PROVIDE (_alt_partition_onchip_memory2_0_end, ABSOLUTE (.))
                0x0000000000001640                _end = ABSOLUTE (.)
                0x0000000000001640                end = ABSOLUTE (.)
                0x0000000000001640                __alt_stack_base = ABSOLUTE (.)
                [!provide]                        PROVIDE (_alt_partition_onchip_memory2_0_load_addr, LOADADDR (.onchip_memory2_0))

.stab
 *(.stab)

.stabstr
 *(.stabstr)

.stab.excl
 *(.stab.excl)

.stab.exclstr
 *(.stab.exclstr)

.stab.index
 *(.stab.index)

.stab.indexstr
 *(.stab.indexstr)

.comment        0x0000000000000000       0x23
 *(.comment)
 .comment       0x0000000000000000       0x23 obj/default/hello_world_small.o
                                         0x24 (size before relaxing)
 .comment       0x0000000000000023       0x24 ../prueba2_bsp/\libhal_bsp.a(alt_iic.o)
 .comment       0x0000000000000023       0x24 ../prueba2_bsp/\libhal_bsp.a(alt_iic_isr_register.o)
 .comment       0x0000000000000023       0x24 ../prueba2_bsp/\libhal_bsp.a(alt_irq_handler.o)
 .comment       0x0000000000000023       0x24 ../prueba2_bsp/\libhal_bsp.a(alt_irq_vars.o)
 .comment       0x0000000000000023       0x24 ../prueba2_bsp/\libhal_bsp.a(alt_load.o)
 .comment       0x0000000000000023       0x24 ../prueba2_bsp/\libhal_bsp.a(alt_main.o)
 .comment       0x0000000000000023       0x24 ../prueba2_bsp/\libhal_bsp.a(alt_sys_init.o)
 .comment       0x0000000000000023       0x24 ../prueba2_bsp/\libhal_bsp.a(alt_dcache_flush_all.o)
 .comment       0x0000000000000023       0x24 ../prueba2_bsp/\libhal_bsp.a(alt_icache_flush_all.o)
 .comment       0x0000000000000023       0x24 ../prueba2_bsp/\libhal_bsp.a(alt_instruction_exception_entry.o)
 .comment       0x0000000000000023       0x24 ../prueba2_bsp/\libhal_bsp.a(altera_nios2_gen2_irq.o)

.debug
 *(.debug)

.line
 *(.line)

.debug_srcinfo
 *(.debug_srcinfo)

.debug_sfnames
 *(.debug_sfnames)

.debug_aranges  0x0000000000000000      0x218
 *(.debug_aranges)
 .debug_aranges
                0x0000000000000000       0x28 ../prueba2_bsp//obj/HAL/src/crt0.o
 .debug_aranges
                0x0000000000000028       0x28 obj/default/hello_world_small.o
 .debug_aranges
                0x0000000000000050       0x20 ../prueba2_bsp/\libhal_bsp.a(alt_iic.o)
 .debug_aranges
                0x0000000000000070       0x20 ../prueba2_bsp/\libhal_bsp.a(alt_iic_isr_register.o)
 .debug_aranges
                0x0000000000000090       0x30 ../prueba2_bsp/\libhal_bsp.a(alt_irq_entry.o)
 .debug_aranges
                0x00000000000000c0       0x20 ../prueba2_bsp/\libhal_bsp.a(alt_irq_handler.o)
 .debug_aranges
                0x00000000000000e0       0x18 ../prueba2_bsp/\libhal_bsp.a(alt_irq_vars.o)
 .debug_aranges
                0x00000000000000f8       0x20 ../prueba2_bsp/\libhal_bsp.a(alt_load.o)
 .debug_aranges
                0x0000000000000118       0x20 ../prueba2_bsp/\libhal_bsp.a(alt_main.o)
 .debug_aranges
                0x0000000000000138       0x20 ../prueba2_bsp/\libhal_bsp.a(alt_sys_init.o)
 .debug_aranges
                0x0000000000000158       0x20 ../prueba2_bsp/\libhal_bsp.a(alt_dcache_flush_all.o)
 .debug_aranges
                0x0000000000000178       0x38 ../prueba2_bsp/\libhal_bsp.a(alt_exception_entry.o)
 .debug_aranges
                0x00000000000001b0       0x20 ../prueba2_bsp/\libhal_bsp.a(alt_icache_flush_all.o)
 .debug_aranges
                0x00000000000001d0       0x28 ../prueba2_bsp/\libhal_bsp.a(alt_instruction_exception_entry.o)
 .debug_aranges
                0x00000000000001f8       0x20 ../prueba2_bsp/\libhal_bsp.a(altera_nios2_gen2_irq.o)

.debug_pubnames
 *(.debug_pubnames)

.debug_info     0x0000000000000000     0x1370
 *(.debug_info .gnu.linkonce.wi.*)
 .debug_info    0x0000000000000000       0x7a ../prueba2_bsp//obj/HAL/src/crt0.o
 .debug_info    0x000000000000007a      0x1a0 obj/default/hello_world_small.o
 .debug_info    0x000000000000021a      0x38a ../prueba2_bsp/\libhal_bsp.a(alt_iic.o)
 .debug_info    0x00000000000005a4      0x232 ../prueba2_bsp/\libhal_bsp.a(alt_iic_isr_register.o)
 .debug_info    0x00000000000007d6       0x83 ../prueba2_bsp/\libhal_bsp.a(alt_irq_entry.o)
 .debug_info    0x0000000000000859      0x184 ../prueba2_bsp/\libhal_bsp.a(alt_irq_handler.o)
 .debug_info    0x00000000000009dd       0x88 ../prueba2_bsp/\libhal_bsp.a(alt_irq_vars.o)
 .debug_info    0x0000000000000a65      0x1c9 ../prueba2_bsp/\libhal_bsp.a(alt_load.o)
 .debug_info    0x0000000000000c2e      0x169 ../prueba2_bsp/\libhal_bsp.a(alt_main.o)
 .debug_info    0x0000000000000d97      0x19d ../prueba2_bsp/\libhal_bsp.a(alt_sys_init.o)
 .debug_info    0x0000000000000f34       0x92 ../prueba2_bsp/\libhal_bsp.a(alt_dcache_flush_all.o)
 .debug_info    0x0000000000000fc6       0x89 ../prueba2_bsp/\libhal_bsp.a(alt_exception_entry.o)
 .debug_info    0x000000000000104f       0x92 ../prueba2_bsp/\libhal_bsp.a(alt_icache_flush_all.o)
 .debug_info    0x00000000000010e1      0x1fd ../prueba2_bsp/\libhal_bsp.a(alt_instruction_exception_entry.o)
 .debug_info    0x00000000000012de       0x92 ../prueba2_bsp/\libhal_bsp.a(altera_nios2_gen2_irq.o)

.debug_abbrev   0x0000000000000000      0xa5f
 *(.debug_abbrev)
 .debug_abbrev  0x0000000000000000       0x12 ../prueba2_bsp//obj/HAL/src/crt0.o
 .debug_abbrev  0x0000000000000012      0x10c obj/default/hello_world_small.o
 .debug_abbrev  0x000000000000011e      0x1a0 ../prueba2_bsp/\libhal_bsp.a(alt_iic.o)
 .debug_abbrev  0x00000000000002be      0x19c ../prueba2_bsp/\libhal_bsp.a(alt_iic_isr_register.o)
 .debug_abbrev  0x000000000000045a       0x12 ../prueba2_bsp/\libhal_bsp.a(alt_irq_entry.o)
 .debug_abbrev  0x000000000000046c      0x120 ../prueba2_bsp/\libhal_bsp.a(alt_irq_handler.o)
 .debug_abbrev  0x000000000000058c       0x40 ../prueba2_bsp/\libhal_bsp.a(alt_irq_vars.o)
 .debug_abbrev  0x00000000000005cc       0xd8 ../prueba2_bsp/\libhal_bsp.a(alt_load.o)
 .debug_abbrev  0x00000000000006a4       0xee ../prueba2_bsp/\libhal_bsp.a(alt_main.o)
 .debug_abbrev  0x0000000000000792      0x10e ../prueba2_bsp/\libhal_bsp.a(alt_sys_init.o)
 .debug_abbrev  0x00000000000008a0       0x42 ../prueba2_bsp/\libhal_bsp.a(alt_dcache_flush_all.o)
 .debug_abbrev  0x00000000000008e2       0x12 ../prueba2_bsp/\libhal_bsp.a(alt_exception_entry.o)
 .debug_abbrev  0x00000000000008f4       0x42 ../prueba2_bsp/\libhal_bsp.a(alt_icache_flush_all.o)
 .debug_abbrev  0x0000000000000936       0xe7 ../prueba2_bsp/\libhal_bsp.a(alt_instruction_exception_entry.o)
 .debug_abbrev  0x0000000000000a1d       0x42 ../prueba2_bsp/\libhal_bsp.a(altera_nios2_gen2_irq.o)

.debug_line     0x0000000000000000      0x91d
 *(.debug_line)
 .debug_line    0x0000000000000000       0x66 ../prueba2_bsp//obj/HAL/src/crt0.o
 .debug_line    0x0000000000000066       0xb7 obj/default/hello_world_small.o
 .debug_line    0x000000000000011d       0xf1 ../prueba2_bsp/\libhal_bsp.a(alt_iic.o)
 .debug_line    0x000000000000020e       0xd6 ../prueba2_bsp/\libhal_bsp.a(alt_iic_isr_register.o)
 .debug_line    0x00000000000002e4       0x6b ../prueba2_bsp/\libhal_bsp.a(alt_irq_entry.o)
 .debug_line    0x000000000000034f       0xa5 ../prueba2_bsp/\libhal_bsp.a(alt_irq_handler.o)
 .debug_line    0x00000000000003f4       0x50 ../prueba2_bsp/\libhal_bsp.a(alt_irq_vars.o)
 .debug_line    0x0000000000000444       0xa4 ../prueba2_bsp/\libhal_bsp.a(alt_load.o)
 .debug_line    0x00000000000004e8       0xbd ../prueba2_bsp/\libhal_bsp.a(alt_main.o)
 .debug_line    0x00000000000005a5      0x11a ../prueba2_bsp/\libhal_bsp.a(alt_sys_init.o)
 .debug_line    0x00000000000006bf       0x4e ../prueba2_bsp/\libhal_bsp.a(alt_dcache_flush_all.o)
 .debug_line    0x000000000000070d       0xb3 ../prueba2_bsp/\libhal_bsp.a(alt_exception_entry.o)
 .debug_line    0x00000000000007c0       0x4e ../prueba2_bsp/\libhal_bsp.a(alt_icache_flush_all.o)
 .debug_line    0x000000000000080e       0xbf ../prueba2_bsp/\libhal_bsp.a(alt_instruction_exception_entry.o)
 .debug_line    0x00000000000008cd       0x50 ../prueba2_bsp/\libhal_bsp.a(altera_nios2_gen2_irq.o)

.debug_frame    0x0000000000000000      0x230
 *(.debug_frame)
 .debug_frame   0x0000000000000000       0x54 obj/default/hello_world_small.o
 .debug_frame   0x0000000000000054       0x50 ../prueba2_bsp/\libhal_bsp.a(alt_iic.o)
 .debug_frame   0x00000000000000a4       0x30 ../prueba2_bsp/\libhal_bsp.a(alt_iic_isr_register.o)
 .debug_frame   0x00000000000000d4       0x34 ../prueba2_bsp/\libhal_bsp.a(alt_irq_handler.o)
 .debug_frame   0x0000000000000108       0x30 ../prueba2_bsp/\libhal_bsp.a(alt_load.o)
 .debug_frame   0x0000000000000138       0x2c ../prueba2_bsp/\libhal_bsp.a(alt_main.o)
 .debug_frame   0x0000000000000164       0x3c ../prueba2_bsp/\libhal_bsp.a(alt_sys_init.o)
 .debug_frame   0x00000000000001a0       0x20 ../prueba2_bsp/\libhal_bsp.a(alt_dcache_flush_all.o)
 .debug_frame   0x00000000000001c0       0x20 ../prueba2_bsp/\libhal_bsp.a(alt_icache_flush_all.o)
 .debug_frame   0x00000000000001e0       0x30 ../prueba2_bsp/\libhal_bsp.a(alt_instruction_exception_entry.o)
 .debug_frame   0x0000000000000210       0x20 ../prueba2_bsp/\libhal_bsp.a(altera_nios2_gen2_irq.o)

.debug_str      0x0000000000000000      0xaa5
 *(.debug_str)
 .debug_str     0x0000000000000000      0x165 obj/default/hello_world_small.o
                                        0x1ab (size before relaxing)
 .debug_str     0x0000000000000165      0x148 ../prueba2_bsp/\libhal_bsp.a(alt_iic.o)
                                        0x25f (size before relaxing)
 .debug_str     0x00000000000002ad       0x37 ../prueba2_bsp/\libhal_bsp.a(alt_iic_isr_register.o)
                                        0x219 (size before relaxing)
 .debug_str     0x00000000000002e4       0x3a ../prueba2_bsp/\libhal_bsp.a(alt_irq_handler.o)
                                        0x1a3 (size before relaxing)
 .debug_str     0x000000000000031e       0x17 ../prueba2_bsp/\libhal_bsp.a(alt_irq_vars.o)
                                        0x146 (size before relaxing)
 .debug_str     0x0000000000000335      0x113 ../prueba2_bsp/\libhal_bsp.a(alt_load.o)
                                        0x248 (size before relaxing)
 .debug_str     0x0000000000000448       0x8f ../prueba2_bsp/\libhal_bsp.a(alt_main.o)
                                        0x1c1 (size before relaxing)
 .debug_str     0x00000000000004d7       0xe5 ../prueba2_bsp/\libhal_bsp.a(alt_sys_init.o)
                                        0x26a (size before relaxing)
 .debug_str     0x00000000000005bc       0x1f ../prueba2_bsp/\libhal_bsp.a(alt_dcache_flush_all.o)
                                        0x161 (size before relaxing)
 .debug_str     0x00000000000005db       0x1f ../prueba2_bsp/\libhal_bsp.a(alt_icache_flush_all.o)
                                        0x161 (size before relaxing)
 .debug_str     0x00000000000005fa      0x48b ../prueba2_bsp/\libhal_bsp.a(alt_instruction_exception_entry.o)
                                        0x5ac (size before relaxing)
 .debug_str     0x0000000000000a85       0x20 ../prueba2_bsp/\libhal_bsp.a(altera_nios2_gen2_irq.o)
                                        0x168 (size before relaxing)

.debug_loc      0x0000000000000000      0x456
 *(.debug_loc)
 .debug_loc     0x0000000000000000       0x5b obj/default/hello_world_small.o
 .debug_loc     0x000000000000005b      0x170 ../prueba2_bsp/\libhal_bsp.a(alt_iic.o)
 .debug_loc     0x00000000000001cb      0x193 ../prueba2_bsp/\libhal_bsp.a(alt_iic_isr_register.o)
 .debug_loc     0x000000000000035e       0x72 ../prueba2_bsp/\libhal_bsp.a(alt_irq_handler.o)
 .debug_loc     0x00000000000003d0       0x21 ../prueba2_bsp/\libhal_bsp.a(alt_sys_init.o)
 .debug_loc     0x00000000000003f1       0x65 ../prueba2_bsp/\libhal_bsp.a(alt_instruction_exception_entry.o)

.debug_macinfo
 *(.debug_macinfo)

.debug_weaknames
 *(.debug_weaknames)

.debug_funcnames
 *(.debug_funcnames)

.debug_typenames
 *(.debug_typenames)

.debug_varnames
 *(.debug_varnames)

.debug_alt_sim_info
                0x0000000000000000       0x10
 *(.debug_alt_sim_info)
 .debug_alt_sim_info
                0x0000000000000000       0x10 ../prueba2_bsp//obj/HAL/src/crt0.o
                0x0000000000002000                __alt_data_end = 0x2000
                0x0000000000002000                PROVIDE (__alt_stack_pointer, __alt_data_end)
                [!provide]                        PROVIDE (__alt_stack_limit, __alt_stack_base)
                [!provide]                        PROVIDE (__alt_heap_start, end)
                [!provide]                        PROVIDE (__alt_heap_limit, 0x2000)
OUTPUT(prueba2.elf elf32-littlenios2)

.debug_ranges   0x0000000000000000      0x100
 .debug_ranges  0x0000000000000000       0x20 ../prueba2_bsp//obj/HAL/src/crt0.o
 .debug_ranges  0x0000000000000020       0x18 obj/default/hello_world_small.o
 .debug_ranges  0x0000000000000038       0x28 ../prueba2_bsp/\libhal_bsp.a(alt_irq_entry.o)
 .debug_ranges  0x0000000000000060       0x10 ../prueba2_bsp/\libhal_bsp.a(alt_irq_handler.o)
 .debug_ranges  0x0000000000000070       0x48 ../prueba2_bsp/\libhal_bsp.a(alt_load.o)
 .debug_ranges  0x00000000000000b8       0x30 ../prueba2_bsp/\libhal_bsp.a(alt_exception_entry.o)
 .debug_ranges  0x00000000000000e8       0x18 ../prueba2_bsp/\libhal_bsp.a(alt_instruction_exception_entry.o)
